Script started on 2026-05-15 09:37:09+02:00 [COMMAND="sudo picocom -b 115200 -f n /dev/ttyUSB0" TERM="xterm-256color" TTY="/dev/pts/5" COLUMNS="57" LINES="26"]
[sudo] password for mgta29: 
picocom v3.1

port is        : /dev/ttyUSB0
flowcontrol    : none
baudrate is    : 115200
parity is      : none
databits are   : 8
stopbits are   : 1
escape is      : C-a
local echo is  : no
noinit is      : no
noreset is     : no
hangup is      : no
nolock is      : no
send_cmd is    : sz -vv
receive_cmd is : rz -vv -E
imap is        : 
omap is        : 
emap is        : crcrlf,delbs,
logfile is     : none
initstring     : none
exit_after is  : not set
exit is        : no

Type [C-a] [C-h] to see available commands
Terminal ready

root@(none):~# [  230.746706] kmodloader: loading kernel modules from /etc/modules.d/*
[  240.714780] PPP generic driver version 2.4.2
[  241.065793] NET: Registered PF_PPPOX protocol family
[  242.098867] kmodloader: done loading kernel modules from /etc/modules.d/*
dmesg | grep -i eth
root@(none):~# d[  267.515228] ttyS ttyS0: 1 input overrun(s)
mesw
-ash: dmesw: not found
root@(none):~# dmesg | grep -i enetsw
root@(none):~# ip link
1: lo: <LOOPBACK> mtu 65536 qdisc noop state DOWN qlen 1000
    link/loopback 00:00:00:00:00:00 brd 00:00:00:00:00:00
root@(none):~# cat /proc/iomem
00010000-013b88bf : System RAM
  00010000-0083dc8f : Kernel code
  0083dc90-00a9ea3f : Kernel data
  01380000-013b88bf : Kernel bss
06000000-07ffffff : System RAM
0e000000-0fffffff : System RAM
14e00500-14e00517 : 14e00500.serial serial@14e00520
root@(none):~# cat /proc/interrupts
           CPU0       
  0:          0      MIPS   0  smp_ipi0
  1:          0      MIPS   1  smp_ipi1
  7:      28798      MIPS   7  timer
  8:        386  periph_intc@14e00048   2  14e00500.serial
ERR:          2
root@(none):~# 
Terminating...
Thanks for using picocom

Script done on 2026-05-15 09:38:49+02:00 [COMMAND_EXIT_CODE="0"]
