
BCM3383A2 
Sync: 0 
MemSize:            128 M
Chip ID:     BCM3383Z-B0

BootLoader Version: 2.4.0alpha18p1 Pre-release Gnu spiboot dual-flash reduced DDR drive linux
Build Date: Aug 14 2012
Build Time: 09:48:58
SPI flash ID 0xc22014, size 1MB, block size 64KB, write buffer 256, flags 0x0
NAND flash: Device size 64 MB, Block size 16 KB, Page size 512 B
Cust key size 128
parameter offset is 43872

Signature/PID: a825

Switch detected: 53125
ProbePhy: Found PHY 0, MDIO on MAC 0, data on MAC 0
Using GMAC0, phy 0

Enet link up: 1G full


Main Menu:
==========
  b) Boot from flash
  c) Check DRAM
  g) Download and run from RAM
  d) Download and save to flash
  e) Erase flash sector
  m) Set mode
  s) Store bootloader parameters to flash
  i) Re-init ethernet
  r) Read memory
  w) Write memory
  j) Jump to arbitrary address
  p) Print flash partition map
  E) Erase flash region/partition
  X) Erase all of flash except the bootloader
  z) Reset

TFTP Get Selected

Destination: a5f00000

Destination: a5f00000
Starting TFTP of openwrt-ps-irqfallback.bin from 192.168.77.2
Getting openwrt-ps-irqfallback.bin using octet mode


Main Menu:
==========
  b) Boot from flash
  c) Check DRAM
  g) Download and run from RAM
  d) Download and save to flash
  e) Erase flash sector
  m) Set mode
  s) Store bootloader parameters to flash
  i) Re-init ethernet
  r) Read memory
  w) Write memory
  j) Jump to arbitrary address
  p) Print flash partition map
  E) Erase flash region/partition
  X) Erase all of flash except the bootloader
  z) Reset

Tftp timeout...
Tftp timeout...
Received packet for invalid session...
Tftp timeout...
..........................................................................................................................................................................................Received packet for invalid session...
..........................................................................................................................................................................................................................................................................................................................................................................................................................................................................................................Received packet for invalid session...
.............................................................................................................................................................................................................................................................................................................................................................................Received packet for invalid session...
.............................................................................................................................................................................................................................................................................................................................................................................................................................................................................................................................................................................................................Received packet for invalid session...
.................................................................................................................................................................................................................................................................................................................................................................................................................................Received packet for invalid session...
.........................................................................................................................................................................................................................................................................................................................................................................................................................................................
Tftp complete
Received 5097419 bytes

Image 3 Program Header:
   Signature: a825
     Control: 0000
   Major Rev: 0100
   Minor Rev: 04ff
  Build Time: 2026/5/13 21:00:32 Z
 File Length: 5097327 bytes
Load Address: 82000000
    Filename: openwrt-initramfs.bin
         HCS: 3c5c
         CRC: 00000000

Bypassing CRC Verifiction on Image 4...
CRC time = 316
Loading non-compressed image 4...
Target Address: 0x82000000
Length: 5097327
Reading flash map at ff30, size 192
Successfully restored flash map from SPI flash!
Copying partition table to 0x83fffc04 180
Copying partition table to 0x80000904 180

Executing Image 4...




OpenWrt kernel loader for BMIPS
Copyright (C) 2011 Gabor Juhos <juhosg@openwrt.org>
Copyright (C) 2014 Jonas Gorski <jogo@openwrt.org>
Copyright (C) 2020 Alvaro Fernandez Rojas <noltari@gmail.com>
Decompressing kernel... done!
blasting from 0x80010000 to 0x0107f7c4 (0x80010000 - 0x8108f7d0)
Starting kernel at 80010000...

[    0.000000] Linux version 6.12.87 (mgta29@CerberusNB) (mips-openwrt-linux-musl-gcc (OpenWrt GCC 14.3.0 r34427-6865d489d2) 14.3.0, GNU ld (GNU Binutils) 2.44) #0 SMP Fri May 15 11:26:37 2026
[    0.000000] CPU0 revision is: 0002a080 (Broadcom BMIPS4350)
[    0.000000] MIPS: machine is Technicolor TC7200.U
[    0.000000] earlycon: bcm63xx_uart0 at MMIO 0x14e00500 (options '')
[    0.000000] printk: legacy bootconsole [bcm63xx_uart0] enabled
[    0.000000] Kernel sections are not in the memory maps
[    0.000000] Wasting 576 bytes for tracking 16 unused pages
[    0.000000] Initrd not found or empty - disabling initrd
[    0.000000] OF: reserved mem: Reserved memory: No reserved-memory node in the DT
[    0.000000] Primary instruction cache 64kB, VIPT, 4-way, linesize 16 bytes.
[    0.000000] Primary data cache 32kB, 2-way, VIPT, cache aliases, linesize 16 bytes
[    0.000000] Zone ranges:
[    0.000000]   Normal   [mem 0x0000000000010000-0x000000000fffffff]
[    0.000000] Movable zone start for each node
[    0.000000] Early memory node ranges
[    0.000000]   node   0: [mem 0x0000000000010000-0x00000000011c7fff]
[    0.000000]   node   0: [mem 0x0000000006000000-0x0000000007ffffff]
[    0.000000]   node   0: [mem 0x000000000e000000-0x000000000fffffff]
[    0.000000] Initmem setup node 0 [mem 0x0000000000010000-0x000000000fffffff]
[    0.000000] On node 0, zone Normal: 16 pages in unavailable ranges
[    0.000000] On node 0, zone Normal: 20024 pages in unavailable ranges
[    0.000000] On node 0, zone Normal: 24576 pages in unavailable ranges
[    0.000000] percpu: Embedded 12 pages/cpu s19664 r8192 d21296 u49152
[    0.000000] Kernel command line: console=ttyS0,115200 earlycon
[    0.000000] Dentry cache hash table entries: 8192 (order: 3, 32768 bytes, linear)
[    0.000000] Inode-cache hash table entries: 4096 (order: 2, 16384 bytes, linear)
[    0.000000] Built 1 zonelists, mobility grouping on.  Total pages: 20920
[    0.000000] mem auto-init: stack:off, heap alloc:off, heap free:off
[    0.000000] SLUB: HWalign=64, Order=0-3, MinObjects=0, CPUs=1, Nodes=1
[    0.000000] rcu: Hierarchical RCU implementation.
[    0.000000] rcu: 	RCU restricting CPUs from NR_CPUS=2 to nr_cpu_ids=1.
[    0.000000] 	Tracing variant of Tasks RCU enabled.
[    0.000000] rcu: RCU calculated value of scheduler-enlistment delay is 10 jiffies.
[    0.000000] rcu: Adjusting geometry for rcu_fanout_leaf=16, nr_cpu_ids=1
[    0.000000] RCU Tasks Trace: Setting shift to 0 and lim to 1 rcu_task_cb_adjust=1 rcu_task_cpu_ids=1.
[    0.000000] NR_IRQS: 256
[    0.000000] rcu: srcu_init: Setting srcu_struct sizes based on contention.
[    0.000000] clocksource: MIPS: mask: 0xffffffff max_cycles: 0xffffffff, max_idle_ns: 6370868154 ns
[    0.000107] sched_clock: 32 bits at 300MHz, resolution 3ns, wraps every 7158278654ns
[    0.019193] Calibrating delay loop... 4.42 BogoMIPS (lpj=22144)
[    0.160688] pid_max: default: 32768 minimum: 301
[    2.913807] Mount-cache hash table entries: 1024 (order: 0, 4096 bytes, linear)
[    2.925529] Mountpoint-cache hash table entries: 1024 (order: 0, 4096 bytes, linear)
[    5.048523] rcu: Hierarchical SRCU implementation.
[    5.056141] rcu: 	Max phase no-delay instances is 1000.
[    5.160186] smp: Bringing up secondary CPUs ...
[    5.167505] smp: Brought up 1 node, 1 CPU
[    5.195428] Memory: 62496K/83680K available (8392K kernel code, 663K rwdata, 1788K rodata, 7068K init, 224K bss, 20564K reserved, 0K cma-reserved)
[    5.514544] clocksource: jiffies: mask: 0xffffffff max_cycles: 0xffffffff, max_idle_ns: 19112604462750000 ns
[    5.530059] futex hash table entries: 256 (order: 2, 16384 bytes, linear)
[    7.323142] pinctrl core: initialized pinctrl subsystem
[    8.028749] NET: Registered PF_NETLINK/PF_ROUTE protocol family
[   10.137981] clocksource: Switched to clocksource MIPS
[   13.004235] NET: Registered PF_INET protocol family
[   13.050449] IP idents hash table entries: 2048 (order: 2, 16384 bytes, linear)
[   13.197844] tcp_listen_portaddr_hash hash table entries: 512 (order: 0, 4096 bytes, linear)
[   13.213132] Table-perturb hash table entries: 65536 (order: 6, 262144 bytes, linear)
[   13.231553] TCP established hash table entries: 1024 (order: 0, 4096 bytes, linear)
[   13.249577] TCP bind hash table entries: 1024 (order: 2, 16384 bytes, linear)
[   13.267473] TCP: Hash tables configured (established 1024 bind 1024)
[   13.358154] MPTCP token hash table entries: 256 (order: 0, 4096 bytes, linear)
[   13.418435] UDP hash table entries: 256 (order: 1, 8192 bytes, linear)
[   13.431660] UDP-Lite hash table entries: 256 (order: 1, 8192 bytes, linear)
[   13.597534] NET: Registered PF_UNIX/PF_LOCAL protocol family
[   13.609623] PCI: CLS 0 bytes, default 16
[   17.730280] workingset: timestamp_bits=14 max_order=14 bucket_order=0
[   18.478153] squashfs: version 4.0 (2009/01/31) Phillip Lougher
[   18.488171] jffs2: version 2.2 (NAND) (SUMMARY) (LZMA) (RTIME) (CMODE_PRIORITY) (c) 2001-2006 Red Hat, Inc.
[   21.623685] irq_bcm7120_l2: registered BCM3380 L2 intc (/ubus/periph_intc@14e00048, parent IRQ(s): 1)
[   21.668956] irq_bcm7120_l2: registered BCM3380 L2 intc (/ubus/cmips_intc@151f8048, parent IRQ(s): 1)
[   21.723963] irq_bcm7120_l2: registered BCM3380 L2 intc (/ubus/iop_intc@14e00050, parent IRQ(s): 1)
[   21.968182] 14e00500.serial: ttyS0 at MMIO 0x14e00500 (irq = 8, base_baud = 1687500) is a bcm63xx_uart
[   21.984280] printk: legacy console [ttyS0] enabled
[   21.984280] printk: legacy console [ttyS0] enabled
[   22.000142] printk: legacy bootconsole [bcm63xx_uart0] disabled
[   22.000142] printk: legacy bootconsole [bcm63xx_uart0] disabled
[   23.708834] bcmgenet 12c00000.ethernet: GENET 1.0 EPHY: 0x0000
[   23.718940] bcmgenet: Invalid GPHY revision detected: 0x0000
[   23.729606] bcmgenet 12c00000.ethernet: using random Ethernet MAC
[   23.861811] unimac-mdio unimac-mdio.-19: Broadcom UniMAC MDIO bus
[   30.811682] NET: Registered PF_INET6 protocol family
[   31.366158] Segment Routing with IPv6
[   31.387913] In-situ OAM (IOAM) with IPv6
[   31.414945] NET: Registered PF_PACKET protocol family
[   31.453885] 8021q: 802.1Q VLAN Support v1.8
[   36.192688] clk: Disabling unused clocks
[   36.200099] PM: genpd: Disabling unused power domains
[   37.133365] Freeing unused kernel image (initmem) memory: 7068K
[   37.143082] This architecture does not have kernel memory protection.
[   37.153414] Run /init as init process

[   64.300170] init: Console is alive
[   64.982744] kmodloader: loading kernel modules from /etc/modules-boot.d/*
[   65.160740] kmodloader: done loading kernel modules from /etc/modules-boot.d/*
[   65.276142] init: - preinit -
[   92.722647] random: crng init done

[  123.622451] bcmgenet 12c00000.ethernet: configuring instance for external RGMII (no delay)
[  123.723102] bcmgenet 12c00000.ethernet eth0: Link is Up - 1Gbps/Full - flow control off
[  125.898427] bcmgenet 12c00000.ethernet eth0: NETDEV WATCHDOG: CPU: 0: transmit queue 0 timed out 2080 ms
[  127.937953] bcmgenet 12c00000.ethernet eth0: NETDEV WATCHDOG: CPU: 0: transmit queue 0 timed out 2010 ms
Press the [f] key and hit [enter] to enter failsafe mode
Press the [1], [2], [3] or [4] key and hit [enter] to select the debug level

[  131.898453] bcmgenet 12c00000.ethernet eth0: NETDEV WATCHDOG: CPU: 0: transmit queue 0 timed out 2720 ms
[  134.938416] bcmgenet 12c00000.ethernet eth0: NETDEV WATCHDOG: CPU: 0: transmit queue 0 timed out 2370 ms
[  136.957587] bcmgenet 12c00000.ethernet eth0: NETDEV WATCHDOG: CPU: 0: transmit queue 0 timed out 2010 ms
[  138.977722] bcmgenet 12c00000.ethernet eth0: NETDEV WATCHDOG: CPU: 0: transmit queue 0 timed out 2010 ms
[  141.898460] bcmgenet 12c00000.ethernet eth0: NETDEV WATCHDOG: CPU: 0: transmit queue 0 timed out 2260 ms
[  155.511299] bcmgenet 12c00000.ethernet eth0: Link is Down
[  156.541449] procd: - early -
[  159.854395] procd: - ubus -
[  162.309185] procd: - init -
Please press Enter to activate this console.

login[378]: root login on 'ttyS0'


BusyBox v1.37.0 (2026-01-02 17:07:02 UTC) built-in shell (ash)

  _______                     ________        __
 |       |.-----.-----.-----.|  |  |  |.----.|  |_
 |   -   ||  _  |  -__|     ||  |  |  ||   _||   _|
 |_______||   __|_____|__|__||________||__|  |____|
          |__| W I R E L E S S   F R E E D O M
 -----------------------------------------------------
 OpenWrt SNAPSHOT, r34427-6865d489d2
 -----------------------------------------------------

 === WARNING! =====================================
 There is no root password defined on this device!
 Use the "passwd" command to set up a new password
 in order to prevent unauthorized SSH logins.
 --------------------------------------------------

root@(none):~# [  236.500024] kmodloader: loading kernel modules from /etc/modules.d/*
[  237.519313] PPP generic driver version 2.4.2
[  237.848626] NET: Registered PF_PPPOX protocol family
[  238.493622] kmodloader: done loading kernel modules from /etc/modules.d/*

root@(none):~# time
BusyBox v1.37.0 (2026-01-02 17:07:02 UTC) multi-call binary.

Usage: time [-vpa] [-o FILE] PROG ARGS

Run PROG, display resource usage when it exits

	-v	Verbose
	-p	POSIX output format
	-f FMT	Custom format
	-o FILE	Write result to FILE
	-a	Append (else overwrite)
root@(none):~# root@(none):~# time[J -p
BusyBox v1.37.0 (2026-01-02 17:07:02 UTC) multi-call binary.

Usage: time [-vpa] [-o FILE] PROG ARGS

Run PROG, display resource usage when it exits

	-v	Verbose
	-p	POSIX output format
	-f FMT	Custom format
	-o FILE	Write result to FILE
	-a	Append (else overwrite)
root@(none):~# root@(none):~# time -p[J[J[Jnoe[Jw
time: can't execute 'now': No such file or directory
Command exited with non-zero status 127
real	0m 0.39s
user	0m 0.00s
sys	0m 0.10s
root@(none):~# clock
-ash: clock: not found
root@(none):~# [  352.968118] ttyS ttyS0: 1 input overrun(s)
catr
-ash: catr: not found
root@(none):~# [  355.588311] ttyS ttyS0: 1 input overrun(s)
catr[J[J[J[J
root@(none):~# cat /proc/interrupts
           CPU0       
  0:          0      MIPS   0  smp_ipi0
  1:          0      MIPS   1  smp_ipi1
  7:      36370      MIPS   7  timer
  8:        507  periph_intc@14e00048   2  14e00500.serial
ERR:       9704
root@(none):~# ls /proc/device-tree/ubus/ethernet@12c00000
[0;0m#address-cells[m    [1;34mfixed-link[m        [0;0minterrupts[m        [0;0mphy-mode[m
[0;0m#size-cells[m       [0;0minterrupt-names[m   [1;34mmdio@600[m          [0;0mreg[m
[0;0mcompatible[m        [0;0minterrupt-parent[m  [0;0mname[m              [0;0mstatus[m
root@(none):~# ls /proc/device-tree/ubus/ethernet@12c00000/mdio@600
[0;0m#address-cells[m  [0;0mcompatible[m      [0;0mreg[m
[0;0m#size-cells[m     [0;0mname[m
root@(none):~# dmesg | grep bcmgenet
[   23.708834] bcmgenet 12c00000.ethernet: GENET 1.0 EPHY: 0x0000
[   23.718940] bcmgenet: Invalid GPHY revision detected: 0x0000
[   23.729606] bcmgenet 12c00000.ethernet: using random Ethernet MAC
[  123.622451] bcmgenet 12c00000.ethernet: configuring instance for external RGMII (no delay)
[  123.723102] bcmgenet 12c00000.ethernet eth0: Link is Up - 1Gbps/Full - flow control off
[  125.898427] bcmgenet 12c00000.ethernet eth0: NETDEV WATCHDOG: CPU: 0: transmit queue 0 timed out 2080 ms
[  127.937953] bcmgenet 12c00000.ethernet eth0: NETDEV WATCHDOG: CPU: 0: transmit queue 0 timed out 2010 ms
[  131.898453] bcmgenet 12c00000.ethernet eth0: NETDEV WATCHDOG: CPU: 0: transmit queue 0 timed out 2720 ms
[  134.938416] bcmgenet 12c00000.ethernet eth0: NETDEV WATCHDOG: CPU: 0: transmit queue 0 timed out 2370 ms
[  136.957587] bcmgenet 12c00000.ethernet eth0: NETDEV WATCHDOG: CPU: 0: transmit queue 0 timed out 2010 ms
[  138.977722] bcmgenet 12c00000.ethernet eth0: NETDEV WATCHDOG: CPU: 0: transmit queue 0 timed out 2010 ms
[  141.898460] bcmgenet 12c00000.ethernet eth0: NETDEV WATCHDOG: CPU: 0: transmit queue 0 timed out 2260 ms
[  155.511299] bcmgenet 12c00000.ethernet eth0: Link is Down
root@(none):~# dmesg | grep mdio
[   23.861811] unimac-mdio unimac-mdio.-19: Broadcom UniMAC MDIO bus
root@(none):~# cat /proc/net/dev
Inter-|   Receive                                                |  Transmit
 face |bytes    packets errs drop fifo frame compressed multicast|bytes    packets errs drop fifo colls carrier compressed
    lo:       0       0    0    0    0     0          0         0        0       0    0    0    0     0       0          0
  eth0:       0       0    0    0    0     0          0         0     4828      12    7    1    0     0       0          0
root@(none):~# ip link set eth0 down
root@(none):~# 
root@(none):~# ip link set eth0 down[  644.284439] urngd: v1.0.2 started.
[J[  648.055686] ttyS ttyS0: 1 input overrun(s)
ip kn[J[J[J[J[J[J[J[J[J[J[J[Jip link set eth0 down
ip: either "dev" is duplicate, or "link" is garbage
root@OpenWrt:~# ip link set eth0 down
root@OpenWrt:~# 