
BCM3383A2 
Sync: 0 
MemSize:            128 M
Chip ID:     BCM3383Z-B0

BootLoader Version: 2.4.0alpha18p1 Pre-release Gnu spiboot dual-flash reduced DDR drive linux
Build Date: Aug 14 2012
Build Time: 09:48:58
SPI flash ID 0xc22014, size 1MB, block size 64KB, write buffer 256, flags 0x0
NAND flash: Device size 64 MB, Block size 16 KB, Page size 512 B
Cust key size 128
parameter offset is 43872

Signature/PID: a825

Switch detected: 53125
ProbePhy: Found PHY 0, MDIO on MAC 0, data on MAC 0
Using GMAC0, phy 0

Enet link up: 1G full


Main Menu:
==========
  b) Boot from flash
  c) Check DRAM
  g) Download and run from RAM
  d) Download and save to flash
  e) Erase flash sector
  m) Set mode
  s) Store bootloader parameters to flash
  i) Re-init ethernet
  r) Read memory
  w) Write memory
  j) Jump to arbitrary address
  p) Print flash partition map
  E) Erase flash region/partition
  X) Erase all of flash except the bootloader
  z) Reset

Received packet for invalid session...
Received packet for invalid session...
Received packet for invalid session...
Received packet for invalid session...
Received packet for invalid session...
Received packet for invalid session...
Received packet for invalid session...
Received packet for invalid session...
TFTP Get Selected

Destination: a5f00000

Destination: a5f00000
Starting TFTP of openwrt-ps-irqfallback.bin from 192.168.77.2
Getting openwrt-ps-irqfallback.bin using octet mode


Main Menu:
==========
  b) Boot from flash
  c) Check DRAM
  g) Download and run from RAM
  d) Download and save to flash
  e) Erase flash sector
  m) Set mode
  s) Store bootloader parameters to flash
  i) Re-init ethernet
  r) Read memory
  w) Write memory
  j) Jump to arbitrary address
  p) Print flash partition map
  E) Erase flash region/partition
  X) Erase all of flash except the bootloader
  z) Reset

..........................................................................................................................................................................................................................................................................................................................................................................................................................................................................................................................................................................................................................................................................................................................................................................................................................................................................................................................................................................................................................................................................................................................................................................................................................................................................................................................................................................................................................................................................................................................................................................................................................................Received packet for invalid session...
...................................................................................................................................................................................................................................................................................................................................................................................................................................................................................................Received packet for invalid session...
...........................................................................................................................................................................................................................................................................................................................................................................................................................................
Tftp complete
Received 5097286 bytes

Image 3 Program Header:
   Signature: a825
     Control: 0000
   Major Rev: 0100
   Minor Rev: 04ff
  Build Time: 2026/5/13 21:00:32 Z
 File Length: 5097194 bytes
Load Address: 82000000
    Filename: openwrt-initramfs.bin
         HCS: 8375
         CRC: 00000000

Bypassing CRC Verifiction on Image 4...
CRC time = 313
Loading non-compressed image 4...
Target Address: 0x82000000
Length: 5097194
Reading flash map at ff30, size 192
Successfully restored flash map from SPI flash!
Copying partition table to 0x83fffc04 180
Copying partition table to 0x80000904 180

Executing Image 4...




OpenWrt kernel loader for BMIPS
Copyright (C) 2011 Gabor Juhos <juhosg@openwrt.org>
Copyright (C) 2014 Jonas Gorski <jogo@openwrt.org>
Copyright (C) 2020 Alvaro Fernandez Rojas <noltari@gmail.com>
Decompressing kernel... done!
blasting from 0x80010000 to 0x0107f4ab (0x80010000 - 0x8108f4b0)
Starting kernel at 80010000...

[    0.000000] Linux version 6.12.87 (mgta29@CerberusNB) (mips-openwrt-linux-musl-gcc (OpenWrt GCC 14.3.0 r34427-6865d489d2) 14.3.0, GNU ld (GNU Binutils) 2.44) #0 SMP Tue May 12 23:59:29 2026
[    0.000000] CPU0 revision is: 0002a080 (Broadcom BMIPS4350)
[    0.000000] MIPS: machine is Technicolor TC7200.U
[    0.000000] earlycon: bcm63xx_uart0 at MMIO 0x14e00500 (options '')
[    0.000000] printk: legacy bootconsole [bcm63xx_uart0] enabled
[    0.000000] Kernel sections are not in the memory maps
[    0.000000] Wasting 576 bytes for tracking 16 unused pages
[    0.000000] Initrd not found or empty - disabling initrd
[    0.000000] OF: reserved mem: Reserved memory: No reserved-memory node in the DT
[    0.000000] Primary instruction cache 64kB, VIPT, 4-way, linesize 16 bytes.
[    0.000000] Primary data cache 32kB, 2-way, VIPT, cache aliases, linesize 16 bytes
[    0.000000] Zone ranges:
[    0.000000]   Normal   [mem 0x0000000000010000-0x000000000fffffff]
[    0.000000] Movable zone start for each node
[    0.000000] Early memory node ranges
[    0.000000]   node   0: [mem 0x0000000000010000-0x00000000011c7fff]
[    0.000000]   node   0: [mem 0x0000000006000000-0x0000000007ffffff]
[    0.000000]   node   0: [mem 0x000000000e000000-0x000000000fffffff]
[    0.000000] Initmem setup node 0 [mem 0x0000000000010000-0x000000000fffffff]
[    0.000000] On node 0, zone Normal: 16 pages in unavailable ranges
[    0.000000] On node 0, zone Normal: 20024 pages in unavailable ranges
[    0.000000] On node 0, zone Normal: 24576 pages in unavailable ranges
[    0.000000] percpu: Embedded 12 pages/cpu s19664 r8192 d21296 u49152
[    0.000000] Kernel command line: console=ttyS0,115200 earlycon
[    0.000000] Dentry cache hash table entries: 8192 (order: 3, 32768 bytes, linear)
[    0.000000] Inode-cache hash table entries: 4096 (order: 2, 16384 bytes, linear)
[    0.000000] Built 1 zonelists, mobility grouping on.  Total pages: 20920
[    0.000000] mem auto-init: stack:off, heap alloc:off, heap free:off
[    0.000000] SLUB: HWalign=64, Order=0-3, MinObjects=0, CPUs=1, Nodes=1
[    0.000000] rcu: Hierarchical RCU implementation.
[    0.000000] rcu: 	RCU restricting CPUs from NR_CPUS=2 to nr_cpu_ids=1.
[    0.000000] 	Tracing variant of Tasks RCU enabled.
[    0.000000] rcu: RCU calculated value of scheduler-enlistment delay is 10 jiffies.
[    0.000000] rcu: Adjusting geometry for rcu_fanout_leaf=16, nr_cpu_ids=1
[    0.000000] RCU Tasks Trace: Setting shift to 0 and lim to 1 rcu_task_cb_adjust=1 rcu_task_cpu_ids=1.
[    0.000000] NR_IRQS: 256
[    0.000000] rcu: srcu_init: Setting srcu_struct sizes based on contention.
[    0.000000] clocksource: MIPS: mask: 0xffffffff max_cycles: 0xffffffff, max_idle_ns: 6370868154 ns
[    0.000107] sched_clock: 32 bits at 300MHz, resolution 3ns, wraps every 7158278654ns
[    0.019190] Calibrating delay loop... 4.42 BogoMIPS (lpj=22144)
[    0.160676] pid_max: default: 32768 minimum: 301
[    2.911100] Mount-cache hash table entries: 1024 (order: 0, 4096 bytes, linear)
[    2.922813] Mountpoint-cache hash table entries: 1024 (order: 0, 4096 bytes, linear)
[    5.043404] rcu: Hierarchical SRCU implementation.
[    5.051025] rcu: 	Max phase no-delay instances is 1000.
[    5.155697] smp: Bringing up secondary CPUs ...
[    5.163018] smp: Brought up 1 node, 1 CPU
[    5.190778] Memory: 62500K/83680K available (8392K kernel code, 663K rwdata, 1788K rodata, 7068K init, 224K bss, 20560K reserved, 0K cma-reserved)
[    5.465575] clocksource: jiffies: mask: 0xffffffff max_cycles: 0xffffffff, max_idle_ns: 19112604462750000 ns
[    5.480853] futex hash table entries: 256 (order: 2, 16384 bytes, linear)
[    7.271810] pinctrl core: initialized pinctrl subsystem
[    7.988157] NET: Registered PF_NETLINK/PF_ROUTE protocol family
[    9.954972] clocksource: Switched to clocksource MIPS
[   12.817024] NET: Registered PF_INET protocol family
[   12.857675] IP idents hash table entries: 2048 (order: 2, 16384 bytes, linear)
[   13.011866] tcp_listen_portaddr_hash hash table entries: 512 (order: 0, 4096 bytes, linear)
[   13.028368] Table-perturb hash table entries: 65536 (order: 6, 262144 bytes, linear)
[   13.041285] TCP established hash table entries: 1024 (order: 0, 4096 bytes, linear)
[   13.059162] TCP bind hash table entries: 1024 (order: 2, 16384 bytes, linear)
[   13.078034] TCP: Hash tables configured (established 1024 bind 1024)
[   13.168445] MPTCP token hash table entries: 256 (order: 0, 4096 bytes, linear)
[   13.228667] UDP hash table entries: 256 (order: 1, 8192 bytes, linear)
[   13.242070] UDP-Lite hash table entries: 256 (order: 1, 8192 bytes, linear)
[   13.417353] NET: Registered PF_UNIX/PF_LOCAL protocol family
[   13.429429] PCI: CLS 0 bytes, default 16
[   17.506289] workingset: timestamp_bits=14 max_order=14 bucket_order=0
[   18.251990] squashfs: version 4.0 (2009/01/31) Phillip Lougher
[   18.261821] jffs2: version 2.2 (NAND) (SUMMARY) (LZMA) (RTIME) (CMODE_PRIORITY) (c) 2001-2006 Red Hat, Inc.
[   21.391874] irq_bcm7120_l2: registered BCM3380 L2 intc (/ubus/periph_intc@14e00048, parent IRQ(s): 1)
[   21.436357] irq_bcm7120_l2: registered BCM3380 L2 intc (/ubus/cmips_intc@151f8048, parent IRQ(s): 1)
[   21.680887] 14e00500.serial: ttyS0 at MMIO 0x14e00500 (irq = 8, base_baud = 1687500) is a bcm63xx_uart
[   21.698587] printk: legacy console [ttyS0] enabled
[   21.698587] printk: legacy console [ttyS0] enabled
[   21.712941] printk: legacy bootconsole [bcm63xx_uart0] disabled
[   21.712941] printk: legacy bootconsole [bcm63xx_uart0] disabled
[   23.656170] NET: Registered PF_INET6 protocol family
[   25.516781] Segment Routing with IPv6
[   25.541337] In-situ OAM (IOAM) with IPv6
[   25.559933] NET: Registered PF_PACKET protocol family
[   25.871797] 8021q: 802.1Q VLAN Support v1.8
[   33.109095] clk: Disabling unused clocks
[   33.116340] PM: genpd: Disabling unused power domains
[   35.698607] Freeing unused kernel image (initmem) memory: 7068K
[   35.708507] This architecture does not have kernel memory protection.
[   35.718785] Run /init as init process

[   63.181088] init: Console is alive
[   63.840734] kmodloader: loading kernel modules from /etc/modules-boot.d/*
[   64.022016] kmodloader: done loading kernel modules from /etc/modules-boot.d/*
[   64.142952] init: - preinit -
[   91.559534] random: crng init done
Press the [f] key and hit [enter] to enter failsafe mode
Press the [1], [2], [3] or [4] key and hit [enter] to select the debug level
[  139.512565] procd: - early -
[  142.757244] procd: - ubus -
[  145.229833] procd: - init -
Please press Enter to activate this console.
[  213.632588] kmodloader: loading kernel modules from /etc/modules.d/*
[  214.646023] PPP generic driver version 2.4.2
[  214.967214] NET: Registered PF_PPPOX protocol family
[  215.619918] kmodloader: done loading kernel modules from /etc/modules.d/*

login[351]: root login on 'ttyS0'


BusyBox v1.37.0 (2026-01-02 17:07:02 UTC) built-in shell (ash)

  _______                     ________        __
 |       |.-----.-----.-----.|  |  |  |.----.|  |_
 |   -   ||  _  |  -__|     ||  |  |  ||   _||   _|
 |_______||   __|_____|__|__||________||__|  |____|
          |__| W I R E L E S S   F R E E D O M
 -----------------------------------------------------
 OpenWrt SNAPSHOT, r34427-6865d489d2
 -----------------------------------------------------

 === WARNING! =====================================
 There is no root password defined on this device!
 Use the "passwd" command to set up a new password
 in order to prevent unauthorized SSH logins.
 --------------------------------------------------

root@(none):~# [  621.921813] urngd: v1.0.2 started.

root@OpenWrt:~# cat /proc/cpuinfo
system type		: Generic BMIPS kernel
machine			: Technicolor TC7200.U
processor		: 0
cpu model		: Broadcom BMIPS4350 V8.0
BogoMIPS		: 4.42
wait instruction	: yes
microsecond timers	: yes
tlb_entries		: 32
extra interrupt vector	: yes
hardware watchpoint	: no
isa			: mips1 mips2 mips32r1
ASEs implemented	: mips16
Options implemented	: tlb 4kex 4k_cache 32fpr prefetch mcheck ejtag llsc dc_aliases
shadow register sets	: 1
kscratch registers	: 0
package			: 0
core			: 0
VCED exceptions		: not available
VCEI exceptions		: not available

root@OpenWrt:~# cat /proc/iomem
00010000-011c807f : System RAM
  00010000-008420ef : Kernel code
  008420f0-00aa83ff : Kernel data
  01190000-011c807f : Kernel bss
06000000-07ffffff : System RAM
0e000000-0fffffff : System RAM
14e00500-14e00517 : 14e00500.serial serial@14e00520
root@OpenWrt:~# mesg | head -120; dmesg | grep -Ei 'bmips|bcm|uart|memory|panic|
oops|mtd|nand|spi|eth|enet|irq'
-ash: mesg: not found
mesg | head -120; dmesg | grep -Ei 'bmips|bcm|uart|memory|panic|oops|mtd|nand|spi|eth|enet|irq'[    0.000000] CPU0 revision is: 0002a080 (Broadcom BMIPS4350)
[    0.000000] earlycon: bcm63xx_uart0 at MMIO 0x14e00500 (options '')
[    0.000000] printk: legacy bootconsole [bcm63xx_uart0] enabled
[    0.000000] Kernel sections are not in the memory maps
[    0.000000] OF: reserved mem: Reserved memory: No reserved-memory node in the DT
[    0.000000] Early memory node ranges
[    0.000000] NR_IRQS: 256
[    5.190778] Memory: 62500K/83680K available (8392K kernel code, 663K rwdata, 1788K rodata, 7068K init, 224K bss, 20560K reserved, 0K cma-reserved)
[   18.261821] jffs2: version 2.2 (NAND) (SUMMARY) (LZMA) (RTIME) (CMODE_PRIORITY) (c) 2001-2006 Red Hat, Inc.
[   21.391874] irq_bcm7120_l2: registered BCM3380 L2 intc (/ubus/periph_intc@14e00048, parent IRQ(s): 1)
[   21.436357] irq_bcm7120_l2: registered BCM3380 L2 intc (/ubus/cmips_intc@151f8048, parent IRQ(s): 1)
[   21.680887] 14e00500.serial: ttyS0 at MMIO 0x14e00500 (irq = 8, base_baud = 1687500) is a bcm63xx_uart
[   21.712941] printk: legacy bootconsole [bcm63xx_uart0] disabled
[   35.698607] Freeing unused kernel image (initmem) memory: 7068K
[   35.708507] This architecture does not have kernel memory protection.
root@OpenWrt:~# mesg | head -120; dmesg | grep -Ei 'bmips|bcm|uart|memory|panic|
oops|mtd|nand|spi|eth|enet|irq'[1A[16Croot@OpenWrt:~# mesg | head -120; dmesg | grep -Ei 'bmips|bcm|uart|memory|panic|
oops|mtd|nand|spi|eth|enet|irq'[J[1Aroot@OpenWrt:~# mesg | head -120; dmesg | grep -Ei 'bmips|bcm|uart|memory|panic|
oops|mtd|nand|spi|eth|enet|irq'[J
-ash: mesg: not found
[    0.000000] CPU0 revision is: 0002a080 (Broadcom BMIPS4350)
[    0.000000] earlycon: bcm63xx_uart0 at MMIO 0x14e00500 (options '')
[    0.000000] printk: legacy bootconsole [bcm63xx_uart0] enabled
[    0.000000] Kernel sections are not in the memory maps
[    0.000000] OF: reserved mem: Reserved memory: No reserved-memory node in the DT
[    0.000000] Early memory node ranges
[    0.000000] NR_IRQS: 256
[    5.190778] Memory: 62500K/83680K available (8392K kernel code, 663K rwdata, 1788K rodata, 7068K init, 224K bss, 20560K reserved, 0K cma-reserved)
[   18.261821] jffs2: version 2.2 (NAND) (SUMMARY) (LZMA) (RTIME) (CMODE_PRIORITY) (c) 2001-2006 Red Hat, Inc.
[   21.391874] irq_bcm7120_l2: registered BCM3380 L2 intc (/ubus/periph_intc@14e00048, parent IRQ(s): 1)
[   21.436357] irq_bcm7120_l2: registered BCM3380 L2 intc (/ubus/cmips_intc@151f8048, parent IRQ(s): 1)
[   21.680887] 14e00500.serial: ttyS0 at MMIO 0x14e00500 (irq = 8, base_baud = 1687500) is a bcm63xx_uart
[   21.712941] printk: legacy bootconsole [bcm63xx_uart0] disabled
[   35.698607] Freeing unused kernel image (initmem) memory: 7068K
[   35.708507] This architecture does not have kernel memory protection.
root@OpenWrt:~# [  956.119733] ttyS ttyS0: 1 input overrun(s)
dmesg | head -120; dmesg | grep -Ei 'bmips|bcm|uarps|mtd|nand|sp
i|eth|enet|irq'
[    0.000000] Linux version 6.12.87 (mgta29@CerberusNB) (mips-openwrt-linux-musl-gcc (OpenWrt GCC 14.3.0 r34427-6865d489d2) 14.3.0, GNU ld (GNU Binutils) 2.44) #0 SMP Tue May 12 23:59:29 2026
[    0.000000] CPU0 revision is: 0002a080 (Broadcom BMIPS4350)
[    0.000000] MIPS: machine is Technicolor TC7200.U
[    0.000000] earlycon: bcm63xx_uart0 at MMIO 0x14e00500 (options '')
[    0.000000] printk: legacy bootconsole [bcm63xx_uart0] enabled
[    0.000000] Kernel sections are not in the memory maps
[    0.000000] Wasting 576 bytes for tracking 16 unused pages
[    0.000000] Initrd not found or empty - disabling initrd
[    0.000000] OF: reserved mem: Reserved memory: No reserved-memory node in the DT
[    0.000000] Primary instruction cache 64kB, VIPT, 4-way, linesize 16 bytes.
[    0.000000] Primary data cache 32kB, 2-way, VIPT, cache aliases, linesize 16 bytes
[    0.000000] Zone ranges:
[    0.000000]   Normal   [mem 0x0000000000010000-0x000000000fffffff]
[    0.000000] Movable zone start for each node
[    0.000000] Early memory node ranges
[    0.000000]   node   0: [mem 0x0000000000010000-0x00000000011c7fff]
[    0.000000]   node   0: [mem 0x0000000006000000-0x0000000007ffffff]
[    0.000000]   node   0: [mem 0x000000000e000000-0x000000000fffffff]
[    0.000000] Initmem setup node 0 [mem 0x0000000000010000-0x000000000fffffff]
[    0.000000] On node 0, zone Normal: 16 pages in unavailable ranges
[    0.000000] On node 0, zone Normal: 20024 pages in unavailable ranges
[    0.000000] On node 0, zone Normal: 24576 pages in unavailable ranges
[    0.000000] percpu: Embedded 12 pages/cpu s19664 r8192 d21296 u49152
[    0.000000] pcpu-alloc: s19664 r8192 d21296 u49152 alloc=12*4096
[    0.000000] pcpu-alloc: [0] 0 
[    0.000000] Kernel command line: console=ttyS0,115200 earlycon
[    0.000000] Dentry cache hash table entries: 8192 (order: 3, 32768 bytes, linear)
[    0.000000] Inode-cache hash table entries: 4096 (order: 2, 16384 bytes, linear)
[    0.000000] Built 1 zonelists, mobility grouping on.  Total pages: 20920
[    0.000000] mem auto-init: stack:off, heap alloc:off, heap free:off
[    0.000000] SLUB: HWalign=64, Order=0-3, MinObjects=0, CPUs=1, Nodes=1
[    0.000000] rcu: Hierarchical RCU implementation.
[    0.000000] rcu: 	RCU restricting CPUs from NR_CPUS=2 to nr_cpu_ids=1.
[    0.000000] 	Tracing variant of Tasks RCU enabled.
[    0.000000] rcu: RCU calculated value of scheduler-enlistment delay is 10 jiffies.
[    0.000000] rcu: Adjusting geometry for rcu_fanout_leaf=16, nr_cpu_ids=1
[    0.000000] RCU Tasks Trace: Setting shift to 0 and lim to 1 rcu_task_cb_adjust=1 rcu_task_cpu_ids=1.
[    0.000000] NR_IRQS: 256
[    0.000000] rcu: srcu_init: Setting srcu_struct sizes based on contention.
[    0.000000] clocksource: MIPS: mask: 0xffffffff max_cycles: 0xffffffff, max_idle_ns: 6370868154 ns
[    0.000107] sched_clock: 32 bits at 300MHz, resolution 3ns, wraps every 7158278654ns
[    0.019190] Calibrating delay loop... 4.42 BogoMIPS (lpj=22144)
[    0.160676] pid_max: default: 32768 minimum: 301
[    2.911100] Mount-cache hash table entries: 1024 (order: 0, 4096 bytes, linear)
[    2.922813] Mountpoint-cache hash table entries: 1024 (order: 0, 4096 bytes, linear)
[    5.043404] rcu: Hierarchical SRCU implementation.
[    5.051025] rcu: 	Max phase no-delay instances is 1000.
[    5.155697] smp: Bringing up secondary CPUs ...
[    5.163018] smp: Brought up 1 node, 1 CPU
[    5.190778] Memory: 62500K/83680K available (8392K kernel code, 663K rwdata, 1788K rodata, 7068K init, 224K bss, 20560K reserved, 0K cma-reserved)
[    5.465575] clocksource: jiffies: mask: 0xffffffff max_cycles: 0xffffffff, max_idle_ns: 19112604462750000 ns
[    5.480853] futex hash table entries: 256 (order: 2, 16384 bytes, linear)
[    7.271810] pinctrl core: initialized pinctrl subsystem
[    7.988157] NET: Registered PF_NETLINK/PF_ROUTE protocol family
[    9.954972] clocksource: Switched to clocksource MIPS
[   12.817024] NET: Registered PF_INET protocol family
[   12.857675] IP idents hash table entries: 2048 (order: 2, 16384 bytes, linear)
[   13.011866] tcp_listen_portaddr_hash hash table entries: 512 (order: 0, 4096 bytes, linear)
[   13.028368] Table-perturb hash table entries: 65536 (order: 6, 262144 bytes, linear)
[   13.041285] TCP established hash table entries: 1024 (order: 0, 4096 bytes, linear)
[   13.059162] TCP bind hash table entries: 1024 (order: 2, 16384 bytes, linear)
[   13.078034] TCP: Hash tables configured (established 1024 bind 1024)
[   13.168445] MPTCP token hash table entries: 256 (order: 0, 4096 bytes, linear)
[   13.228667] UDP hash table entries: 256 (order: 1, 8192 bytes, linear)
[   13.242070] UDP-Lite hash table entries: 256 (order: 1, 8192 bytes, linear)
[   13.417353] NET: Registered PF_UNIX/PF_LOCAL protocol family
[   13.429429] PCI: CLS 0 bytes, default 16
[   17.506289] workingset: timestamp_bits=14 max_order=14 bucket_order=0
[   18.251990] squashfs: version 4.0 (2009/01/31) Phillip Lougher
[   18.261821] jffs2: version 2.2 (NAND) (SUMMARY) (LZMA) (RTIME) (CMODE_PRIORITY) (c) 2001-2006 Red Hat, Inc.
[   21.391874] irq_bcm7120_l2: registered BCM3380 L2 intc (/ubus/periph_intc@14e00048, parent IRQ(s): 1)
[   21.436357] irq_bcm7120_l2: registered BCM3380 L2 intc (/ubus/cmips_intc@151f8048, parent IRQ(s): 1)
[   21.680887] 14e00500.serial: ttyS0 at MMIO 0x14e00500 (irq = 8, base_baud = 1687500) is a bcm63xx_uart
[   21.698587] printk: legacy console [ttyS0] enabled
[   21.712941] printk: legacy bootconsole [bcm63xx_uart0] disabled
[   23.656170] NET: Registered PF_INET6 protocol family
[   25.516781] Segment Routing with IPv6
[   25.541337] In-situ OAM (IOAM) with IPv6
[   25.559933] NET: Registered PF_PACKET protocol family
[   25.871797] 8021q: 802.1Q VLAN Support v1.8
[   33.109095] clk: Disabling unused clocks
[   33.116340] PM: genpd: Disabling unused power domains
[   35.698607] Freeing unused kernel image (initmem) memory: 7068K
[   35.708507] This architecture does not have kernel memory protection.
[   35.718785] Run /init as init process
[   35.725586]   with arguments:
[   35.726618]     /init
[   35.727746]   with environment:
[   35.728790]     HOME=/
[   35.729923]     TERM=linux
[   63.181088] init: Console is alive
[   63.840734] kmodloader: loading kernel modules from /etc/modules-boot.d/*
[   64.022016] kmodloader: done loading kernel modules from /etc/modules-boot.d/*
[   64.142952] init: - preinit -
[   91.559534] random: crng init done
[  139.512565] procd: - early -
[  142.757244] procd: - ubus -
[  145.229833] procd: - init -
[  213.632588] kmodloader: loading kernel modules from /etc/modules.d/*
[  214.646023] PPP generic driver version 2.4.2
[  214.967214] NET: Registered PF_PPPOX protocol family
[  215.619918] kmodloader: done loading kernel modules from /etc/modules.d/*
[  621.921813] urngd: v1.0.2 started.
[  956.119733] ttyS ttyS0: 1 input overrun(s)
[    0.000000] CPU0 revision is: 0002a080 (Broadcom BMIPS4350)
[    0.000000] earlycon: bcm63xx_uart0 at MMIO 0x14e00500 (options '')
[    0.000000] printk: legacy bootconsole [bcm63xx_uart0] enabled
[    0.000000] NR_IRQS: 256
[   18.261821] jffs2: version 2.2 (NAND) (SUMMARY) (LZMA) (RTIME) (CMODE_PRIORITY) (c) 2001-2006 Red Hat, Inc.
[   21.391874] irq_bcm7120_l2: registered BCM3380 L2 intc (/ubus/periph_intc@14e00048, parent IRQ(s): 1)
[   21.436357] irq_bcm7120_l2: registered BCM3380 L2 intc (/ubus/cmips_intc@151f8048, parent IRQ(s): 1)
[   21.680887] 14e00500.serial: ttyS0 at MMIO 0x14e00500 (irq = 8, base_baud = 1687500) is a bcm63xx_uart
[   21.712941] printk: legacy bootconsole [bcm63xx_uart0] disabled
root@OpenWrt:~# 
root@OpenWrt:~# 
root@OpenWrt:~# 
root@OpenWrt:~# 
root@OpenWrt:~# 
root@OpenWrt:~# time
BusyBox v1.37.0 (2026-01-02 17:07:02 UTC) multi-call binary.

Usage: time [-vpa] [-o FILE] PROG ARGS

Run PROG, display resource usage when it exits

	-v	Verbose
	-p	POSIX output format
	-f FMT	Custom format
	-o FILE	Write result to FILE
	-a	Append (else overwrite)
root@OpenWrt:~# [ 1027.285095] ttyS ttyS0: 1 input overrun(s)
mkdi > /tmp/tc7200u/dmesg.txt; cat /proc/cpuinfo > /tmp/tc7200u/
cpuinfo.txt; cat /proc/iomem > /tmp/c; cat /proc/interrupts > /tmp/tc7200u/inter
rupts.txt; cat /proc/cmdline > /tmp/tc7200u/cmdx /tmp/tc7200u/ip-link.txt; mount
 > /tmp/tc7200u/mount.txt; df -h > /tmp/tc7200u/df.txt; l//mtd.err > /tmp/tc7200
u/mtd.txt
-ash: can't create /tmp/tc7200u/dmesg.txt: nonexistent directory
-ash: can't create /tmp/tc7200u/cpuinfo.txt: nonexistent directory
-ash: can't create /tmp/tc7200u/interrupts.txt: nonexistent directory
-ash: can't create /tmp/tc7200u/cmdx: nonexistent directory
-ash: can't create /tmp/tc7200u/mount.txt: nonexistent directory
-ash: can't create /tmp/tc7200u/df.txt: nonexistent directory
-ash: can't create /tmp/tc7200u/mtd.txt: nonexistent directory
root@OpenWrt:~# mkdir -p /tmp/tc7200u; dmesg > /tmp/tc7200u/dmesg.txt
root@OpenWrt:~# cat /proc/cpuinfo > /tmp/tc7200u/cpuinfo.txt
root@OpenWrt:~# [ 1072.585122] ttyS ttyS0: 5 input overrun(s)
catmu/iomem.txt
-ash: catmu/iomem.txt: not found
root@OpenWrt:~# cat /proc/iomem > /tmp/tc7200u/iomem.txt
root@OpenWrt:~# [ 1085.866609] ttyS ttyS0: 1 input overrun(s)
/proc/cpuinfo > /tmpu
-ash: /proc/cpuinfo: Permission denied
root@OpenWrt:~# /proc/cpuinfo > /tmp/tc7200u/cpuinfo.txt
-ash: /proc/cpuinfo: Permission denied
root@OpenWrt:~# cat /proc/cpuinfo > /tmp/tc7200u/cpuinfo.txt
root@OpenWrt:~# ca[ 1109.815007] ttyS ttyS0: 1 input overrun(s)
t /omem.txt
cat: can't open '/omem.txt': No such file or directory
root@OpenWrt:~# cat /proc/iomem > /tmp/tc7200u/iomem.txt
root@OpenWrt:~# cat /proc/interrupts > /tmp/tc7200u/interrupts.txt
root@OpenWrt:~# [ 1130.576805] ttyS ttyS0: 1 input overrun(s)
cat /proc/cmdline > /tmp/tc7200u/cmdline.txt; ip link > /tmp/tc7
200u/ip-link.txt; mount > /tmp/tc7200u/mt /tmp/tc7200u/df.txt; ls -l /dev/mtd* /
proc/mtd 2>/tmp/tc7200u/mtd.err > /tmp/tc7200u/mtd.txt
mount: can't find /tmp/tc7200u/df.txt in /etc/fstab
cat /proc/cmdline > /tmp/tc7200u/cmdline.[ 1135.656030] ttyS ttyS0: 1 input overrun(s)
imp/tc7200u/ip-link.txt; mount > /tmp/tc7200u/mount.txt; df -h > /tmp/tc7200u/df.txt; ls -l /dm2>/tmp/tc7200u/mtd.err > /tmp/tc7200u/mtd.txtroot@OpenWrt:~# cat /proc/cmdline > /tmp/tc7200u/cmdline.imp/tc7200u/ip-link.txt
; mount > /tmp/tc7200u/mount.txt; df -h > /tmp/tc7200u/df.txt; ls -l /dm2>/tmp/t
c7200u/mtd.err > /tmp/tc7200u/mtd.txt
-ash: can't create /tmp/tc7200u/cmdline.imp/tc7200u/ip-link.txt: nonexistent directory
[ 1140.472882] ttyS ttyS0: 2 input overrun(s)
cat /proc/cmdline > /tmp/tc7200u/cmdline.txt; ip link > 0k.txt; mount > /tmp/tc7200u/mount.txt; df -h > /tmp/tc7200u/df.txt; ls -l /dev/mtd* /pr200u/mtd.err > /tmp/tc7200u/mtd.txtls: /dm2: No such file or directory
root@OpenWrt:~# cat /proc/cmdline > /tmp/tc7200u/cmdline.txt; ip link > 0k.txt; 
mount > /tmp/tc7200u/mount.txt; df -h > /tmp/tc7200u/df.txt; ls -l /dev/mtd* /pr
200u/mtd.err > /tmp/tc7200u/mtd.txt
ls: /dev/mtd*: No such file or directory
ls: /pr200u/mtd.err: No such file or directory
root@OpenWrt:~# [ 1147.716173] ttyS ttyS0: 2 input overrun(s)
cat /proc/cmdline > /tmp/tc7200u/cmdline.txt; ip link > /tmp/tc7
200u/ip-li.tmp/tc7200u/mount.txt; df -h > /tmp/tc7200u/df.txt; ls -l /dev/mtd* /
proc/mtd 2>/tmp/tc7200u/mt.u/mtd.txtcat /proc/cmdline > /tmp/tc7200u/cmdline.txt
; ip link > /tmp/tc7200u/ip-link.txt
-ash: can't create /tmp/tc7200u/ip-li.tmp/tc7200u/mount.txt: nonexistent directory
-ash: can't create /tmp/tc7200u/mt.u/mtd.txtcat: nonexistent directory
root@OpenWrt:~# cat /proc/cmdline > /tmp/tc7200u/cmdline.txt; ip link > /tmp/tc7
200u/ip-link.txt
root@OpenWrt:~# m[ 1176.195429] ttyS ttyS0: 2 input overrun(s)
ount > /tmp/tc7200u/mounmp/tc7200u/df.txt;
-ash: can't create /tmp/tc7200u/mounmp/tc7200u/df.txt: nonexistent directory
root@OpenWrt:~# mount > /tmp/tc7200u/mount.txt; df -h > /tmp/tc7200u/df.txt;
root@OpenWrt:~# [ 1188.395470] ttyS ttyS0: 1 input overrun(s)
ls -l /dev/mtd* /proc/mtd /d.err > /tmp/tc7200u/mtd.txt
ls: /dev/mtd*: No such file or directory
ls: /d.err: No such file or directory
root@OpenWrt:~# ls -l /dev/mtd* /proc/mtd 2>/tmp/tc7200u/mtd.err > /tmp/tc7200u/
mtd.txt
root@OpenWrt:~# for f in /tmp/tc7200u/*; do echo "===== $f ====="; cat "$f"; ech
o; done
===== /tmp/tc7200u/cmdline.txt =====
console=ttyS0,115200 earlycon

===== /tmp/tc7200u/cpuinfo.txt =====
system type		: Generic BMIPS kernel
machine			: Technicolor TC7200.U
processor		: 0
cpu model		: Broadcom BMIPS4350 V8.0
BogoMIPS		: 4.42
wait instruction	: yes
microsecond timers	: yes
tlb_entries		: 32
extra interrupt vector	: yes
hardware watchpoint	: no
isa			: mips1 mips2 mips32r1
ASEs implemented	: mips16
Options implemented	: tlb 4kex 4k_cache 32fpr prefetch mcheck ejtag llsc dc_aliases
shadow register sets	: 1
kscratch registers	: 0
package			: 0
core			: 0
VCED exceptions		: not available
VCEI exceptions		: not available


===== /tmp/tc7200u/df.txt =====
Filesystem                Size      Used Available Use% Mounted on
tmpfs                    34.3M      6.8M     27.5M  20% /
tmpfs                    34.3M    120.0K     34.2M   0% /tmp
tmpfs                   512.0K         0    512.0K   0% /dev

===== /tmp/tc7200u/dmesg.txt =====
[    0.000000] Linux version 6.12.87 (mgta29@CerberusNB) (mips-openwrt-linux-musl-gcc (OpenWrt GCC 14.3.0 r34427-6865d489d2) 14.3.0, GNU ld (GNU Binutils) 2.44) #0 SMP Tue May 12 23:59:29 2026
[    0.000000] CPU0 revision is: 0002a080 (Broadcom BMIPS4350)
[    0.000000] MIPS: machine is Technicolor TC7200.U
[    0.000000] earlycon: bcm63xx_uart0 at MMIO 0x14e00500 (options '')
[    0.000000] printk: legacy bootconsole [bcm63xx_uart0] enabled
[    0.000000] Kernel sections are not in the memory maps
[    0.000000] Wasting 576 bytes for tracking 16 unused pages
[    0.000000] Initrd not found or empty - disabling initrd
[    0.000000] OF: reserved mem: Reserved memory: No reserved-memory node in the DT
[    0.000000] Primary instruction cache 64kB, VIPT, 4-way, linesize 16 bytes.
[    0.000000] Primary data cache 32kB, 2-way, VIPT, cache aliases, linesize 16 bytes
[    0.000000] Zone ranges:
[    0.000000]   Normal   [mem 0x0000000000010000-0x000000000fffffff]
[    0.000000] Movable zone start for each node
[    0.000000] Early memory node ranges
[    0.000000]   node   0: [mem 0x0000000000010000-0x00000000011c7fff]
[    0.000000]   node   0: [mem 0x0000000006000000-0x0000000007ffffff]
[    0.000000]   node   0: [mem 0x000000000e000000-0x000000000fffffff]
[    0.000000] Initmem setup node 0 [mem 0x0000000000010000-0x000000000fffffff]
[    0.000000] On node 0, zone Normal: 16 pages in unavailable ranges
[    0.000000] On node 0, zone Normal: 20024 pages in unavailable ranges
[    0.000000] On node 0, zone Normal: 24576 pages in unavailable ranges
[    0.000000] percpu: Embedded 12 pages/cpu s19664 r8192 d21296 u49152
[    0.000000] pcpu-alloc: s19664 r8192 d21296 u49152 alloc=12*4096
[    0.000000] pcpu-alloc: [0] 0 
[    0.000000] Kernel command line: console=ttyS0,115200 earlycon
[    0.000000] Dentry cache hash table entries: 8192 (order: 3, 32768 bytes, linear)
[    0.000000] Inode-cache hash table entries: 4096 (order: 2, 16384 bytes, linear)
[    0.000000] Built 1 zonelists, mobility grouping on.  Total pages: 20920
[    0.000000] mem auto-init: stack:off, heap alloc:off, heap free:off
[    0.000000] SLUB: HWalign=64, Order=0-3, MinObjects=0, CPUs=1, Nodes=1
[    0.000000] rcu: Hierarchical RCU implementation.
[    0.000000] rcu: 	RCU restricting CPUs from NR_CPUS=2 to nr_cpu_ids=1.
[    0.000000] 	Tracing variant of Tasks RCU enabled.
[    0.000000] rcu: RCU calculated value of scheduler-enlistment delay is 10 jiffies.
[    0.000000] rcu: Adjusting geometry for rcu_fanout_leaf=16, nr_cpu_ids=1
[    0.000000] RCU Tasks Trace: Setting shift to 0 and lim to 1 rcu_task_cb_adjust=1 rcu_task_cpu_ids=1.
[    0.000000] NR_IRQS: 256
[    0.000000] rcu: srcu_init: Setting srcu_struct sizes based on contention.
[    0.000000] clocksource: MIPS: mask: 0xffffffff max_cycles: 0xffffffff, max_idle_ns: 6370868154 ns
[    0.000107] sched_clock: 32 bits at 300MHz, resolution 3ns, wraps every 7158278654ns
[    0.019190] Calibrating delay loop... 4.42 BogoMIPS (lpj=22144)
[    0.160676] pid_max: default: 32768 minimum: 301
[    2.911100] Mount-cache hash table entries: 1024 (order: 0, 4096 bytes, linear)
[    2.922813] Mountpoint-cache hash table entries: 1024 (order: 0, 4096 bytes, linear)
[    5.043404] rcu: Hierarchical SRCU implementation.
[    5.051025] rcu: 	Max phase no-delay instances is 1000.
[    5.155697] smp: Bringing up secondary CPUs ...
[    5.163018] smp: Brought up 1 node, 1 CPU
[    5.190778] Memory: 62500K/83680K available (8392K kernel code, 663K rwdata, 1788K rodata, 7068K init, 224K bss, 20560K reserved, 0K cma-reserved)
[    5.465575] clocksource: jiffies: mask: 0xffffffff max_cycles: 0xffffffff, max_idle_ns: 19112604462750000 ns
[    5.480853] futex hash table entries: 256 (order: 2, 16384 bytes, linear)
[    7.271810] pinctrl core: initialized pinctrl subsystem
[    7.988157] NET: Registered PF_NETLINK/PF_ROUTE protocol family
[    9.954972] clocksource: Switched to clocksource MIPS
[   12.817024] NET: Registered PF_INET protocol family
[   12.857675] IP idents hash table entries: 2048 (order: 2, 16384 bytes, linear)
[   13.011866] tcp_listen_portaddr_hash hash table entries: 512 (order: 0, 4096 bytes, linear)
[   13.028368] Table-perturb hash table entries: 65536 (order: 6, 262144 bytes, linear)
[   13.041285] TCP established hash table entries: 1024 (order: 0, 4096 bytes, linear)
[   13.059162] TCP bind hash table entries: 1024 (order: 2, 16384 bytes, linear)
[   13.078034] TCP: Hash tables configured (established 1024 bind 1024)
[   13.168445] MPTCP token hash table entries: 256 (order: 0, 4096 bytes, linear)
[   13.228667] UDP hash table entries: 256 (order: 1, 8192 bytes, linear)
[   13.242070] UDP-Lite hash table entries: 256 (order: 1, 8192 bytes, linear)
[   13.417353] NET: Registered PF_UNIX/PF_LOCAL protocol family
[   13.429429] PCI: CLS 0 bytes, default 16
[   17.506289] workingset: timestamp_bits=14 max_order=14 bucket_order=0
[   18.251990] squashfs: version 4.0 (2009/01/31) Phillip Lougher
[   18.261821] jffs2: version 2.2 (NAND) (SUMMARY) (LZMA) (RTIME) (CMODE_PRIORITY) (c) 2001-2006 Red Hat, Inc.
[   21.391874] irq_bcm7120_l2: registered BCM3380 L2 intc (/ubus/periph_intc@14e00048, parent IRQ(s): 1)
[   21.436357] irq_bcm7120_l2: registered BCM3380 L2 intc (/ubus/cmips_intc@151f8048, parent IRQ(s): 1)
[   21.680887] 14e00500.serial: ttyS0 at MMIO 0x14e00500 (irq = 8, base_baud = 1687500) is a bcm63xx_uart
[   21.698587] printk: legacy console [ttyS0] enabled
[   21.712941] printk: legacy bootconsole [bcm63xx_uart0] disabled
[   23.656170] NET: Registered PF_INET6 protocol family
[   25.516781] Segment Routing with IPv6
[   25.541337] In-situ OAM (IOAM) with IPv6
[   25.559933] NET: Registered PF_PACKET protocol family
[   25.871797] 8021q: 802.1Q VLAN Support v1.8
[   33.109095] clk: Disabling unused clocks
[   33.116340] PM: genpd: Disabling unused power domains
[   35.698607] Freeing unused kernel image (initmem) memory: 7068K
[   35.708507] This architecture does not have kernel memory protection.
[   35.718785] Run /init as init process
[   35.725586]   with arguments:
[   35.726618]     /init
[   35.727746]   with environment:
[   35.728790]     HOME=/
[   35.729923]     TERM=linux
[   63.181088] init: Console is alive
[   63.840734] kmodloader: loading kernel modules from /etc/modules-boot.d/*
[   64.022016] kmodloader: done loading kernel modules from /etc/modules-boot.d/*
[   64.142952] init: - preinit -
[   91.559534] random: crng init done
[  139.512565] procd: - early -
[  142.757244] procd: - ubus -
[  145.229833] procd: - init -
[  213.632588] kmodloader: loading kernel modules from /etc/modules.d/*
[  214.646023] PPP generic driver version 2.4.2
[  214.967214] NET: Registered PF_PPPOX protocol family
[  215.619918] kmodloader: done loading kernel modules from /etc/modules.d/*
[  621.921813] urngd: v1.0.2 started.
[  956.119733] ttyS ttyS0: 1 input overrun(s)
[ 1027.285095] ttyS ttyS0: 1 input overrun(s)

===== /tmp/tc7200u/interrupts.txt =====
           CPU0       
  0:          0      MIPS   0  smp_ipi0
  1:          0      MIPS   1  smp_ipi1
  7:     113667      MIPS   7  timer
  8:       4006  periph_intc@14e00048   2  14e00500.serial
ERR:          2

===== /tmp/tc7200u/iomem.txt =====
00010000-011c807f : System RAM
  00010000-008420ef : Kernel code
  008420f0-00aa83ff : Kernel data
  01190000-011c807f : Kernel bss
06000000-07ffffff : System RAM
0e000000-0fffffff : System RAM
14e00500-14e00517 : 14e00500.serial serial@14e00520

===== /tmp/tc7200u/ip-link.txt =====
1: lo: <LOOPBACK> mtu 65536 qdisc noop state DOWN qlen 1000
    link/loopback 00:00:00:00:00:00 brd 00:00:00:00:00:00

===== /tmp/tc7200u/mount.txt =====
tmpfs on / type tmpfs (rw,relatime)
proc on /proc type proc (rw,nosuid,nodev,noexec,relatime)
sysfs on /sys type sysfs (rw,nosuid,nodev,noexec,relatime)
cgroup2 on /sys/fs/cgroup type cgroup2 (rw,nosuid,nodev,noexec,relatime,nsdelegate)
tmpfs on /tmp type tmpfs (rw,nosuid,nodev,noatime)
tmpfs on /dev type tmpfs (rw,nosuid,noexec,noatime,size=512k,mode=755)
devpts on /dev/pts type devpts (rw,nosuid,noexec,noatime,mode=600,ptmxmode=000)
debugfs on /sys/kernel/debug type debugfs (rw,nosuid,nodev,noexec,noatime)
bpffs on /sys/fs/bpf type bpf (rw,nosuid,nodev,noexec,noatime,mode=700)

===== /tmp/tc7200u/mt =====

===== /tmp/tc7200u/mtd.err =====
ls: /dev/mtd*: No such file or directory

===== /tmp/tc7200u/mtd.txt =====
-r--r--r--    1 root     root             0 Jan  1 00:18 /proc/mtd

root@OpenWrt:~# for f in /tmp/tc7200u/*; do echo "===== $f ====="; cat "$f"; ech
o; done
===== /tmp/tc7200u/cmdline.txt =====
console=ttyS0,115200 earlycon

===== /tmp/tc7200u/cpuinfo.txt =====
system type		: Generic BMIPS kernel
machine			: Technicolor TC7200.U
processor		: 0
cpu model		: Broadcom BMIPS4350 V8.0
BogoMIPS		: 4.42
wait instruction	: yes
microsecond timers	: yes
tlb_entries		: 32
extra interrupt vector	: yes
hardware watchpoint	: no
isa			: mips1 mips2 mips32r1
ASEs implemented	: mips16
Options implemented	: tlb 4kex 4k_cache 32fpr prefetch mcheck ejtag llsc dc_aliases
shadow register sets	: 1
kscratch registers	: 0
package			: 0
core			: 0
VCED exceptions		: not available
VCEI exceptions		: not available


===== /tmp/tc7200u/df.txt =====
Filesystem                Size      Used Available Use% Mounted on
tmpfs                    34.3M      6.8M     27.5M  20% /
tmpfs                    34.3M    120.0K     34.2M   0% /tmp
tmpfs                   512.0K         0    512.0K   0% /dev

===== /tmp/tc7200u/dmesg.txt =====
[    0.000000] Linux version 6.12.87 (mgta29@CerberusNB) (mips-openwrt-linux-musl-gcc (OpenWrt GCC 14.3.0 r34427-6865d489d2) 14.3.0, GNU ld (GNU Binutils) 2.44) #0 SMP Tue May 12 23:59:29 2026
[    0.000000] CPU0 revision is: 0002a080 (Broadcom BMIPS4350)
[    0.000000] MIPS: machine is Technicolor TC7200.U
[    0.000000] earlycon: bcm63xx_uart0 at MMIO 0x14e00500 (options '')
[    0.000000] printk: legacy bootconsole [bcm63xx_uart0] enabled
[    0.000000] Kernel sections are not in the memory maps
[    0.000000] Wasting 576 bytes for tracking 16 unused pages
[    0.000000] Initrd not found or empty - disabling initrd
[    0.000000] OF: reserved mem: Reserved memory: No reserved-memory node in the DT
[    0.000000] Primary instruction cache 64kB, VIPT, 4-way, linesize 16 bytes.
[    0.000000] Primary data cache 32kB, 2-way, VIPT, cache aliases, linesize 16 bytes
[    0.000000] Zone ranges:
[    0.000000]   Normal   [mem 0x0000000000010000-0x000000000fffffff]
[    0.000000] Movable zone start for each node
[    0.000000] Early memory node ranges
[    0.000000]   node   0: [mem 0x0000000000010000-0x00000000011c7fff]
[    0.000000]   node   0: [mem 0x0000000006000000-0x0000000007ffffff]
[    0.000000]   node   0: [mem 0x000000000e000000-0x000000000fffffff]
[    0.000000] Initmem setup node 0 [mem 0x0000000000010000-0x000000000fffffff]
[    0.000000] On node 0, zone Normal: 16 pages in unavailable ranges
[    0.000000] On node 0, zone Normal: 20024 pages in unavailable ranges
[    0.000000] On node 0, zone Normal: 24576 pages in unavailable ranges
[    0.000000] percpu: Embedded 12 pages/cpu s19664 r8192 d21296 u49152
[    0.000000] pcpu-alloc: s19664 r8192 d21296 u49152 alloc=12*4096
[    0.000000] pcpu-alloc: [0] 0 
[    0.000000] Kernel command line: console=ttyS0,115200 earlycon
[    0.000000] Dentry cache hash table entries: 8192 (order: 3, 32768 bytes, linear)
[    0.000000] Inode-cache hash table entries: 4096 (order: 2, 16384 bytes, linear)
[    0.000000] Built 1 zonelists, mobility grouping on.  Total pages: 20920
[    0.000000] mem auto-init: stack:off, heap alloc:off, heap free:off
[    0.000000] SLUB: HWalign=64, Order=0-3, MinObjects=0, CPUs=1, Nodes=1
[    0.000000] rcu: Hierarchical RCU implementation.
[    0.000000] rcu: 	RCU restricting CPUs from NR_CPUS=2 to nr_cpu_ids=1.
[    0.000000] 	Tracing variant of Tasks RCU enabled.
[    0.000000] rcu: RCU calculated value of scheduler-enlistment delay is 10 jiffies.
[    0.000000] rcu: Adjusting geometry for rcu_fanout_leaf=16, nr_cpu_ids=1
[    0.000000] RCU Tasks Trace: Setting shift to 0 and lim to 1 rcu_task_cb_adjust=1 rcu_task_cpu_ids=1.
[    0.000000] NR_IRQS: 256
[    0.000000] rcu: srcu_init: Setting srcu_struct sizes based on contention.
[    0.000000] clocksource: MIPS: mask: 0xffffffff max_cycles: 0xffffffff, max_idle_ns: 6370868154 ns
[    0.000107] sched_clock: 32 bits at 300MHz, resolution 3ns, wraps every 7158278654ns
[    0.019190] Calibrating delay loop... 4.42 BogoMIPS (lpj=22144)
[    0.160676] pid_max: default: 32768 minimum: 301
[    2.911100] Mount-cache hash table entries: 1024 (order: 0, 4096 bytes, linear)
[    2.922813] Mountpoint-cache hash table entries: 1024 (order: 0, 4096 bytes, linear)
[    5.043404] rcu: Hierarchical SRCU implementation.
[    5.051025] rcu: 	Max phase no-delay instances is 1000.
[    5.155697] smp: Bringing up secondary CPUs ...
[    5.163018] smp: Brought up 1 node, 1 CPU
[    5.190778] Memory: 62500K/83680K available (8392K kernel code, 663K rwdata, 1788K rodata, 7068K init, 224K bss, 20560K reserved, 0K cma-reserved)
[    5.465575] clocksource: jiffies: mask: 0xffffffff max_cycles: 0xffffffff, max_idle_ns: 19112604462750000 ns
[    5.480853] futex hash table entries: 256 (order: 2, 16384 bytes, linear)
[    7.271810] pinctrl core: initialized pinctrl subsystem
[    7.988157] NET: Registered PF_NETLINK/PF_ROUTE protocol family
[    9.954972] clocksource: Switched to clocksource MIPS
[   12.817024] NET: Registered PF_INET protocol family
[   12.857675] IP idents hash table entries: 2048 (order: 2, 16384 bytes, linear)
[   13.011866] tcp_listen_portaddr_hash hash table entries: 512 (order: 0, 4096 bytes, linear)
[   13.028368] Table-perturb hash table entries: 65536 (order: 6, 262144 bytes, linear)
[   13.041285] TCP established hash table entries: 1024 (order: 0, 4096 bytes, linear)
[   13.059162] TCP bind hash table entries: 1024 (order: 2, 16384 bytes, linear)
[   13.078034] TCP: Hash tables configured (established 1024 bind 1024)
[   13.168445] MPTCP token hash table entries: 256 (order: 0, 4096 bytes, linear)
[   13.228667] UDP hash table entries: 256 (order: 1, 8192 bytes, linear)
[   13.242070] UDP-Lite hash table entries: 256 (order: 1, 8192 bytes, linear)
[   13.417353] NET: Registered PF_UNIX/PF_LOCAL protocol family
[   13.429429] PCI: CLS 0 bytes, default 16
[   17.506289] workingset: timestamp_bits=14 max_order=14 bucket_order=0
[   18.251990] squashfs: version 4.0 (2009/01/31) Phillip Lougher
[   18.261821] jffs2: version 2.2 (NAND) (SUMMARY) (LZMA) (RTIME) (CMODE_PRIORITY) (c) 2001-2006 Red Hat, Inc.
[   21.391874] irq_bcm7120_l2: registered BCM3380 L2 intc (/ubus/periph_intc@14e00048, parent IRQ(s): 1)
[   21.436357] irq_bcm7120_l2: registered BCM3380 L2 intc (/ubus/cmips_intc@151f8048, parent IRQ(s): 1)
[   21.680887] 14e00500.serial: ttyS0 at MMIO 0x14e00500 (irq = 8, base_baud = 1687500) is a bcm63xx_uart
[   21.698587] printk: legacy console [ttyS0] enabled
[   21.712941] printk: legacy bootconsole [bcm63xx_uart0] disabled
[   23.656170] NET: Registered PF_INET6 protocol family
[   25.516781] Segment Routing with IPv6
[   25.541337] In-situ OAM (IOAM) with IPv6
[   25.559933] NET: Registered PF_PACKET protocol family
[   25.871797] 8021q: 802.1Q VLAN Support v1.8
[   33.109095] clk: Disabling unused clocks
[   33.116340] PM: genpd: Disabling unused power domains
[   35.698607] Freeing unused kernel image (initmem) memory: 7068K
[   35.708507] This architecture does not have kernel memory protection.
[   35.718785] Run /init as init process
[   35.725586]   with arguments:
[   35.726618]     /init
[   35.727746]   with environment:
[   35.728790]     HOME=/
[   35.729923]     TERM=linux
[   63.181088] init: Console is alive
[   63.840734] kmodloader: loading kernel modules from /etc/modules-boot.d/*
[   64.022016] kmodloader: done loading kernel modules from /etc/modules-boot.d/*
[   64.142952] init: - preinit -
[   91.559534] random: crng init done
[  139.512565] procd: - early -
[  142.757244] procd: - ubus -
[  145.229833] procd: - init -
[  213.632588] kmodloader: loading kernel modules from /etc/modules.d/*
[  214.646023] PPP generic driver version 2.4.2
[  214.967214] NET: Registered PF_PPPOX protocol family
[  215.619918] kmodloader: done loading kernel modules from /etc/modules.d/*
[  621.921813] urngd: v1.0.2 started.
[  956.119733] ttyS ttyS0: 1 input overrun(s)
[ 1027.285095] ttyS ttyS0: 1 input overrun(s)

===== /tmp/tc7200u/interrupts.txt =====
           CPU0       
  0:          0      MIPS   0  smp_ipi0
  1:          0      MIPS   1  smp_ipi1
  7:     113667      MIPS   7  timer
  8:       4006  periph_intc@14e00048   2  14e00500.serial
ERR:          2

===== /tmp/tc7200u/iomem.txt =====
00010000-011c807f : System RAM
  00010000-008420ef : Kernel code
  008420f0-00aa83ff : Kernel data
  01190000-011c807f : Kernel bss
06000000-07ffffff : System RAM
0e000000-0fffffff : System RAM
14e00500-14e00517 : 14e00500.serial serial@14e00520

===== /tmp/tc7200u/ip-link.txt =====
1: lo: <LOOPBACK> mtu 65536 qdisc noop state DOWN qlen 1000
    link/loopback 00:00:00:00:00:00 brd 00:00:00:00:00:00

===== /tmp/tc7200u/mount.txt =====
tmpfs on / type tmpfs (rw,relatime)
proc on /proc type proc (rw,nosuid,nodev,noexec,relatime)
sysfs on /sys type sysfs (rw,nosuid,nodev,noexec,relatime)
cgroup2 on /sys/fs/cgroup type cgroup2 (rw,nosuid,nodev,noexec,relatime,nsdelegate)
tmpfs on /tmp type tmpfs (rw,nosuid,nodev,noatime)
tmpfs on /dev type tmpfs (rw,nosuid,noexec,noatime,size=512k,mode=755)
devpts on /dev/pts type devpts (rw,nosuid,noexec,noatime,mode=600,ptmxmode=000)
debugfs on /sys/kernel/debug type debugfs (rw,nosuid,nodev,noexec,noatime)
bpffs on /sys/fs/bpf type bpf (rw,nosuid,nodev,noexec,noatime,mode=700)

===== /tmp/tc7200u/mt =====

===== /tmp/tc7200u/mtd.err =====
ls: /dev/mtd*: No such file or directory

===== /tmp/tc7200u/mtd.txt =====
-r--r--r--    1 root     root             0 Jan  1 00:18 /proc/mtd

root@OpenWrt:~# e[ 1229.254999] ttyS ttyS0: 1 input overrun(s)
cho "===== model ====="; strings /proc/device-tree/model; atibl
e ====="; strings /proc/device-tree/compatible; echo "===== top-level DT nodes =
====";/e-tree -maxdepth 2 -type d | sort
> ^C

root@OpenWrt:~# echo "===== model ====="; strings /proc/device-tree/model; echo 
"===== compatible ====="; strings /proc/device-tree/compatible; echo "===== top-
level DT nodes ====="; find /proc/device-tree -maxdepth 2 -type d | sort
===== model =====
Technicolor TC7200.U
===== compatible =====
technicolor,tc7200u
brcm,bcm3384-viper
brcm,bcm33843-viper
===== top-level DT nodes =====
root@OpenWrt:~# 
root@OpenWrt:~# ^C

root@OpenWrt:~# re[ 1319.594914] ttyS ttyS0: 2 input overrun(s)
adlink -f /proc/device-tree; ls -la /proc/device-tree; find -p
e -maxdepth 2 -type d | sort
/sys/firmware/devicetree/base
[ 1322.188625] ttyS ttyS0: 1 input overrun(s)
readlink -f /proc/device-tree; ls -la /proc/device-tree; find -L /proc/device-tree -maxdeertlrwxrwxrwx    1 root     root            29 Jan  1 00:01 [1;36m/proc/device-tree[m -> [1;34m/sys/firmware/devicetree/base[m
find: unrecognized: -pe
BusyBox v1.37.0 (2026-01-02 17:07:02 UTC) multi-call binary.

Usage: find [-HL] [PATH]... [OPTIONS] [ACTIONS]

Search for files and perform actions on them.
First failed action stops processing of current file.
Defaults: PATH is current directory, action is '-print'

	-L,-follow	Follow symlinks
	-H		...on command line only
	-xdev		Don't descend directories on other filesystems
	-maxdepth N	Descend at most N levels. -maxdepth 0 applies
			actions to command line arguments only
	-mindepth N	Don't act on first N levels
	-depth		Act on directory *after* traversing it

Actions:
	( ACTIONS )	Group actions for -o / -a
	! ACT		Invert ACT's success/failure
	ACT1 [-a] ACT2	If ACT1 fails, stop, else do ACT2
	ACT1 -o ACT2	If ACT1 succeeds, stop, else do ACT2
			Note: -a has higher priority than -o
	-name PATTERN	Match file name (w/o directory name) to PATTERN
	-iname PATTERN	Case insensitive -name
	-path PATTERN	Match path to PATTERN
	-ipath PATTERN	Case insensitive -path
	-regex PATTERN	Match path to regex PATTERN
	-type X		File type is X (one of: f,d,l,b,c,s,p)
	-perm MASK	At least one mask bit (+MASK), all bits (-MASK),
			or exactly MASK bits are set in file's mode
	-mtime DAYS	mtime is greater than (+N), less than (-N),
			or exactly N days in the past
	-mmin MINS	mtime is greater than (+N), less than (-N),
			or exactly N minutes in the past
	-newer FILE	mtime is more recent than FILE's
	-user NAME/ID	File is owned by given user
	-group NAME/ID	File is owned by given group
	-size N[bck]	File size is N (c:bytes,k:kbytes,b:512 bytes(def.))
			+/-N: file size is bigger/smaller than N
	-prune		If current file is directory, don't descend into it
If none of the following actions is specified, -print is assumed
	-print		Print file name
	-print0		Print file name, NUL terminated
	-exec CMD ARG ;	Run CMD with all instances of {} replaced by
			file name. Fails if CMD exits with nonzero
root@OpenWrt:~# readlink -f /proc/device-tree; ls -la /proc/device-tree; find -L
 /proc/device-tree -maxdeert
/sys/firmware/devicetree/base
lrwxrwxrwx    1 root     root            29 Jan  1 00:01 [1;36m/proc/device-tree[m -> [1;34m/sys/firmware/devicetree/base[m
find: unrecognized: -maxdeert
BusyBox v1.37.0 (2026-01-02 17:07:02 UTC) multi-call binary.

Usage: find [-HL] [PATH]... [OPTIONS] [ACTIONS]

Search for files and perform actions on them.
First failed action stops processing of current file.
Defaults: PATH is current directory, action is '-print'

	-L,-follow	Follow symlinks
	-H		...on command line only
	-xdev		Don't descend directories on other filesystems
	-maxdepth N	Descend at most N levels. -maxdepth 0 applies
			actions to command line arguments only
	-mindepth N	Don't act on first N levels
	-depth		Act on directory *after* traversing it

Actions:
	( ACTIONS )	Group actions for -o / -a
	! ACT		Invert ACT's success/failure
	ACT1 [-a] ACT2	If ACT1 fails, stop, else do ACT2
	ACT1 -o ACT2	If ACT1 succeeds, stop, else do ACT2
			Note: -a has higher priority than -o
	-name PATTERN	Match file name (w/o directory name) to PATTERN
	-iname PATTERN	Case insensitive -name
	-path PATTERN	Match path to PATTERN
	-ipath PATTERN	Case insensitive -path
	-regex PATTERN	Match path to regex PATTERN
	-type X		File type is X (one of: f,d,l,b,c,s,p)
	-perm MASK	At least one mask bit (+MASK), all bits (-MASK),
			or exactly MASK bits are set in file's mode
	-mtime DAYS	mtime is greater than (+N), less than (-N),
			or exactly N days in the past
	-mmin MINS	mtime is greater than (+N), less than (-N),
			or exactly N minutes in the past
	-newer FILE	mtime is more recent than FILE's
	-user NAME/ID	File is owned by given user
	-group NAME/ID	File is owned by given group
	-size N[bck]	File size is N (c:bytes,k:kbytes,b:512 bytes(def.))
			+/-N: file size is bigger/smaller than N
	-prune		If current file is directory, don't descend into it
If none of the following actions is specified, -print is assumed
	-print		Print file name
	-print0		Print file name, NUL terminated
	-exec CMD ARG ;	Run CMD with all instances of {} replaced by
			file name. Fails if CMD exits with nonzero
root@OpenWrt:~# readlink -f /proc/device-tree; ls -la /proc/device-tree; find -L
 /proc/device-tree -maxdepth 2 -type d | sort
/sys/firmware/devicetree/base
lrwxrwxrwx    1 root     root            29 Jan  1 00:01 [1;36m/proc/device-tree[m -> [1;34m/sys/firmware/devicetree/base[m
/proc/device-tree
/proc/device-tree/aliases
/proc/device-tree/chosen
/proc/device-tree/clocks
/proc/device-tree/clocks/periph_clk
/proc/device-tree/cpu_intc
/proc/device-tree/cpus
/proc/device-tree/cpus/cpu@0
/proc/device-tree/memory@0
/proc/device-tree/ubus
/proc/device-tree/ubus/cmips_intc@151f8048
/proc/device-tree/ubus/periph_intc@14e00048
/proc/device-tree/ubus/serial@14e00520
/proc/device-tree/ubus/usb@15400300
/proc/device-tree/ubus/usb@15400400
root@OpenWrt:~# 