ţ
BCM3383A2 
Sync: 0 
MemSize:            128 M
Chip ID:     BCM3383Z-B0

BootLoader Version: 2.4.0alpha18p1 Pre-release Gnu spiboot dual-flash reduced DDR drive linux
Build Date: Aug 14 2012
Build Time: 09:48:58
SPI flash ID 0xc22014, size 1MB, block size 64KB, write buffer 256, flags 0x0
NAND flash: Device size 64 MB, Block size 16 KB, Page size 512 B
Cust key size 128
parameter offset is 43872

Signature/PID: a825

Switch detected: 53125
ProbePhy: Found PHY 0, MDIO on MAC 0, data on MAC 0
Using GMAC0, phy 0

Enet link up: 1G full


Main Menu:
==========
  b) Boot from flash
  c) Check DRAM
  g) Download and run from RAM
  d) Download and save to flash
  e) Erase flash sector
  m) Set mode
  s) Store bootloader parameters to flash
  i) Re-init ethernet
  r) Read memory
  w) Write memory
  j) Jump to arbitrary address
  p) Print flash partition map
  E) Erase flash region/partition
  X) Erase all of flash except the bootloader
  z) Reset

TFTP Get Selected

Destination: a5f00000

Destination: a5f00000
Starting TFTP of openwrt-ps-irqfallback.bin from 192.168.77.2
Getting openwrt-ps-irqfallback.bin using octet mode


Main Menu:
==========
  b) Boot from flash
  c) Check DRAM
  g) Download and run from RAM
  d) Download and save to flash
  e) Erase flash sector
  m) Set mode
  s) Store bootloader parameters to flash
  i) Re-init ethernet
  r) Read memory
  w) Write memory
  j) Jump to arbitrary address
  p) Print flash partition map
  E) Erase flash region/partition
  X) Erase all of flash except the bootloader
  z) Reset

Tftp timeout...
Tftp timeout...
Received packet for invalid session...
Tftp timeout...
.................................................................................................................................................................................................................................................................................Received packet for invalid session...
.................................................................................................................................................................................................................................................................................................................................................................................................................................................Received packet for invalid session...
...........................................................................................................................................................................................................................................................................................................................................................................................................................................................................................................................................................................................................................................................................................................................................................................................................................................................................................Received packet for invalid session...
..................................................................Received packet for invalid session...
....................................................................................................................................................................................................................................................................................................................................................Received packet for invalid session...
..........................................................................................................................................................................................................................................................................................................................................................................................................................................................................................................................................................................................................................................................................................................................................................................................................................................................................................................................................................................................................................................................................................................................................................................................................
Tftp complete
Received 6417636 bytes

Image 3 Program Header:
   Signature: a825
     Control: 0000
   Major Rev: 0100
   Minor Rev: 04ff
  Build Time: 2026/5/17 02:45:02 Z
 File Length: 6417544 bytes
Load Address: 82000000
    Filename: openwrt-initramfs.bin
         HCS: 2a8d
         CRC: 00000000

Bypassing CRC Verifiction on Image 4...
CRC time = 340
Loading non-compressed image 4...
Target Address: 0x82000000
Length: 6417544
Reading flash map at ff30, size 192
Successfully restored flash map from SPI flash!
Copying partition table to 0x83fffc04 180
Copying partition table to 0x80000904 180

Executing Image 4...




OpenWrt kernel loader for BMIPS
Copyright (C) 2011 Gabor Juhos <juhosg@openwrt.org>
Copyright (C) 2014 Jonas Gorski <jogo@openwrt.org>
Copyright (C) 2020 Alvaro Fernandez Rojas <noltari@gmail.com>
Decompressing kernel... done!
blasting from 0x80010000 to 0x015908ff (0x80010000 - 0x815a0900)
Starting kernel at 80010000...

[    0.000000] Linux version 6.12.87 (mgta29@CerberusNB) (mips-openwrt-linux-musl-gcc (OpenWrt GCC 14.3.0 r34427-6865d489d2) 14.3.0, GNU ld (GNU Binutils) 2.44) #0 SMP Fri May 15 11:26:37 2026
[    0.000000] CPU0 revision is: 0002a080 (Broadcom BMIPS4350)
[    0.000000] MIPS: machine is Technicolor TC7200.U
[    0.000000] earlycon: bcm63xx_uart0 at MMIO 0x14e00500 (options '')
[    0.000000] printk: legacy bootconsole [bcm63xx_uart0] enabled
[    0.000000] Kernel sections are not in the memory maps
[    0.000000] Wasting 576 bytes for tracking 16 unused pages
[    0.000000] Initrd not found or empty - disabling initrd
[    0.000000] OF: reserved mem: Reserved memory: No reserved-memory node in the DT
[    0.000000] Primary instruction cache 64kB, VIPT, 4-way, linesize 16 bytes.
[    0.000000] Primary data cache 32kB, 2-way, VIPT, cache aliases, linesize 16 bytes
[    0.000000] Zone ranges:
[    0.000000]   Normal   [mem 0x0000000000010000-0x000000000fffffff]
[    0.000000] Movable zone start for each node
[    0.000000] Early memory node ranges
[    0.000000]   node   0: [mem 0x0000000000010000-0x00000000016d7fff]
[    0.000000]   node   0: [mem 0x0000000006000000-0x0000000007ffffff]
[    0.000000]   node   0: [mem 0x000000000e000000-0x000000000fffffff]
[    0.000000] Initmem setup node 0 [mem 0x0000000000010000-0x000000000fffffff]
[    0.000000] On node 0, zone Normal: 16 pages in unavailable ranges
[    0.000000] On node 0, zone Normal: 18728 pages in unavailable ranges
[    0.000000] On node 0, zone Normal: 24576 pages in unavailable ranges
[    0.000000] percpu: Embedded 12 pages/cpu s19664 r8192 d21296 u49152
[    0.000000] Kernel command line: console=ttyS0,115200 earlycon
[    0.000000] Dentry cache hash table entries: 8192 (order: 3, 32768 bytes, linear)
[    0.000000] Inode-cache hash table entries: 4096 (order: 2, 16384 bytes, linear)
[    0.000000] Built 1 zonelists, mobility grouping on.  Total pages: 22216
[    0.000000] mem auto-init: stack:off, heap alloc:off, heap free:off
[    0.000000] SLUB: HWalign=64, Order=0-3, MinObjects=0, CPUs=1, Nodes=1
[    0.000000] rcu: Hierarchical RCU implementation.
[    0.000000] rcu: 	RCU restricting CPUs from NR_CPUS=2 to nr_cpu_ids=1.
[    0.000000] 	Tracing variant of Tasks RCU enabled.
[    0.000000] rcu: RCU calculated value of scheduler-enlistment[    0.000000] rcu: Adjusting geometry for rcu_fanout_leaf=16, nr_cpu_ids=1
[    0.000000] RCU Tasks Trace: Setting shift to 0 and lim to 1 _IRQS: 256
[    0.000000] rcu: srcu_init: Setting srcu_struct sizes based on contention.
[    0.000000] clocksource: MIPS: mask: 0xffffffff max_cycles: 0xffffffff, max_idle_ns: 6370868154 ns
[    0.000107] sched_clock: 32 bits at 300MHz, resolution 3ns, wraps every 7158278654ns
[    0.019189] Calibrating delay loop... 4.42 BogoMIPS (lpj=22144)
[    0.160680] pid_max: default: 32768 minimum: 301
[    2.907802] Mount-cache hash table entries: 1024 (order: 0, 4096 bytes, linear)
[    2.919523] Mountpoint-cache hash table entries: 1024 (order: 0, 4096 bytes, linear)
[    5.039235] rcu: Hierarchical SRCU implementation.
[    5.046830] rcu: 	Max phase no-delay instances is 1000.
[    5.150879] smp: Bringing up secondary CPUs ...
[    5.158187] smp: Brought up 1 node, 1 CPU
[    5.186111] Memory: 62496K/88864K available (8393K kernel code, 662K rwdata, 1788K rodata, 12252K init, 224K bss, 25748K reserved, 0K cma-reserved)
[    5.514238] clocksource: jiffies: mask: 0xffffffff max_cycles: 0xffffffff, max_idle_ns: 19112604462750000 ns
[    5.529774] futex hash table entries: 256 (order: 2, 16384 bytes, linear)
[    7.326173] pinctrl core: initialized pinctrl subsystem
[    8.035941] NET: Registered PF_NETLINK/PF_ROUTE protocol family
[   10.146908] clocksource: Switched to clocksource MIPS
[   13.013507] NET: Registered PF_INET protocol family
[   13.059477] IP idents hash table entries: 2048 (order: 2, 16384 bytes, linear)
[   13.206392] tcp_listen_portaddr_hash hash table entries: 512 (order: 0, 4096 bytes, linear)
[   13.221474] Table-perturb hash table entries: 65536 (order: 6, 262144 bytes, linear)
[   13.234539] TCP established hash table entries: 1024 (order: 0, 4096 bytes, linear)
[   13.251931] TCP bind hash table entries: 1024 (order: 2, 16384 bytes, linear)
[   13.269483] TCP: Hash tables configured (established 1024 bind 1024)
[   13.360228] MPTCP token hash table entries: 256 (order: 0, 4096 bytes, linear)
[   13.424798] UDP hash table entries: 256 (order: 1, 8192 bytes, linear)
[   13.439139] UDP-Lite hash table entries: 256 (order: 1, 8192 bytes, linear)
[   13.603769] NET: Registered PF_UNIX/PF_LOCAL protocol family
[   13.617038] PCI: CLS 0 bytes, default 16
[   17.758181] workingset: timestamp_bits=14 max_order=14 bucket_order=0
[   18.504941] squashfs: version 4.0 (2009/01/31) Phillip Lougher
[   18.514785] jffs2: version 2.2 (NAND) (SUMMARY) (LZMA) (RTIME) (CMODE_PRIORITY) (c) 2001-2006 Red Hat, Inc.
[   21.650407] irq_bcm7120_l2: registered BCM3380 L2 intc (/ubus/periph_intc@14e00048, parent IRQ(s): 1)
[   21.699784] irq_bcm7120_l2: registered BCM3380 L2 intc (/ubus/cmips_intc@151f8048, parent IRQ(s): 1)
[   21.754196] irq_bcm7120_l2: registered BCM3380 L2 intc (/ubus/iop_intc@14e00050, parent IRQ(s): 1)
[   21.998169] 14e00500.serial: ttyS0 at MMIO 0x14e00500 (irq = 8, base_baud = 1687500) is a bcm63xx_uart
[   22.014254] printk: legacy console [ttyS0] enabled
[   22.014254] printk: legacy console [ttyS0] enabled
[   22.029976] printk: legacy bootconsole [bcm63xx_uart0] disabled
[   22.029976] printk: legacy bootconsole [bcm63xx_uart0] disabled
[   23.900898] bcm6368_nand 14e02200.nand: timeout waiting for command 0x9
[   23.912573] bcm6368_nand 14e02200.nand: intfc status c0000000
[   23.922474] nand: No NAND device found
[   24.284276] bcmgenet 12c00000.ethernet: GENET 1.0 EPHY: 0x02aa
[   24.297411] bcmgenet 12c00000.ethernet: using random Ethernet MAC
[   24.312479] bcmgenet 12c00000.ethernet: unable to find MDIO bus node
[   24.420888] unimac-mdio unimac-mdio.-19: Broadcom UniMAC MDIO bus
[   34.588072] NET: Registered PF_INET6 protocol family
[   35.143019] Segment Routing with IPv6
[   35.163574] In-situ OAM (IOAM) with IPv6
[   35.187313] NET: Registered PF_PACKET protocol family
[   35.234379] 8021q: 802.1Q VLAN Support v1.8
[   39.987597] clk: Disabling unused clocks
[   39.993544] PM: genpd: Disabling unused power domains
[   41.623897] Freeing unused kernel image (initmem) memory: 12252K
[   41.633939] This architecture does not have kernel memory protection.
[   41.644538] Run /init as init process
[   75.709557] init: Console is alive
[   76.375069] kmodloader: loading kernel modules from /etc/modules-boot.d/*
[   76.560725] kmodloader: done loading kernel modules from /etc/modules-boot.d/*
[   76.671756] init: - preinit -
[  103.961537] random: crng init done

[  134.860165] bcmgenet 12c00000.ethernet: configuring instance for external RGMII (no delay)
[  134.939533] bcmgenet 12c00000.ethernet eth0: Link is Up - 1Gbps/Full - flow control off
[  135.021653] bcmgenet 12c00000.ethernet eth0: TC7200U XMITDESC i=0 nr_frags=0 size=154 mapping=0x06835002 len_stat=0x000e009a bd_addr=b2c03000 ring=16 write_ptr=1 prod=0 free=256
[  135.046902] bcmgenet 12c00000.ethernet eth0: TC7200U ADDRDBG i=0 skb_data=86835002 dma=0x06835002 dma_low20=0x35002 dma_mask=0xffffffff coh_mask=0xffffffff bus_limit=0x0 range_map=00000000
[  135.071619] bcmgenet 12c00000.ethernet eth0: TC7200U DESCRB i=0 wrote_len=0x000e009a wrote_map=0x06835002 rb_len=0x000e009a rb_addr=0x00035002 bd_addr=b2c03000
[  137.096639] bcmgenet 12c00000.ethernet eth0: NETDEV WATCHDOG: CPU: 0: transmit queue 0 timed out 2010 ms
[  137.111805] bcmgenet 12c00000.ethernet eth0: TC7200U TXPOLL before_reclaim periph_stat=0x40030004 periph_mask=0x00002010 intr0_stat=0xffffffea intr0_mask=0x8680dcb4 intr1_stat=0x0000006d intr1_mask=0x80a26c78 tdma_ctrl=0x00020001 tdma_stat=0x00000000 sw_prod=1 sw_c=0 hw_p=1 hw_c=0 free_bds=255 clean=0 write=1
[  137.151999] bcmgenet 12c00000.ethernet eth0: TC7200U TXPOLL after_reclaim periph_stat=0x40030004 periph_mask=0x00002010 intr0_stat=0xffffffea intr0_mask=0x8680dc3c intr1_stat=0x0000006e intr1_mask=0x80a26c78 tdma_ctrl=0x00020001 tdma_stat=0x00000000 sw_prod=1 sw_c=0 hw_p=1 hw_c=0 free_bds=255 clean=0 write=1
[  139.897355] bcmgenet 12c00000.ethernet eth0: NETDEV WATCHDOG: CPU: 0: transmit queue 0 timed out 2710 ms
[  139.912489] bcmgenet 12c00000.ethernet eth0: TC7200U TXPOLL before_reclaim periph_stat=0x40030004 periph_mask=0x00002010 intr0_stat=0xffffffea intr0_mask=0x8680dcb4 intr1_stat=0x00000070 intr1_mask=0x80a26c78 tdma_ctrl=0x00020001 tdma_stat=0x00000000 sw_prod=1 sw_c=0 hw_p=1 hw_c=0 free_bds=255 clean=0 write=1
[  139.952692] bcmgenet 12c00000.ethernet eth0: TC7200U TXPOLL after_reclaim periph_stat=0x40030004 periph_mask=0x00002010 intr0_stat=0xffffffea intr0_mask=0x8680dc3c intr1_stat=0x00000071 intr1_mask=0x80a26c78 tdma_ctrl=0x00020001 tdma_stat=0x00000000 sw_prod=1 sw_c=0 hw_p=1 hw_c=0 free_bds=255 clean=0 write=1
Press the [f] key and hit [enter] to enter failsafe mode
Press the [1], [2], [3] or [4] key and hit [enter] to select the debug level
[  141.996781] bcmgenet 12c00000.ethernet eth0: NETDEV WATCHDOG: CPU: 0: transmit queue 0 timed out 2010 ms
[  142.011956] bcmgenet 12c00000.ethernet eth0: TC7200U TXPOLL before_reclaim periph_stat=0x40030004 periph_mask=0x00002010 intr0_stat=0xffffffea intr0_mask=0x8680dcb4 intr1_stat=0x00000073 intr1_mask=0x80a26c78 tdma_ctrl=0x00020001 tdma_stat=0x00000000 sw_prod=1 sw_c=0 hw_p=1 hw_c=0 free_bds=255 clean=0 write=1
[  142.052797] bcmgenet 12c00000.ethernet eth0: TC7200U TXPOLL after_reclaim periph_stat=0x40030004 periph_mask=0x00002010 intr0_stat=0xffffffea intr0_mask=0x8680dc3c intr1_stat=0x00000074 intr1_mask=0x80a26c78 tdma_ctrl=0x00020001 tdma_stat=0x00000000 sw_prod=1 sw_c=0 hw_p=1 hw_c=0 free_bds=255 clean=0 write=1
[  144.096591] bcmgenet 12c00000.ethernet eth0: NETDEV WATCHDOG: CPU: 0: transmit queue 0 timed out 2010 ms
[  144.112239] bcmgenet 12c00000.ethernet eth0: TC7200U TXPOLL before_reclaim periph_stat=0x40030004 periph_mask=0x00002010 intr0_stat=0xffffffea intr0_mask=0x8680dcb4 intr1_stat=0x00000076 intr1_mask=0x80a26c78 tdma_ctrl=0x00020001 tdma_stat=0x00000000 sw_prod=1 sw_c=0 hw_p=1 hw_c=0 free_bds=255 clean=0 write=1
[  144.152501] bcmgenet 12c00000.ethernet eth0: TC7200U TXPOLL after_reclaim periph_stat=0x40030004 periph_mask=0x00002010 intr0_stat=0xffffffea intr0_mask=0x8680dc3c intr1_stat=0x00000077 intr1_mask=0x80a26c78 tdma_ctrl=0x00020001 tdma_stat=0x00000000 sw_prod=1 sw_c=0 hw_p=1 hw_c=0 free_bds=255 clean=0 write=1
[  146.937461] bcmgenet 12c00000.ethernet eth0: NETDEV WATCHDOG: CPU: 0: transmit queue 0 timed out 2750 ms
[  146.952803] bcmgenet 12c00000.ethernet eth0: TC7200U TXPOLL before_reclaim periph_stat=0x40030004 periph_mask=0x00002010 intr0_stat=0xffffffea intr0_mask=0x8680dcb4 intr1_stat=0x00000079 intr1_mask=0x80a26c78 tdma_ctrl=0x00020001 tdma_stat=0x00000000 sw_prod=1 sw_c=0 hw_p=1 hw_c=0 free_bds=255 clean=0 write=1
[  146.992841] bcmgenet 12c00000.ethernet eth0: TC7200U TXPOLL after_reclaim periph_stat=0x40030004 periph_mask=0x00002010 intr0_stat=0xffffffea intr0_mask=0x8680dc3c intr1_stat=0x0000007a intr1_mask=0x80a26c78 tdma_ctrl=0x00020001 tdma_stat=0x00000000 sw_prod=1 sw_c=0 hw_p=1 hw_c=0 free_bds=255 clean=0 write=1
[  149.036628] bcmgenet 12c00000.ethernet eth0: NETDEV WATCHDOG: CPU: 0: transmit queue 0 timed out 2010 ms
[  149.051685] bcmgenet 12c00000.ethernet eth0: TC7200U TXPOLL before_reclaim periph_stat=0x40030004 periph_mask=0x00002010 intr0_stat=0xffffffea intr0_mask=0x8680dcb4 intr1_stat=0x0000007c intr1_mask=0x80a26c78 tdma_ctrl=0x00020001 tdma_stat=0x00000000 sw_prod=1 sw_c=0 hw_p=1 hw_c=0 free_bds=255 clean=0 write=1
[  149.091690] bcmgenet 12c00000.ethernet eth0: TC7200U TXPOLL after_reclaim periph_stat=0x40030004 periph_mask=0x00002010 intr0_stat=0xffffffea intr0_mask=0x8680dc3c intr1_stat=0x0000007d intr1_mask=0x80a26c78 tdma_ctrl=0x00020001 tdma_stat=0x00000000 sw_prod=1 sw_c=0 hw_p=1 hw_c=0 free_bds=255 clean=0 write=1
[  151.897562] bcmgenet 12c00000.ethernet eth0: NETDEV WATCHDOG: CPU: 0: transmit queue 0 timed out 2770 ms
[  151.912723] bcmgenet 12c00000.ethernet eth0: TC7200U TXPOLL before_reclaim periph_stat=0x40030004 periph_mask=0x00002010 intr0_stat=0xffffffea intr0_mask=0x8680dcb4 intr1_stat=0x0000007f intr1_mask=0x80a26c78 tdma_ctrl=0x00020001 tdma_stat=0x00000000 sw_prod=1 sw_c=0 hw_p=1 hw_c=0 free_bds=255 clean=0 write=1
[  151.952945] bcmgenet 12c00000.ethernet eth0: TC7200U TXPOLL after_reclaim periph_stat=0x40030004 periph_mask=0x00002010 intr0_stat=0xffffffea intr0_mask=0x8680dc3c intr1_stat=0x00000080 intr1_mask=0x80a26c78 tdma_ctrl=0x00020001 tdma_stat=0x00000000 sw_prod=1 sw_c=0 hw_p=1 hw_c=0 free_bds=255 clean=0 write=1
[  153.996597] bcmgenet 12c00000.ethernet eth0: NETDEV WATCHDOG: CPU: 0: transmit queue 0 timed out 2010 ms
[  154.011816] bcmgenet 12c00000.ethernet eth0: TC7200U TXPOLL before_reclaim periph_stat=0x40030004 periph_mask=0x00002010 intr0_stat=0xffffffea intr0_mask=0x8680dcb4 intr1_stat=0x00000082 intr1_mask=0x80a26c78 tdma_ctrl=0x00020001 tdma_stat=0x00000000 sw_prod=1 sw_c=0 hw_p=1 hw_c=0 free_bds=255 clean=0 write=1
[  154.051605] bcmgenet 12c00000.ethernet eth0: TC7200U TXPOLL after_reclaim periph_stat=0x40030004 periph_mask=0x00002010 intr0_stat=0xffffffea intr0_mask=0x8680dc3c intr1_stat=0x00000083 intr1_mask=0x80a26c78 tdma_ctrl=0x00020001 tdma_stat=0x00000000 sw_prod=1 sw_c=0 hw_p=1 hw_c=0 free_bds=255 clean=0 write=1
[  156.096734] bcmgenet 12c00000.ethernet eth0: NETDEV WATCHDOG: CPU: 0: transmit queue 0 timed out 2010 ms
[  156.112082] bcmgenet 12c00000.ethernet eth0: TC7200U TXPOLL before_reclaim periph_stat=0x40030004 periph_mask=0x00002010 intr0_stat=0xffffffea intr0_mask=0x8680dcb4 intr1_stat=0x00000085 intr1_mask=0x80a26c78 tdma_ctrl=0x00020001 tdma_stat=0x00000000 sw_prod=1 sw_c=0 hw_p=1 hw_c=0 free_bds=255 clean=0 write=1
[  156.152183] bcmgenet 12c00000.ethernet eth0: TC7200U TXPOLL after_reclaim periph_stat=0x40030004 periph_mask=0x00002010 intr0_stat=0xffffffea intr0_mask=0x8680dc3c intr1_stat=0x00000086 intr1_mask=0x80a26c78 tdma_ctrl=0x00020001 tdma_stat=0x00000000 sw_prod=1 sw_c=0 hw_p=1 hw_c=0 free_bds=255 clean=0 write=1
[  157.493491] bcmgenet 12c00000.ethernet eth0: Link is Down
[  158.564483] procd: - early -
[  161.991463] procd: - ubus -
[  164.511656] procd: - init -
Please press Enter to activate this console.

login[376]: root login on 'ttyS0'


BusyBox v1.37.0 (2026-01-02 17:07:02 UTC) built-in shell (ash)

  _______                     ________        __
 |       |.-----.-----.-----.|  |  |  |.----.|  |_
 |   -   ||  _  |  -__|     ||  |  |  ||   _||   _|
 |_______||   __|_____|__|__||________||__|  |____|
          |__| W I R E L E S S   F R E E D O M
 -----------------------------------------------------
 OpenWrt SNAPSHOT, r34428-ded2d0b714
 -----------------------------------------------------

 === WARNING! =====================================
 There is no root password defined on this device!
 Use the "passwd" command to set up a new password
 in order to prevent unauthorized SSH logins.
 --------------------------------------------------

root@(none):~# dmesg -n 1
root@(none):~# ip link set eth0 up
root@(none):~# dmesg | grep 'TC7200U ADDRDBG'
[  135.046902] bcmgenet 12c00000.ethernet eth0: TC7200U ADDRDBG i=0 skb_data=86835002 dma=0x06835002 dma_low20=0x35002 dma_mask=0xffffffff coh_mask=0xffffffff bus_limit=0x0 range_map=00000000
[  184.624934] bcmgenet 12c00000.ethernet eth0: TC7200U ADDRDBG i=0 skb_data=869b0002 dma=0x069b0002 dma_low20=0xb0002 dma_mask=0xffffffff coh_mask=0xffffffff bus_limit=0x0 range_map=00000000
root@(none):~# dmesg | grep 'TC7200U DESCRB'
[  135.071619] bcmgenet 12c00000.ethernet eth0: TC7200U DESCRB i=0 wrote_len=0x000e009a wrote_map=0x06835002 rb_len=0x000e009a rb_addr=0x00035002 bd_addr=b2c03000
[  184.630550] bcmgenet 12c00000.ethernet eth0: TC7200U DESCRB i=0 wrote_len=0x000e009a wrote_map=0x069b0002 rb_len=0x000e009a rb_addr=0x000b0002 bd_addr=b2c03000
root@(none):~# dmesg | grep 'TC7200U TXPOLL' | tail -2
[  209.939842] bcmgenet 12c00000.ethernet eth0: TC7200U TXPOLL before_reclaim periph_stat=0x40030004 periph_mask=0x00002010 intr0_stat=0xffffffea intr0_mask=0x8680dcb4 intr1_stat=0x000000b2 intr1_mask=0x80a26c78 tdma_ctrl=0x00020001 tdma_stat=0x00000000 sw_prod=1 sw_c=0 hw_p=1 hw_c=0 free_bds=255 clean=0 write=1
[  209.948198] bcmgenet 12c00000.ethernet eth0: TC7200U TXPOLL after_reclaim periph_stat=0x40030004 periph_mask=0x00002010 intr0_stat=0xffffffea intr0_mask=0x8680dc3c intr1_stat=0x000000b3 intr1_mask=0x80a26c78 tdma_ctrl=0x00020001 tdma_stat=0x00000000 sw_prod=1 sw_c=0 hw_p=1 hw_c=0 free_bds=255 clean=0 write=1
root@(none):~# ip lt[J[J[J[J[Jip dn[J[J[J[J[Jip link set eth0 down
root@(none):~# 
root@(none):~# ip link set eth0 up
root@(none):~# sleep 1
root@(none):~# for a in 0x14e00048 0x14e0004c 0x14e00350 0x14e00354 0x12c00200 0
x12c0020c 0x12c0412c03000 0x12c03004; do echo -n "$a "; devmem $a 32; done
0x14e00048 0x40030004
0x14e0004c 0x00002010
0x14e00350 0x00000000
0x14e00354 0x00000000
0x12c00200 0x00000001
0x12c0020c 0x00000001
ip link set eth0 down0x12c0412c03000 devmem: mmap: Invalid argument
0x12c03004 0x000B0802
root@(none):~# ip link set eth0 down
root@(none):~# root@(none):~# ip link set eth0 down[Jroot@(none):~# for a in 0x14e00048 0x14e0004c 0x14e00350 0x14e00354 0x12c00200 0
x12c0020c 0x12c0412c03000 0x12c03004; do echo -n "$a "; devmem $a 32; done[J[1Aroot@(none):~# sleep 1[Jroot@(none):~# ip link set eth0 up[J
root@(none):~# for a in 0x14e00048 0x14e0004c 0x14e00350 0x14e00354 0x102c 0x12c
00240 0x12c0024c 0x12c03000 0x12c03004
> do echo -n "$a "; devmem $a 32; done
0x14e00048 0x40030004
0x14e0004c 0x00002010
0x14e00350 0x00000000
0x14e00354 0x00000000
0x102c 0x00000000
0x12c00240 0x00000001
0x12c0024c 0x00000001
0x12c03000 0x000E009A
0x12c03004 0x000B0002
root@(none):~# for a in 0x14e00048
> 0x14e0004c
-ash: syntax error: unexpected word (expecting "do")
root@(none):~# ip link set eth0 up
root@(none):~# for 0x14e00350 0x14e00354 0x12c00200 0x12c0020c 0x12c00240 0x12c0
024c 0x12c03000 0x12c03004[1Aroot@(none):~# ip link set eth0 up[Jroot@(none):~# for 0x14e00350 0x14e00354 0x12c00200 0x12c0020c 0x12c00240 0x12c0
024c 0x12c03000 0x12c03004[J[1A[79C0
24c 0x12c03000 0x12c03004[J[1A[79C02
4c 0x12c03000 0x12c03004[J[1A[78C024
c 0x12c03000 0x12c03004[J[1A[77C024c
 0x12c03000 0x12c03004[J[1A[76C024c 
0x12c03000 0x12c03004[J[1A[75C024c 0
x12c03000 0x12c03004[J[1A[74C024c 0x
12c03000 0x12c03004[J[1A[73C024c 0x1
2c03000 0x12c03004[J[1A[72C024c 0x12
c03000 0x12c03004[J[1A[71C024c 0x12c
03000 0x12c03004[J[1A[70C024c 0x12c0
3000 0x12c03004[J[1A[69C024c 0x12c03
000 0x12c03004[J[1A[68C024c 0x12c030
00 0x12c03004[J[1A[67C024c 0x12c0300
0 0x12c03004[J[1A[66C024c 0x12c03000
 0x12c03004[J[1A[65C^C

root@(none):~# 
root@OpenWrt:~# 