ţ
BCM3383A2 
Sync: 0 
MemSize:            128 M
Chip ID:     BCM3383Z-B0

BootLoader Version: 2.4.0alpha18p1 Pre-release Gnu spiboot dual-flash reduced DDR drive linux
Build Date: Aug 14 2012
Build Time: 09:48:58
SPI flash ID 0xc22014, size 1MB, block size 64KB, write buffer 256, flags 0x0
NAND flash: Device size 64 MB, Block size 16 KB, Page size 512 B
Cust key size 128
parameter offset is 43872

Signature/PID: a825

Switch detected: 53125
ProbePhy: Found PHY 0, MDIO on MAC 0, data on MAC 0
Using GMAC0, phy 0

Enet link up: 1G full


Main Menu:
==========
  b) Boot from flash
  c) Check DRAM
  g) Download and run from RAM
  d) Download and save to flash
  e) Erase flash sector
  m) Set mode
  s) Store bootloader parameters to flash
  i) Re-init ethernet
  r) Read memory
  w) Write memory
  j) Jump to arbitrary address
  p) Print flash partition map
  E) Erase flash region/partition
  X) Erase all of flash except the bootloader
  z) Reset

TFTP Get Selected

Destination: a5f00000

Destination: a5f00000
Starting TFTP of openwrt-ps-irqfallback.bin from 192.168.77.2
Getting openwrt-ps-irqfallback.bin using octet mode


Main Menu:
==========
  b) Boot from flash
  c) Check DRAM
  g) Download and run from RAM
  d) Download and save to flash
  e) Erase flash sector
  m) Set mode
  s) Store bootloader parameters to flash
  i) Re-init ethernet
  r) Read memory
  w) Write memory
  j) Jump to arbitrary address
  p) Print flash partition map
  E) Erase flash region/partition
  X) Erase all of flash except the bootloader
  z) Reset

Tftp timeout...
Tftp timeout...
................................................................................................................Received packet for invalid session...
..........................................................................................................................................................................................................................................................................................................................................................................................................................................................................Received packet for invalid session...
.............................................................................................................................................................................................................................Received packet for invalid session...
.............................................................................................................................................................................................................................................Received packet for invalid session...
...............................................................................................................................................................................................................................................................................................................................................................................................................................................................................................................................................................................................................................................................................................................................................................................................................................................Received packet for invalid session...
.................................................................................................................Received packet for invalid session...
.....................................................................................................................................................................................................................................................................Received packet for invalid session...
....................................................................................................................................................................................................................................................................................................................................................................................................................................................................................................................................................................................................................................................................................................................................................................................................................................................................................................................................................
Tftp complete
Received 6417873 bytes

Image 3 Program Header:
   Signature: a825
     Control: 0000
   Major Rev: 0100
   Minor Rev: 04ff
  Build Time: 2026/5/17 03:35:16 Z
 File Length: 6417781 bytes
Load Address: 82000000
    Filename: openwrt-initramfs.bin
         HCS: 805f
         CRC: 00000000

Bypassing CRC Verifiction on Image 4...
CRC time = 311
Loading non-compressed image 4...
Target Address: 0x82000000
Length: 6417781
Reading flash map at ff30, size 192
Successfully restored flash map from SPI flash!
Copying partition table to 0x83fffc04 180
Copying partition table to 0x80000904 180

Executing Image 4...




OpenWrt kernel loader for BMIPS
Copyright (C) 2011 Gabor Juhos <juhosg@openwrt.org>
Copyright (C) 2014 Jonas Gorski <jogo@openwrt.org>
Copyright (C) 2020 Alvaro Fernandez Rojas <noltari@gmail.com>
Decompressing kernel... done!
blasting from 0x80010000 to 0x01590907 (0x80010000 - 0x815a0910)
Starting kernel at 80010000...

[    0.000000] Linux version 6.12.87 (mgta29@CerberusNB) (mips-openwrt-linux-musl-gcc (OpenWrt GCC 14.3.0 r34427-6865d489d2) 14.3.0, GNU ld (GNU Binutils) 2.44) #0 SMP Fri May 15 11:26:37 2026
[    0.000000] CPU0 revision is: 0002a080 (Broadcom BMIPS4350)
[    0.000000] MIPS: machine is Technicolor TC7200.U
[    0.000000] earlycon: bcm63xx_uart0 at MMIO 0x14e00500 (options '')
[    0.000000] printk: legacy bootconsole [bcm63xx_uart0] enabled
[    0.000000] User-defined physical RAM map overwrite
[    0.000000] Initrd not found or empty - disabling initrd
[    0.000000] OF: reserved mem: Reserved memory: No reserved-memory node in the DT
[    0.000000] Primary instruction cache 64kB, VIPT, 4-way, linesize 16 bytes.
[    0.000000] Primary data cache 32kB, 2-way, VIPT, cache aliases, linesize 16 bytes
[    0.000000] Zone ranges:
[    0.000000]   Normal   [mem 0x0000000000000000-0x0000000001ffffff]
[    0.000000] Movable zone start for each node
[    0.000000] Early memory node ranges
[    0.000000]   node   0: [mem 0x0000000000000000-0x0000000001ffffff]
[    0.000000] Initmem setup node 0 [mem 0x0000000000000000-0x0000000001ffffff]
[    0.000000] percpu: Embedded 12 pages/cpu s19664 r8192 d21296 u49152
[    0.000000] Kernel command line: console=ttyS0,115200 earlycon mem=32M
[    0.000000] Dentry cache hash table entries: 2048 (order: 1, 8192 bytes, linear)
[    0.000000] Inode-cache hash table entries: 1024 (order: 0, 4096 bytes, linear)
[    0.000000] Built 1 zonelists, mobility grouping on.  Total pages: 8192
[    0.000000] mem auto-init: stack:off, heap alloc:off, heap free:off
[    0.000000] SLUB: HWalign=64, Order=0-3, MinObjects=0, CPUs=1, Nodes=1
[    0.000000] rcu: Hierarchical RCU implementation.
[    0.000000] rcu: 	RCU restricting CPUs from NR_CPUS=2 to nr_cpu_ids=1.
[    0.000000] 	Tracing variant of Tasks RCU enabled.
[    0.000000] rcu: RCU calculated value of scheduler-enlistment delay is 10 jiffies.
[    0.000000] rcu: Adjusting geometry for rcu_fanout_leaf=16, nr_cpu_ids=1
[    0.000000] RCU Tasks Trace: Setting shift to 0 and lim to 1 rcu_task_cb_adjust=1 rcu_task_cpu_ids=1.
[    0.000000] NR_IRQS: 256
[    0.000000] rcu: srcu_init: Setting srcu_struct sizes based on contention.
[    0.000000] clocksource: MIPS: mask: 0xffffffff max_cycles: 0xffffffff, max_idle_ns: 6370868154 ns
[    0.000107] sched_clock: 32 bits at 300MHz, resolution 3ns, wraps every 7158278654ns
[    0.019199] Calibrating delay loop... 4.42 BogoMIPS (lpj=22144)
[    0.160698] pid_max: default: 32768 minimum: 301
[    2.910898] Mount-cache hash table entries: 1024 (order: 0, 4096 bytes, linear)
[    2.922657] Mountpoint-cache hash table entries: 1024 (order: 0, 4096 bytes, linear)
[    5.048540] rcu: Hierarchical SRCU implementation.
[    5.056148] rcu: 	Max phase no-delay instances is 1000.
[    5.160217] smp: Bringing up secondary CPUs ...
[    5.167534] smp: Brought up 1 node, 1 CPU
[    5.195525] Memory: 8396K/32768K available (8393K kernel code, 662K rwdata, 1788K rodata, 12252K init, 224K bss, 23704K reserved, 0K cma-reserved)
[    5.523161] clocksource: jiffies: mask: 0xffffffff max_cycles: 0xffffffff, max_idle_ns: 19112604462750000 ns
[    5.538724] futex hash table entries: 256 (order: 2, 16384 bytes, linear)
[    7.335461] pinctrl core: initialized pinctrl subsystem
[    8.047434] NET: Registered PF_NETLINK/PF_ROUTE protocol family
[   10.170426] clocksource: Switched to clocksource MIPS
[   13.035870] NET: Registered PF_INET protocol family
[   13.083038] IP idents hash table entries: 2048 (order: 2, 16384 bytes, linear)
[   13.227579] tcp_listen_portaddr_hash hash table entries: 512 (order: 0, 4096 bytes, linear)
[   13.244109] Table-perturb hash table entries: 65536 (order: 6, 262144 bytes, linear)
[   13.257027] TCP established hash table entries: 1024 (order: 0, 4096 bytes, linear)
[   13.274415] TCP bind hash table entries: 1024 (order: 2, 16384 bytes, linear)
[   13.292185] TCP: Hash tables configured (established 1024 bind 1024)
[   13.382789] MPTCP token hash table entries: 256 (order: 0, 4096 bytes, linear)
[   13.447389] UDP hash table entries: 256 (order: 1, 8192 bytes, linear)
[   13.462155] UDP-Lite hash table entries: 256 (order: 1, 8192 bytes, linear)
[   13.626923] NET: Registered PF_UNIX/PF_LOCAL protocol family
[   13.640297] PCI: CLS 0 bytes, default 16
[   17.805985] workingset: timestamp_bits=14 max_order=12 bucket_order=0
[   18.554240] squashfs: version 4.0 (2009/01/31) Phillip Lougher
[   18.564064] jffs2: version 2.2 (NAND) (SUMMARY) (LZMA) (RTIME) (CMODE_PRIORITY) (c) 2001-2006 Red Hat, Inc.
[   21.730163] irq_bcm7120_l2: registered BCM3380 L2 intc (/ubus/periph_intc@14e00048, parent IRQ(s): 1)
[   21.790116] irq_bcm7120_l2: registered BCM3380 L2 intc (/ubus/cmips_intc@151f8048, parent IRQ(s): 1)
[   21.846096] irq_bcm7120_l2: registered BCM3380 L2 intc (/ubus/iop_intc@14e00050, parent IRQ(s): 1)
[   22.093517] 14e00500.serial: ttyS0 at MMIO 0x14e00500 (irq = 8, base_baud = 1687500) is a bcm63xx_uart
[   22.110746] printk: legacy console [ttyS0] enabled
[   22.110746] printk: legacy console [ttyS0] enabled
[   22.125293] printk: legacy bootconsole [bcm63xx_uart0] disabled
[   22.125293] printk: legacy bootconsole [bcm63xx_uart0] disabled
[   24.100945] bcm6368_nand 14e02200.nand: timeout waiting for command 0x9
[   24.112193] bcm6368_nand 14e02200.nand: intfc status c0000000
[   24.121941] nand: No NAND device found
[   24.484338] bcmgenet 12c00000.ethernet: GENET 1.0 EPHY: 0x02aa
[   24.495869] bcmgenet 12c00000.ethernet: using random Ethernet MAC
[   24.511881] bcmgenet 12c00000.ethernet: unable to find MDIO bus node
[   24.620466] unimac-mdio unimac-mdio.-19: Broadcom UniMAC MDIO bus
[   31.967249] kworker/u4:1 invoked oom-killer: gfp_mask=0x140cca(GFP_HIGHUSER_MOVABLE|__GFP_COMP), order=0, oom_score_adj=0
[   31.984959] CPU: 0 UID: 0 PID: 22 Comm: kworker/u4:1 Not tainted 6.12.87 #0
[   31.987096] Hardware name: Technicolor TC7200.U
[   31.988055] Workqueue: async async_run_entry_fn
[   31.989827] Stack : 80a20000 818e198c 00000000 8005c364 818e19fc 818e19ca 000003c0 ffffffff
[   31.995852]         80067bfc 8180bb00 8180d200 6173796e 63000000 1000b300 818e19a8 81846e80
[   32.002005]         00000000 00000000 809100a0 818e17c0 00000000 00000000 ffffefff 80a26c48
[   32.007826]         0000004f 818e180c 00000051 80a26c78 1000b301 00000000 809100a0 80aa7840
[   32.013777]         00140cca 80a20000 80aa72c0 00000000 000003cc 00000000 00000000 816a0000
[   32.019610]         ...
[   32.020860] Call Trace:
[   32.021429] [<80016d08>] show_stack+0x28/0xf0
[   32.024007] [<8080b144>] dump_stack_lvl+0x6c/0xac
[   32.026611] [<8019b554>] dump_header+0x50/0x148
[   32.029130] [<8019c620>] out_of_memory+0x314/0x370
[   32.031703] [<801feabc>] __alloc_pages_noprof+0xaa0/0xf34
[   32.034234] [<801ff520>] __folio_alloc_noprof+0x14/0x2c
[   32.036733] [<801b929c>] shmem_get_folio_gfp.isra.0+0x240/0x824
[   32.039528] [<801ba5c4>] shmem_write_begin+0x44/0xb8
[   32.042222] [<801929a4>] generic_perform_write+0xd8/0x3fc
[   32.044503] [<801b5554>] shmem_file_write_iter+0xa8/0xd8
[   32.047074] [<8022a2b8>] __kernel_write_iter+0x128/0x2e0
[   32.049631] [<8022a590>] kernel_write+0xac/0x284
[   32.052144] [<80aac0a0>] xwrite.constprop.0+0x64/0x100
[   32.054800] [<80aac180>] do_copy+0x44/0xf8
[   32.057397] [<80aab380>] write_buffer+0x50/0x7c
[   32.059956] [<80aab704>] unpack_to_rootfs+0x148/0x2c0
[   32.062545] [<80aac3dc>] do_populate_rootfs+0x24/0x10c
[   32.065179] [<80067c3c>] async_run_entry_fn+0x40/0x12c
[   32.067402] [<8005826c>] process_one_work+0x1e8/0x3e0
[   32.069903] [<8005909c>] worker_thread+0x270/0x3ec
[   32.072397] [<80062ee0>] kthread+0x10c/0x134
[   32.074623] [<800119c8>] ret_from_kernel_thread+0x14/0x1c
[   32.076820] 
[   32.290767] Mem-Info:
[   32.294580] active_anon:1128 inactive_anon:0 isolated_anon:0
[   32.294580]  active_file:0 inactive_file:0 isolated_file:0
[   32.294580]  unevictable:0 dirty:0 writeback:0
[   32.294580]  slab_reclaimable:39 slab_unreclaimable:569
[   32.294580]  mapped:0 shmem:1128 pagetables:0
[   32.294580]  sec_pagetables:0 bounce:0
[   32.294580]  kernel_misc_reclaimable:0
[   32.294580]  free:88 free_pcp:31 free_cma:0
[   32.345275] Node 0 active_anon:4512kB inactive_anon:0kB active_file:0kB inactive_file:0kB unevictable:0kB isolated(anon):0kB isolated(file):0kB mapped:0kB dirty:0kB writeback:0kB shmem:4512kB writeback_tmp:0kB kernel_stack:944kB pagetables:0kB sec_pagetables:0kB all_unreclaimable? yes
[   32.380949] Normal free:352kB boost:0kB min:380kB low:472kB high:564kB reserved_highatomic:0KB active_anon:4512kB inactive_anon:0kB active_file:0kB inactive_file:0kB unevictable:0kB writepending:0kB present:32768kB managed:9064kB mlocked:0kB bounce:0kB free_pcp:124kB local_pcp:124kB free_cma:0kB
[   32.418120] lowmem_reserve[]: 0 0
[   32.426415] Normal: 0*4kB 0*8kB 0*16kB 1*32kB (U) 1*64kB (U) 0*128kB 1*256kB (U) 0*512kB 0*1024kB 0*2048kB 0*4096kB 0*8192kB = 352kB
[   32.460500] 1128 total pagecache pages
[   32.466141] 0 pages in swap cache
[   32.473305] Free swap  = 0kB
[   32.477952] Total swap = 0kB
[   32.483714] 8192 pages RAM
[   32.488126] 0 pages HighMem/MovableOnly
[   32.494955] 5926 pages reserved
[   32.500987] Tasks state (memory values in pages):
[   32.507665] [  pid  ]   uid  tgid total_vm      rss rss_anon rss_file rss_shmem pgtables_bytes swapents oom_score_adj name
[   32.526237] Out of memory and no killable processes...
[   32.534666] Kernel panic - not syncing: System is deadlocked on memory
[   32.544531] Rebooting in 1 seconds..
[   34.521244] Reboot failed -- System halted
