
root@OpenWrt:~# ÿ
BCM3383A2 
Sync: 0 
MemSize:            128 M
Chip ID:     BCM3383Z-B0

BootLoader Version: 2.4.0alpha18p1 Pre-release Gnu spiboot dual-flash reduced DDR drive linux
Build Date: Aug 14 2012
Build Time: 09:48:58
SPI flash ID 0xc22014, size 1MB, block size 64KB, write buffer 256, flags 0x0
NAND flash: Device size 64 MB, Block size 16 KB, Page size 512 B
Cust key size 128
parameter offset is 43872

Signature/PID: a825

Switch detected: 53125
ProbePhy: Found PHY 0, MDIO on MAC 0, data on MAC 0
Using GMAC0, phy 0

Enet link up: 1G full


Main Menu:
==========
  b) Boot from flash
  c) Check DRAM
  g) Download and run from RAM
  d) Download and save to flash
  e) Erase flash sector
  m) Set mode
  s) Store bootloader parameters to flash
  i) Re-init ethernet
  r) Read memory
  w) Write memory
  j) Jump to arbitrary address
  p) Print flash partition map
  E) Erase flash region/partition
  X) Erase all of flash except the bootloader
  z) Reset

Received packet for invalid session...
Received packet for invalid session...
Received packet for invalid session...
Received packet for invalid session...
Received packet for invalid session...
Received packet for invalid session...
TFTP Get Selected

Destination: a5f00000

Destination: a5f00000
Starting TFTP of openwrt-ps-irqfallback.bin from 192.168.77.2
Getting openwrt-ps-irqfallback.bin using octet mode


Main Menu:
==========
  b) Boot from flash
  c) Check DRAM
  g) Download and run from RAM
  d) Download and save to flash
  e) Erase flash sector
  m) Set mode
  s) Store bootloader parameters to flash
  i) Re-init ethernet
  r) Read memory
  w) Write memory
  j) Jump to arbitrary address
  p) Print flash partition map
  E) Erase flash region/partition
  X) Erase all of flash except the bootloader
  z) Reset

...........................................................................................................................................................................................................................................................................................................................................................................................................................................................................................................................................................................................................................................................................................................................................................................................................................................................................................................................................................................................................................................................................................................................................................................................................................................................................................................................................................................................................................................................................................................Received packet for invalid session...
...............................................................................................................................................................................................................................................................................................................................................................................................................................................................................................................Received packet for invalid session...
..............................................................................................................................................................................................................................................................................................................................................................................................................................................................................................................................Received packet for invalid session...
.................................
Tftp complete
Received 5097549 bytes

Image 3 Program Header:
   Signature: a825
     Control: 0000
   Major Rev: 0100
   Minor Rev: 04ff
  Build Time: 2026/5/13 21:00:32 Z
 File Length: 5097457 bytes
Load Address: 82000000
    Filename: openwrt-initramfs.bin
         HCS: 0705
         CRC: 00000000

Bypassing CRC Verifiction on Image 4...
CRC time = 317
Loading non-compressed image 4...
Target Address: 0x82000000
Length: 5097457
Reading flash map at ff30, size 192
Successfully restored flash map from SPI flash!
Copying partition table to 0x83fffc04 180
Copying partition table to 0x80000904 180

Executing Image 4...




OpenWrt kernel loader for BMIPS
Copyright (C) 2011 Gabor Juhos <juhosg@openwrt.org>
Copyright (C) 2014 Jonas Gorski <jogo@openwrt.org>
Copyright (C) 2020 Alvaro Fernandez Rojas <noltari@gmail.com>
Decompressing kernel... done!
blasting from 0x80010000 to 0x0107f5d9 (0x80010000 - 0x8108f5e0)
Starting kernel at 80010000...

[    0.000000] Linux version 6.12.87 (mgta29@CerberusNB) (mips-openwrt-linux-musl-gcc (OpenWrt GCC 14.3.0 r34427-6865d489d2) 14.3.0, GNU ld (GNU Binutils) 2.44) #0 SMP Tue May 12 23:59:29 2026
[    0.000000] CPU0 revision is: 0002a080 (Broadcom BMIPS4350)
[    0.000000] MIPS: machine is Technicolor TC7200.U
[    0.000000] earlycon: bcm63xx_uart0 at MMIO 0x14e00500 (options '')
[    0.000000] printk: legacy bootconsole [bcm63xx_uart0] enabled
[    0.000000] Kernel sections are not in the memory maps
[    0.000000] Wasting 576 bytes for tracking 16 unused pages
[    0.000000] Initrd not found or empty - disabling initrd
[    0.000000] OF: reserved mem: Reserved memory: No reserved-memory node in the DT
[    0.000000] Primary instruction cache 64kB, VIPT, 4-way, linesize 16 bytes.
[    0.000000] Primary data cache 32kB, 2-way, VIPT, cache aliases, linesize 16 bytes
[    0.000000] Zone ranges:
[    0.000000]   Normal   [mem 0x0000000000010000-0x000000000fffffff]
[    0.000000] Movable zone start for each node
[    0.000000] Early memory node ranges
[    0.000000]   node   0: [mem 0x0000000000010000-0x00000000011c7fff]
[    0.000000]   node   0: [mem 0x0000000006000000-0x0000000007ffffff]
[    0.000000]   node   0: [mem 0x000000000e000000-0x000000000fffffff]
[    0.000000] Initmem setup node 0 [mem 0x0000000000010000-0x000000000fffffff]
[    0.000000] On node 0, zone Normal: 16 pages in unavailable ranges
[    0.000000] On node 0, zone Normal: 20024 pages in unavailable ranges
[    0.000000] On node 0, zone Normal: 24576 pages in unavailable ranges
[    0.000000] percpu: Embedded 12 pages/cpu s19664 r8192 d21296 u49152
[    0.000000] Kernel command line: console=ttyS0,115200 earlycon
[    0.000000] Dentry cache hash table entries: 8192 (order: 3, 32768 bytes, linear)
[    0.000000] Inode-cache hash table entries: 4096 (order: 2, 16384 bytes, linear)
[    0.000000] Built 1 zonelists, mobility grouping on.  Total pages: 20920
[    0.000000] mem auto-init: stack:off, heap alloc:off, heap free:off
[    0.000000] SLUB: HWalign=64, Order=0-3, MinObjects=0, CPUs=1, Nodes=1
[    0.000000] rcu: Hierarchical RCU implementation.
[    0.000000] rcu: 	RCU restricting CPUs from NR_CPUS=2 to nr_cpu_ids=1.
[    0.000000] 	Tracing variant of Tasks RCU enabled.
[    0.000000] rcu: RCU calculated value of scheduler-enlistment delay is 10 jiffies.
[    0.000000] rcu: Adjusting geometry for rcu_fanout_leaf=16, nr_cpu_ids=1
[    0.000000] RCU Tasks Trace: Setting shift to 0 and lim to 1 rcu_task_cb_adjust=1 rcu_task_cpu_ids=1.
[    0.000000] NR_IRQS: 256
[    0.000000] rcu: srcu_init: Setting srcu_struct sizes based on contention.
[    0.000000] clocksource: MIPS: mask: 0xffffffff max_cycles: 0xffffffff, max_idle_ns: 6370868154 ns
[    0.000107] sched_clock: 32 bits at 300MHz, resolution 3ns, wraps every 7158278654ns
[    0.019192] Calibrating delay loop... 4.42 BogoMIPS (lpj=22144)
[    0.160688] pid_max: default: 32768 minimum: 301
[    2.913592] Mount-cache hash table entries: 1024 (order: 0, 4096 bytes, linear)
[    2.925316] Mountpoint-cache hash table entries: 1024 (order: 0, 4096 bytes, linear)
[    5.047468] rcu: Hierarchical SRCU implementation.
[    5.055158] rcu: 	Max phase no-delay instances is 1000.
[    5.157952] smp: Bringing up secondary CPUs ...
[    5.165270] smp: Brought up 1 node, 1 CPU
[    5.193285] Memory: 62496K/83680K available (8392K kernel code, 663K rwdata, 1788K rodata, 7068K init, 224K bss, 20564K reserved, 0K cma-reserved)
[    5.487593] clocksource: jiffies: mask: 0xffffffff max_cycles: 0xffffffff, max_idle_ns: 19112604462750000 ns
[    5.503915] futex hash table entries: 256 (order: 2, 16384 bytes, linear)
[    7.296139] pinctrl core: initialized pinctrl subsystem
[    8.006971] NET: Registered PF_NETLINK/PF_ROUTE protocol family
[   10.018325] clocksource: Switched to clocksource MIPS
[   12.892589] NET: Registered PF_INET protocol family
[   12.938780] IP idents hash table entries: 2048 (order: 2, 16384 bytes, linear)
[   13.090182] tcp_listen_portaddr_hash hash table entries: 512 (order: 0, 4096 bytes, linear)
[   13.105481] Table-perturb hash table entries: 65536 (order: 6, 262144 bytes, linear)
[   13.124066] TCP established hash table entries: 1024 (order: 0, 4096 bytes, linear)
[   13.141915] TCP bind hash table entries: 1024 (order: 2, 16384 bytes, linear)
[   13.159824] TCP: Hash tables configured (established 1024 bind 1024)
[   13.250503] MPTCP token hash table entries: 256 (order: 0, 4096 bytes, linear)
[   13.310766] UDP hash table entries: 256 (order: 1, 8192 bytes, linear)
[   13.324079] UDP-Lite hash table entries: 256 (order: 1, 8192 bytes, linear)
[   13.489960] NET: Registered PF_UNIX/PF_LOCAL protocol family
[   13.502045] PCI: CLS 0 bytes, default 16
[   17.595574] workingset: timestamp_bits=14 max_order=14 bucket_order=0
[   18.339783] squashfs: version 4.0 (2009/01/31) Phillip Lougher
[   18.349619] jffs2: version 2.2 (NAND) (SUMMARY) (LZMA) (RTIME) (CMODE_PRIORITY) (c) 2001-2006 Red Hat, Inc.
[   21.496640] irq_bcm7120_l2: registered BCM3380 L2 intc (/ubus/periph_intc@14e00048, parent IRQ(s): 1)
[   21.540567] irq_bcm7120_l2: registered BCM3380 L2 intc (/ubus/cmips_intc@151f8048, parent IRQ(s): 1)
[   21.786071] 14e00500.serial: ttyS0 at MMIO 0x14e00500 (irq = 8, base_baud = 1687500) is a bcm63xx_uart
[   21.803372] printk: legacy console [ttyS0] enabled
[   21.803372] printk: legacy console [ttyS0] enabled
[   21.818936] printk: legacy bootconsole [bcm63xx_uart0] disabled
[   21.818936] printk: legacy bootconsole [bcm63xx_uart0] disabled
[   23.543039] spi-nor spi0.0: unrecognized JEDEC id bytes: e1 10 0a 61 10 0a
[   23.555464] bcm63xx-hsspi 14e01000.spi: Broadcom 63XX High Speed SPI Controller driver
[   24.226018] NET: Registered PF_INET6 protocol family
[   26.062434] Segment Routing with IPv6
[   26.092614] In-situ OAM (IOAM) with IPv6
[   26.111024] NET: Registered PF_PACKET protocol family
[   26.430848] 8021q: 802.1Q VLAN Support v1.8
[   33.714122] clk: Disabling unused clocks
[   33.721259] PM: genpd: Disabling unused power domains
[   34.187033] Unhandled kernel unaligned access[#1]:
[   34.194123] CPU: 0 UID: 0 PID: 22 Comm: kworker/u4:1 Not tainted 6.12.87 #0
[   34.204814] Hardware name: Technicolor TC7200.U
[   34.211605] Workqueue: async async_run_entry_fn
[   34.219504] $ 0   : 00000000 10009300 00000008 00000001
[   34.230983] $ 4   : 10009301 00000000 00000000 00000000
[   34.242452] $ 8   : 00000000 8083773c 00000000 b827f46d
[   34.254011] $12   : be086229 c2073663 cc6f9eee ab1c6b7e
[   34.265744] $16   : 8e000f10 86819400 8e001008 86816d00
[   34.277477] $20   : 000021b0 80a917b0 80a24fe8 00000000
[   34.289090] $24   : 00000000 2971d6eb                  
[   34.300487] $28   : 868ce000 868cfc10 00000000 8024f4bc
[   34.312137] Hi    : 00000000
[   34.316827] Lo    : 00001f58
[   34.321558] epc   : 8024f4fc inode_init_always_gfp+0x84/0x200
[   34.331329] ra    : 8024f4bc inode_init_always_gfp+0x44/0x200
[   34.341087] Status: 10009303	KERNEL EXL IE 
[   34.349958] Cause : 00800010 (ExcCode 04)
[   34.356195] BadVA : 000002c5
[   34.360920] PrId  : 0002a080 (Broadcom BMIPS4350)
[   34.367923] Modules linked in:
[   34.373253] Process kworker/u4:1 (pid: 22, threadinfo=(ptrval), task=(ptrval), tls=00000000)
[   34.385127] Stack : 80a24fe8 00000000 00000000 801b52c4 00000600 868cfcf0 8e000f10 86819400
[   34.403983]         869b45d8 8024f6b8 868cfcf0 8024af80 00000000 80a20000 868cfcf0 869b45d8
[   34.422970]         86819400 8024ff88 00000000 00000000 869b45d8 86819400 869b45d8 801b6fc4
[   34.441871]         869b45d8 87033e58 8700b330 00000600 868cfcf0 869b45d8 00000003 80239a68
[   34.460797]         000021b0 00000264 87033e58 869b45d8 869b45d8 80a917b0 87033e58 00002000
[   34.479726]         ...
[   34.485078] Call Trace:
[   34.489127] [<8024f4fc>] inode_init_always_gfp+0x84/0x200
[   34.498673] [<8024f6b8>] alloc_inode+0x40/0x74
[   34.507073] [<8024ff88>] new_inode+0x14/0x38
[   34.515310] [<801b6fc4>] __shmem_get_inode+0x80/0x310
[   34.524403] [<801b7358>] shmem_mknod+0x3c/0x124
[   34.532887] [<8023cd38>] vfs_mknod+0x210/0x2b0
[   34.541368] [<80abe7fc>] init_mknod+0xc4/0xf8
[   34.549294] [<80aabc18>] do_name+0x1e0/0x228
[   34.557416] [<80aab380>] write_buffer+0x50/0x7c
[   34.565812] [<80aab704>] unpack_to_rootfs+0x148/0x2c0
[   34.574830] [<80aac3dc>] do_populate_rootfs+0x24/0x10c
[   34.583991] [<80067b5c>] async_run_entry_fn+0x40/0x12c
[   34.592747] [<8005818c>] process_one_work+0x1e8/0x3e0
[   34.601673] [<80058fbc>] worker_thread+0x270/0x3ec
[   34.610308] [<80062e00>] kthread+0x10c/0x134
[   34.618080] [<800118e8>] ret_from_kernel_thread+0x14/0x1c
[   34.627095] 
[   34.630012] Code: 0002102b  000210c0  a6020002 <8c6502c4> 00003025  0c040376  27a40014  8fa30014  8e02001c 
[   34.652422] 
[   34.660293] ---[ end trace 0000000000000000 ]---
[   34.667168] Kernel panic - not syncing: Fatal exception
[   34.675465] Rebooting in 1 seconds..
[   36.650733] Reboot failed -- System halted
ÿ
BCM3383A2 
Sync: 0 
MemSize:            128 M
Chip ID:     BCM3383Z-B0

BootLoader Version: 2.4.0alpha18p1 Pre-release Gnu spiboot dual-flash reduced DDR drive linux
Build Date: Aug 14 2012
Build Time: 09:48:58
SPI flash ID 0xc22014, size 1MB, block size 64KB, write buffer 256, flags 0x0
NAND flash: Device size 64 MB, Block size 16 KB, Page size 512 B
Cust key size 128
parameter offset is 43872

Signature/PID: a825

Switch detected: 53125
ProbePhy: Found PHY 0, MDIO on MAC 0, data on MAC 0
Using GMAC0, phy 0

Enet link up: 1G full


Main Menu:
==========
  b) Boot from flash
  c) Check DRAM
  g) Download and run from RAM
  d) Download and save to flash
  e) Erase flash sector
  m) Set mode
  s) Store bootloader parameters to flash
  i) Re-init ethernet
  r) Read memory
  w) Write memory
  j) Jump to arbitrary address
  p) Print flash partition map
  E) Erase flash region/partition
  X) Erase all of flash except the bootloader
  z) Reset

Unrecognized command.


Main Menu:
==========
  b) Boot from flash
  c) Check DRAM
  g) Download and run from RAM
  d) Download and save to flash
  e) Erase flash sector
  m) Set mode
  s) Store bootloader parameters to flash
  i) Re-init ethernet
  r) Read memory
  w) Write memory
  j) Jump to arbitrary address
  p) Print flash partition map
  E) Erase flash region/partition
  X) Erase all of flash except the bootloader
  z) Reset

Received packet for invalid session...
Received packet for invalid session...
Received packet for invalid session...
Received packet for invalid session...
Received packet for invalid session...
Received packet for invalid session...
Received packet for invalid session...
Received packet for invalid session...
Received packet for invalid session...
Received packet for invalid session...
Received packet for invalid session...
Received packet for invalid session...
Received packet for invalid session...
Received packet for invalid session...
Received packet for invalid session...
Received packet for invalid session...
Received packet for invalid session...
Received packet for invalid session...
Received packet for invalid session...
Received packet for invalid session...
Received packet for invalid session...
Received packet for invalid session...
Received packet for invalid session...
Received packet for invalid session...
Received packet for invalid session...
Received packet for invalid session...
Received packet for invalid session...
Received packet for invalid session...
Received packet for invalid session...
Received packet for invalid session...
Received packet for invalid session...
Received packet for invalid session...
Received packet for invalid session...
Received packet for invalid session...
Received packet for invalid session...
Received packet for invalid session...
Received packet for invalid session...
Received packet for invalid session...
Received packet for invalid session...
Received packet for invalid session...
Received packet for invalid session...
Received packet for invalid session...
Received packet for invalid session...
Received packet for invalid session...
Received packet for invalid session...
Received packet for invalid session...
Received packet for invalid session...
Received packet for invalid session...
Received packet for invalid session...
Received packet for invalid session...
Received packet for invalid session...
Received packet for invalid session...
Received packet for invalid session...
Received packet for invalid session...
Received packet for invalid session...
Received packet for invalid session...
Received packet for invalid session...
Received packet for invalid session...
Received packet for invalid session...
Received packet for invalid session...
Received packet for invalid session...
Received packet for invalid session...
Received packet for invalid session...
Received packet for invalid session...
Received packet for invalid session...
Received packet for invalid session...
Received packet for invalid session...
Received packet for invalid session...
Received packet for invalid session...
Received packet for invalid session...
Received packet for invalid session...
Received packet for invalid session...
Received packet for invalid session...
