x攣･髟早command.


Main Menu:
==========
  b) Boot from flash
  c) Check DRAM
  g) Download and run from RAM
  d) Download and save to flash
  e) Erase flash sector
  m) Set mode
  s) Store bootloader parameters to flash
  i) Re-init ethernet
  r) Read memory
  w) Write memory
  j) Jump to arbitrary address
  p) Print flash partition map
  E) Erase flash region/partition
  X) Erase all of flash except the bootloader
  z) Reset

Unrecognized command.


Main Menu:
==========
  b) Boot from flash
  c) Check DRAM
  g) Download and run from RAM
  d) Download and save to flash
  e) Erase flash sector
  m) Set mode
  s) Store bootloader parameters to flash
  i) Re-init ethernet
  r) Read memory
  w) Write memory
  j) Jump to arbitrary address
  p) Print flash partition map
  E) Erase flash region/partition
  X) Erase all of flash except the bootloader
  z) Reset

Unrecognized command.


Main Menu:
==========
  b) Boot from flash
  c) Check DRAM
  g) Download and run from RAM
  d) Download and save to flash
  e) Erase flash sector
  m) Set mode
  s) Store bootloader parameters to flash
  i) Re-init ethernet
  r) Read memory
  w) Write memory
  j) Jump to arbitrary address
  p) Print flash partition map
  E) Erase flash region/partition
  X) Erase all of flash except the bootloader
  z) Reset

Unrecognized command.


Main Menu:
==========
  b) Boot from flash
  c) Check DRAM
  g) Download and run from RAM
  d) Download and save to flash
  e) Erase flash sector
  m) Set mode
  s) Store bootloader parameters to flash
  i) Re-init ethernet
  r) Read memory
  w) Write memory
  j) Jump to arbitrary address
  p) Print flash partition map
  E) Erase flash region/partition
  X) Erase all of flash except the bootloader
  z) Reset

Unrecognized command.


Main Menu:
==========
  b) Boot from flash
  c) Check DRAM
  g) Download and run from RAM
  d) Download and save to flash
  e) Erase flash sector
  m) Set mode
  s) Store bootloader parameters to flash
  i) Re-init ethernet
  r) Read memory
  w) Write memory
  j) Jump to arbitrary address
  p) Print flash partition map
  E) Erase flash region/partition
  X) Erase all of flash except the bootloader
  z) Reset

Unrecognized command.


Main Menu:
==========
  b) Boot from flash
  c) Check DRAM
  g) Download and run from RAM
  d) Download and save to flash
  e) Erase flash sector
  m) Set mode
  s) Store bootloader parameters to flash
  i) Re-init ethernet
  r) Read memory
  w) Write memory
  j) Jump to arbitrary address
  p) Print flash partition map
  E) Erase flash region/partition
  X) Erase all of flash except the bootloader
  z) Reset

Unrecognized command.


Main Menu:
==========
  b) Boot from flash
  c) Check DRAM
  g) Download and run from RAM
  d) Download and save to flash
  e) Erase flash sector
  m) Set mode
  s) Store bootloader parameters to flash
  i) Re-init ethernet
  r) Read memory
  w) Write memory
  j) Jump to arbitrary address
  p) Print flash partition map
  E) Erase flash region/partition
  X) Erase all of flash except the bootloader
  z) Reset

Unrecognized command.


Main Menu:
==========
  b) Boot from flash
  c) Check DRAM
  g) Download and run from RAM
  d) Download and save to flash
  e) Erase flash sector
  m) Set mode
  s) Store bootloader parameters to flash
  i) Re-init ethernet
  r) Read memory
  w) Write memory
  j) Jump to arbitrary address
  p) Print flash partition map
  E) Erase flash region/partition
  X) Erase all of flash except the bootloader
  z) Reset

Unrecognized command.


Main Menu:
==========
  b) Boot from flash
  c) Check DRAM
  g) Download and run from RAM
  d) Download and save to flash
  e) Erase flash sector
  m) Set mode
  s) Store bootloader parameters to flash
  i) Re-init ethernet
  r) Read memory
  w) Write memory
  j) Jump to arbitrary address
  p) Print flash partition map
  E) Erase flash region/partition
  X) Erase all of flash except the bootloader
  z) Reset

Unrecognized command.


Main Menu:
==========
  b) Boot from flash
  c) Check DRAM
  g) Download and run from RAM
  d) Download and save to flash
  e) Erase flash sector
  m) Set mode
  s) Store bootloader parameters to flash
  i) Re-init ethernet
  r) Read memory
  w) Write memory
  j) Jump to arbitrary address
  p) Print flash partition map
  E) Erase flash region/partition
  X) Erase all of flash except the bootloader
  z) Reset

Unrecognized command.


Main Menu:
==========
  b) Boot from flash
  c) Check DRAM
  g) Download and run from RAM
  d) Download and save to flash
  e) Erase flash sector
  m) Set mode
  s) Store bootloader parameters to flash
  i) Re-init ethernet
  r) Read memory
  w) Write memory
  j) Jump to arbitrary address
  p) Print flash partition map
  E) Erase flash region/partition
  X) Erase all of flash except the bootloader
  z) Reset

Unrecognized command.


Main Menu:
==========
  b) Boot from flash
  c) Check DRAM
  g) Download and run from RAM
  d) Download and save to flash
  e) Erase flash sector
  m) Set mode
  s) Store bootloader parameters to flash
  i) Re-init ethernet
  r) Read memory
  w) Write memory
  j) Jump to arbitrary address
  p) Print flash partition map
  E) Erase flash region/partition
  X) Erase all of flash except the bootloader
  z) Reset

Unrecognized command.


Main Menu:
==========
  b) Boot from flash
  c) Check DRAM
  g) Download and run from RAM
  d) Download and save to flash
  e) Erase flash sector
  m) Set mode
  s) Store bootloader parameters to flash
  i) Re-init ethernet
  r) Read memory
  w) Write memory
  j) Jump to arbitrary address
  p) Print flash partition map
  E) Erase flash region/partition
  X) Erase all of flash except the bootloader
  z) Reset

All of flash except the boot block will be erased.
If permanent non-vol is in the boot block, it will NOT be erased.
Are you sure you want to do this? [n] E
BCM3383A2 
Sync: 0 
MemSize:            128 M
Chip ID:     BCM3383Z-B0

BootLoader Version: 2.4.0alpha18p1 Pre-release Gnu spiboot dual-flash reduced DDR drive linux
Build Date: Aug 14 2012
Build Time: 09:48:58
SPI flash ID 0xc22014, size 1MB, block size 64KB, write buffer 256, flags 0x0
NAND flash: Device size 64 MB, Block size 16 KB, Page size 512 B
Cust key size 128
parameter offset is 43872

Signature/PID: a825

Switch detected: 53125
ProbePhy: Found PHY 0, MDIO on MAC 0, data on MAC 0
Using GMAC0, phy 0

Enet link up: 1G full


Main Menu:
==========
  b) Boot from flash
  c) Check DRAM
  g) Download and run from RAM
  d) Download and save to flash
  e) Erase flash sector
  m) Set mode
  s) Store bootloader parameters to flash
  i) Re-init ethernet
  r) Read memory
  w) Write memory
  j) Jump to arbitrary address
  p) Print flash partition map
  E) Erase flash region/partition
  X) Erase all of flash except the bootloader
  z) Reset

Received packet for invalid session...
Received packet for invalid session...
Received packet for invalid session...
Reading flash map at ff30, size 192
Successfully restored flash map from SPI flash!
Flash Partition information:

Name           Size           Offset
=====================================
bootloader   0x00010000     0x00000000
image1       0x006c0000     0x01ac0000
image2       0x006c0000     0x02180000
linux        0x00480000     0x02840000
linuxapps    0x019c0000     0x00100000
permnv       0x00010000     0x00010000
dhtml        0x00240000     0x03ec0000
dynnv        0x00020000     0x000e0000
linuxkfs     0x01200000     0x02cc0000


Main Menu:
==========
  b) Boot from flash
  c) Check DRAM
  g) Download and run from RAM
  d) Download and save to flash
  e) Erase flash sector
  m) Set mode
  s) Store bootloader parameters to flash
  i) Re-init ethernet
  r) Read memory
  w) Write memory
  j) Jump to arbitrary address
  p) Print flash partition map
  E) Erase flash region/partition
  X) Erase all of flash except the bootloader
  z) Reset

Received packet for invalid session...
Received packet for invalid session...

BCM3383A2 
Sync: 0 
MemSize:            128 M
Chip ID:     BCM3383Z-B0

BootLoader Version: 2.4.0alpha18p1 Pre-release Gnu spiboot dual-flash reduced DDR drive linux
Build Date: Aug 14 2012
Build Time: 09:48:58
SPI flash ID 0xc22014, size 1MB, block size 64KB, write buffer 256, flags 0x0
NAND flash: Device size 64 MB, Block size 16 KB, Page size 512 B
Cust key size 128
parameter offset is 43872

Signature/PID: a825

Switch detected: 53125
ProbePhy: Found PHY 0, MDIO on MAC 0, data on MAC 0
Using GMAC0, phy 0

Enet link up: 1G full


Main Menu:
==========
  b) Boot from flash
  c) Check DRAM
  g) Download and run from RAM
  d) Download and save to flash
  e) Erase flash sector
  m) Set mode
  s) Store bootloader parameters to flash
  i) Re-init ethernet
  r) Read memory
  w) Write memory
  j) Jump to arbitrary address
  p) Print flash partition map
  E) Erase flash region/partition
  X) Erase all of flash except the bootloader
  z) Reset

Received packet for invalid session...
Received packet for invalid session...
Received packet for invalid session...
Received packet for invalid session...
Received packet for invalid session...
Received packet for invalid session...
Received packet for invalid session...
Received packet for invalid session...
Received packet for invalid session...
Received packet for invalid session...
Received packet for invalid session...
Received packet for invalid session...
Received packet for invalid session...
Received packet for invalid session...
Received packet for invalid session...
TFTP Get Selected

Destination: a5f00000

Destination: a5f00000
Starting TFTP of openwrt-ps-irqfallback.bin from 192.168.77.2
Getting openwrt-ps-irqfallback.bin using octet mode


Main Menu:
==========
  b) Boot from flash
  c) Check DRAM
  g) Download and run from RAM
  d) Download and save to flash
  e) Erase flash sector
  m) Set mode
  s) Store bootloader parameters to flash
  i) Re-init ethernet
  r) Read memory
  w) Write memory
  j) Jump to arbitrary address
  p) Print flash partition map
  E) Erase flash region/partition
  X) Erase all of flash except the bootloader
  z) Reset

........................................................................................................................................................................................................................................................................................................................................................................................................................................................................................................................................................................................................................................................................................................................................................................................................................................................................................................................................................................................................................................................................................................Received packet for invalid session...
.....................................................................................................................................................................................................................................................................................................................................................................................................................................................................................................................................................................................................................................................................................................................................................................................................................................................................................................................................................................................................................................................................................................................................................................................................................................................................................................................................................................................................................................................................................................................................................................................................................................................................................................................................................................................................................................................................................................................................................................................................................................................................................................................................................
Tftp complete
Received 6417070 bytes

Image 3 Program Header:
   Signature: a825
     Control: 0000
   Major Rev: 0100
   Minor Rev: 04ff
  Build Time: 2026/5/17 00:35:02 Z
 File Length: 6416978 bytes
Load Address: 82000000
    Filename: openwrt-initramfs.bin
         HCS: 3702
         CRC: 00000000

Bypassing CRC Verifiction on Image 4...
CRC time = 309
Loading non-compressed image 4...
Target Address: 0x82000000
Length: 6416978
Reading flash map at ff30, size 192
Successfully restored flash map from SPI flash!
Copying partition table to 0x83fffc04 180
Copying partition table to 0x80000904 180

Executing Image 4...




OpenWrt kernel loader for BMIPS
Copyright (C) 2011 Gabor Juhos <juhosg@openwrt.org>
Copyright (C) 2014 Jonas Gorski <jogo@openwrt.org>
Copyright (C) 2020 Alvaro Fernandez Rojas <noltari@gmail.com>
Decompressing kernel... done!
blasting from 0x80010000 to 0x015908ff (0x80010000 - 0x815a0900)
Starting kernel at 80010000...

[    0.000000] Linux version 6.12.87 (mgta29@CerberusNB) (mips-openwrt-linux-musl-gcc (OpenWrt GCC 14.3.0 r34427-6865d489d2) 14.3.0, GNU ld (GNU Binutils) 2.44) #0 SMP Fri May 15 11:26:37 2026
[    0.000000] CPU0 revision is: 0002a080 (Broadcom BMIPS4350)
[    0.000000] MIPS: machine is Technicolor TC7200.U
[    0.000000] earlycon: bcm63xx_uart0 at MMIO 0x14e00500 (options '')
[    0.000000] printk: legacy bootconsole [bcm63xx_uart0] enabled
[    0.000000] Kernel sections are not in the memory maps
[    0.000000] Wasting 576 bytes for tracking 16 unused pages
[    0.000000] Initrd not found or empty - disabling initrd
[    0.000000] OF: reserved mem: Reserved memory: No reserved-memory node in the DT
[    0.000000] Primary instruction cache 64kB, VIPT, 4-way, linesize 16 bytes.
[    0.000000] Primary data cache 32kB, 2-way, VIPT, cache aliases, linesize 16 bytes
[    0.000000] Zone ranges:
[    0.000000]   Normal   [mem 0x0000000000010000-0x000000000fffffff]
[    0.000000] Movable zone start for each node
[    0.000000] Early memory node ranges
[    0.000000]   node   0: [mem 0x0000000000010000-0x00000000016d7fff]
[    0.000000]   node   0: [mem 0x0000000006000000-0x0000000007ffffff]
[    0.000000]   node   0: [mem 0x000000000e000000-0x000000000fffffff]
[    0.000000] Initmem setup node 0 [mem 0x0000000000010000-0x000000000fffffff]
[    0.000000] On node 0, zone Normal: 16 pages in unavailable ranges
[    0.000000] On node 0, zone Normal: 18728 pages in unavailable ranges
[    0.000000] On node 0, zone Normal: 24576 pages in unavailable ranges
[    0.000000] percpu: Embedded 12 pages/cpu s19664 r8192 d21296 u49152
[    0.000000] Kernel command line: console=ttyS0,115200 earlycon
[    0.000000] Dentry cache hash table entries: 8192 (order: 3, 32768 bytes, linear)
[    0.000000] Inode-cache hash table entries: 4096 (order: 2, 16384 bytes, linear)
[    0.000000] Built 1 zonelists, mobility grouping on.  Total pages: 22216
[    0.000000] mem auto-init: stack:off, heap alloc:off, heap free:off
[    0.000000] SLUB: HWalign=64, Order=0-3, MinObjects=0, CPUs=1, Nodes=1
[    0.000000] rcu: Hierarchical RCU implementation.
[    0.000000] rcu: 	RCU restricting CPUs from NR_CPUS=2 to nr_cpu_ids=1.
[    0.000000] 	Tracing variant of Tasks RCU enabled.
[    0.000000] rcu: RCU calculated value of scheduler-enlistment delay is 10 jiffies.
[    0.000000] rcu: Adjusting geometry for rcu_fanout_leaf=16, nr_cpu_ids=1
[    0.000000] RCU Tasks Trace: Setting shift to 0 and lim to 1 rcu_task_cb_adjust=1 rcu_task_cpu_ids=1.
[    0.000000] NR_IRQS: 256
[    0.000000] rcu: srcu_init: Setting srcu_struct sizes based on contention.
[    0.000000] clocksource: MIPS: mask: 0xffffffff max_cycles: 0xffffffff, max_idle_ns: 6370868154 ns
[    0.000106] sched_clock: 32 bits at 300MHz, resolution 3ns, wraps every 7158278654ns
[    0.019170] Calibrating delay loop... 4.42 BogoMIPS (lpj=22144)
[    0.160650] pid_max: default: 32768 minimum: 301
[    2.907049] Mount-cache hash table entries: 1024 (order: 0, 4096 bytes, linear)
[    2.918766] Mountpoint-cache hash table entries: 1024 (order: 0, 4096 bytes, linear)
[    5.037075] rcu: Hierarchical SRCU implementation.
[    5.044764] rcu: 	Max phase no-delay instances is 1000.
[    5.147461] smp: Bringing up secondary CPUs ...
[    5.154772] smp: Brought up 1 node, 1 CPU
[    5.182517] Memory: 62496K/88864K available (8393K kernel code, 662K rwdata, 1788K rodata, 12252K init, 224K bss, 25748K reserved, 0K cma-reserved)
[    5.510873] clocksource: jiffies: mask: 0xffffffff max_cycles: 0xffffffff, max_idle_ns: 19112604462750000 ns
[    5.526159] futex hash table entries: 256 (order: 2, 16384 bytes, linear)
[    7.323370] pinctrl core: initialized pinctrl subsystem
[    8.033149] NET: Registered PF_NETLINK/PF_ROUTE protocol family
[   10.140021] clocksource: Switched to clocksource MIPS
[   13.005321] NET: Registered PF_INET protocol family
[   13.051497] IP idents hash table entries: 2048 (order: 2, 16384 bytes, linear)
[   13.197275] tcp_listen_portaddr_hash hash table entries: 512 (order: 0, 4096 bytes, linear)
[   13.213604] Table-perturb hash table entries: 65536 (order: 6, 262144 bytes, linear)
[   13.226501] TCP established hash table entries: 1024 (order: 0, 4096 bytes, linear)
[   13.244111] TCP bind hash table entries: 1024 (order: 2, 16384 bytes, linear)
[   13.261918] TCP: Hash tables configured (established 1024 bind 1024)
[   13.352697] MPTCP token hash table entries: 256 (order: 0, 4096 bytes, linear)
[   13.417318] UDP hash table entries: 256 (order: 1, 8192 bytes, linear)
[   13.431672] UDP-Lite hash table entries: 256 (order: 1, 8192 bytes, linear)
[   13.596448] NET: Registered PF_UNIX/PF_LOCAL protocol family
[   13.609738] PCI: CLS 0 bytes, default 16
[   17.734580] workingset: timestamp_bits=14 max_order=14 bucket_order=0
[   18.482482] squashfs: version 4.0 (2009/01/31) Phillip Lougher
[   18.492318] jffs2: version 2.2 (NAND) (SUMMARY) (LZMA) (RTIME) (CMODE_PRIORITY) (c) 2001-2006 Red Hat, Inc.
[   21.652982] irq_bcm7120_l2: registered BCM3380 L2 intc (/ubus/periph_intc@14e00048, parent IRQ(s): 1)
[   21.702137] irq_bcm7120_l2: registered BCM3380 L2 intc (/ubus/cmips_intc@151f8048, parent IRQ(s): 1)
[   21.756224] irq_bcm7120_l2: registered BCM3380 L2 intc (/ubus/iop_intc@14e00050, parent IRQ(s): 1)
[   21.999466] 14e00500.serial: ttyS0 at MMIO 0x14e00500 (irq = 8, base_baud = 1687500) is a bcm63xx_uart
[   22.015716] printk: legacy console [ttyS0] enabled
[   22.015716] printk: legacy console [ttyS0] enabled
[   22.031294] printk: legacy bootconsole [bcm63xx_uart0] disabled
[   22.031294] printk: legacy bootconsole [bcm63xx_uart0] disabled
[   23.893125] bcm6368_nand 14e02200.nand: timeout waiting for command 0x9
[   23.904935] bcm6368_nand 14e02200.nand: intfc status c0000000
[   23.915480] nand: No NAND device found
[   24.276850] bcmgenet 12c00000.ethernet: GENET 1.0 EPHY: 0x02aa
[   24.289741] bcmgenet 12c00000.ethernet: using random Ethernet MAC
[   24.304842] bcmgenet 12c00000.ethernet: unable to find MDIO bus node
[   24.414128] unimac-mdio unimac-mdio.-19: Broadcom UniMAC MDIO bus
[   34.582627] NET: Registered PF_INET6 protocol family
[   35.146638] Segment Routing with IPv6
[   35.167214] In-situ OAM (IOAM) with IPv6
[   35.191223] NET: Registered PF_PACKET protocol family
[   35.231965] 8021q: 802.1Q VLAN Support v1.8
[   39.972056] clk: Disabling unused clocks
[   39.979214] PM: genpd: Disabling unused power domains
[   41.596603] Freeing unused kernel image (initmem) memory: 12252K
[   41.606441] This architecture does not have kernel memory protection.
[   41.617042] Run /init as init process
[   75.725331] init: Console is alive
[   76.399650] kmodloader: loading kernel modules from /etc/modules-boot.d/*
[   76.593573] kmodloader: done loading kernel modules from /etc/modules-boot.d/*
[   76.705816] init: - preinit -
[  104.084133] random: crng init done

[  134.951356] bcmgenet 12c00000.ethernet: configuring instance for external RGMII (no delay)
[  135.031245] bcmgenet 12c00000.ethernet eth0: Link is Up - 1Gbps/Full - flow control off
[  135.114065] bcmgenet 12c00000.ethernet eth0: TC7200U XMITDESC i=0 nr_frags=0 size=154 mapping=0x06834802 len_stat=0x009aefc0 bd_addr=b2c03000 ring=16 write_ptr=1 prod=0 free=256
[  135.140063] bcmgenet 12c00000.ethernet eth0: TC7200U DESCRB i=0 wrote_len=0x009aefc0 wrote_map=0x06834802 rb_len=0x000aefc0 rb_addr=0x00034802 bd_addr=b2c03000
[  137.910029] bcmgenet 12c00000.ethernet eth0: NETDEV WATCHDOG: CPU: 0: transmit queue 0 timed out 2750 ms
[  137.925186] bcmgenet 12c00000.ethernet eth0: TC7200U TXPOLL before_reclaim periph_stat=0x40030004 periph_mask=0x00002010 intr0_stat=0xffffffea intr0_mask=0x8680dcb4 intr1_stat=0x0000006c intr1_mask=0x80a26c78 tdma_ctrl=0x00020001 tdma_stat=0x00000000 sw_prod=1 sw_c=0 hw_p=1 hw_c=0 free_bds=255 clean=0 write=1
[  137.965392] bcmgenet 12c00000.ethernet eth0: TC7200U TXPOLL after_reclaim periph_stat=0x40030004 periph_mask=0x00002010 intr0_stat=0xffffffea intr0_mask=0x8680dc3c intr1_stat=0x0000006d intr1_mask=0x80a26c78 tdma_ctrl=0x00020001 tdma_stat=0x00000000 sw_prod=1 sw_c=0 hw_p=1 hw_c=0 free_bds=255 clean=0 write=1
[  140.009317] bcmgenet 12c00000.ethernet eth0: NETDEV WATCHDOG: CPU: 0: transmit queue 0 timed out 2010 ms
[  140.024449] bcmgenet 12c00000.ethernet eth0: TC7200U TXPOLL before_reclaim periph_stat=0x40030004 periph_mask=0x00002010 intr0_stat=0xffffffea intr0_mask=0x8680dcb4 intr1_stat=0x0000006f intr1_mask=0x80a26c78 tdma_ctrl=0x00020001 tdma_stat=0x00000000 sw_prod=1 sw_c=0 hw_p=1 hw_c=0 free_bds=255 clean=0 write=1
[  140.064636] bcmgenet 12c00000.ethernet eth0: TC7200U TXPOLL after_reclaim periph_stat=0x40030004 periph_mask=0x00002010 intr0_stat=0xffffffea intr0_mask=0x8680dc3c intr1_stat=0x00000070 intr1_mask=0x80a26c78 tdma_ctrl=0x00020001 tdma_stat=0x00000000 sw_prod=1 sw_c=0 hw_p=1 hw_c=0 free_bds=255 clean=0 write=1
Press the [f] key and hit [enter] to enter failsafe mode
Press the [1], [2], [3] or [4] key and hit [enter] to select the debug level
[  142.109347] bcmgenet 12c00000.ethernet eth0: NETDEV WATCHDOG: CPU: 0: transmit queue 0 timed out 2010 ms
[  142.124686] bcmgenet 12c00000.ethernet eth0: TC7200U TXPOLL before_reclaim periph_stat=0x40030004 periph_mask=0x00002010 intr0_stat=0xffffffea intr0_mask=0x8680dcb4 intr1_stat=0x00000072 intr1_mask=0x80a26c78 tdma_ctrl=0x00020001 tdma_stat=0x00000000 sw_prod=1 sw_c=0 hw_p=1 hw_c=0 free_bds=255 clean=0 write=1
[  142.166265] bcmgenet 12c00000.ethernet eth0: TC7200U TXPOLL after_reclaim periph_stat=0x40030004 periph_mask=0x00002010 intr0_stat=0xffffffea intr0_mask=0x8680dc3c intr1_stat=0x00000073 intr1_mask=0x80a26c78 tdma_ctrl=0x00020001 tdma_stat=0x00000000 sw_prod=1 sw_c=0 hw_p=1 hw_c=0 free_bds=255 clean=0 write=1

[  144.950140] bcmgenet 12c00000.ethernet eth0: NETDEV WATCHDOG: CPU: 0: transmit queue 0 timed out 2750 ms
[  144.965337] bcmgenet 12c00000.ethernet eth0: TC7200U TXPOLL before_reclaim periph_stat=0x40030004 periph_mask=0x00002010 intr0_stat=0xffffffea intr0_mask=0x8680dcb4 intr1_stat=0x00000075 intr1_mask=0x80a26c78 tdma_ctrl=0x00020001 tdma_stat=0x00000000 sw_prod=1 sw_c=0 hw_p=1 hw_c=0 free_bds=255 clean=0 write=1
[  145.005767] bcmgenet 12c00000.ethernet eth0: TC7200U TXPOLL after_reclaim periph_stat=0x40030004 periph_mask=0x00002010 intr0_stat=0xffffffea intr0_mask=0x8680dc3c intr1_stat=0x00000076 intr1_mask=0x80a26c78 tdma_ctrl=0x00020001 tdma_stat=0x00000000 sw_prod=1 sw_c=0 hw_p=1 hw_c=0 free_bds=255 clean=0 write=1
[  147.049225] bcmgenet 12c00000.ethernet eth0: NETDEV WATCHDOG: CPU: 0: transmit queue 0 timed out 2010 ms
[  147.064289] bcmgenet 12c00000.ethernet eth0: TC7200U TXPOLL before_reclaim periph_stat=0x40030004 periph_mask=0x00002010 intr0_stat=0xffffffea intr0_mask=0x8680dcb4 intr1_stat=0x00000078 intr1_mask=0x80a26c78 tdma_ctrl=0x00020001 tdma_stat=0x00000000 sw_prod=1 sw_c=0 hw_p=1 hw_c=0 free_bds=255 clean=0 write=1
[  147.104288] bcmgenet 12c00000.ethernet eth0: TC7200U TXPOLL after_reclaim periph_stat=0x40030004 periph_mask=0x00002010 intr0_stat=0xffffffea intr0_mask=0x8680dc3c intr1_stat=0x00000079 intr1_mask=0x80a26c78 tdma_ctrl=0x00020001 tdma_stat=0x00000000 sw_prod=1 sw_c=0 hw_p=1 hw_c=0 free_bds=255 clean=0 write=1
[  149.909838] bcmgenet 12c00000.ethernet eth0: NETDEV WATCHDOG: CPU: 0: transmit queue 0 timed out 2770 ms
[  149.924994] bcmgenet 12c00000.ethernet eth0: TC7200U TXPOLL before_reclaim periph_stat=0x40030004 periph_mask=0x00002010 intr0_stat=0xffffffea intr0_mask=0x8680dcb4 intr1_stat=0x0000007b intr1_mask=0x80a26c78 tdma_ctrl=0x00020001 tdma_stat=0x00000000 sw_prod=1 sw_c=0 hw_p=1 hw_c=0 free_bds=255 clean=0 write=1
[  149.965182] bcmgenet 12c00000.ethernet eth0: TC7200U TXPOLL after_reclaim periph_stat=0x40030004 periph_mask=0x00002010 intr0_stat=0xffffffea intr0_mask=0x8680dc3c intr1_stat=0x0000007c intr1_mask=0x80a26c78 tdma_ctrl=0x00020001 tdma_stat=0x00000000 sw_prod=1 sw_c=0 hw_p=1 hw_c=0 free_bds=255 clean=0 write=1
[  152.009322] bcmgenet 12c00000.ethernet eth0: NETDEV WATCHDOG: CPU: 0: transmit queue 0 timed out 2010 ms
[  152.024489] bcmgenet 12c00000.ethernet eth0: TC7200U TXPOLL before_reclaim periph_stat=0x40030004 periph_mask=0x00002010 intr0_stat=0xffffffea intr0_mask=0x8680dcb4 intr1_stat=0x0000007e intr1_mask=0x80a26c78 tdma_ctrl=0x00020001 tdma_stat=0x00000000 sw_prod=1 sw_c=0 hw_p=1 hw_c=0 free_bds=255 clean=0 write=1
[  152.064763] bcmgenet 12c00000.ethernet eth0: TC7200U TXPOLL after_reclaim periph_stat=0x40030004 periph_mask=0x00002010 intr0_stat=0xffffffea intr0_mask=0x8680dc3c intr1_stat=0x0000007f intr1_mask=0x80a26c78 tdma_ctrl=0x00020001 tdma_stat=0x00000000 sw_prod=1 sw_c=0 hw_p=1 hw_c=0 free_bds=255 clean=0 write=1
[  154.109443] bcmgenet 12c00000.ethernet eth0: NETDEV WATCHDOG: CPU: 0: transmit queue 0 timed out 2010 ms
[  154.124494] bcmgenet 12c00000.ethernet eth0: TC7200U TXPOLL before_reclaim periph_stat=0x40030004 periph_mask=0x00002010 intr0_stat=0xffffffea intr0_mask=0x8680dcb4 intr1_stat=0x00000081 intr1_mask=0x80a26c78 tdma_ctrl=0x00020001 tdma_stat=0x00000000 sw_prod=1 sw_c=0 hw_p=1 hw_c=0 free_bds=255 clean=0 write=1
[  154.164496] bcmgenet 12c00000.ethernet eth0: TC7200U TXPOLL after_reclaim periph_stat=0x40030004 periph_mask=0x00002010 intr0_stat=0xffffffea intr0_mask=0x8680dc3c intr1_stat=0x00000082 intr1_mask=0x80a26c78 tdma_ctrl=0x00020001 tdma_stat=0x00000000 sw_prod=1 sw_c=0 hw_p=1 hw_c=0 free_bds=255 clean=0 write=1
[  156.949997] bcmgenet 12c00000.ethernet eth0: NETDEV WATCHDOG: CPU: 0: transmit queue 0 timed out 2750 ms
[  156.965171] bcmgenet 12c00000.ethernet eth0: TC7200U TXPOLL before_reclaim periph_stat=0x40030004 periph_mask=0x00002010 intr0_stat=0xffffffea intr0_mask=0x8680dcb4 intr1_stat=0x00000084 intr1_mask=0x80a26c78 tdma_ctrl=0x00020001 tdma_stat=0x00000000 sw_prod=1 sw_c=0 hw_p=1 hw_c=0 free_bds=255 clean=0 write=1
[  157.005425] bcmgenet 12c00000.ethernet eth0: TC7200U TXPOLL after_reclaim periph_stat=0x40030004 periph_mask=0x00002010 intr0_stat=0xffffffea intr0_mask=0x8680dc3c intr1_stat=0x00000085 intr1_mask=0x80a26c78 tdma_ctrl=0x00020001 tdma_stat=0x00000000 sw_prod=1 sw_c=0 hw_p=1 hw_c=0 free_bds=255 clean=0 write=1
[  158.399282] bcmgenet 12c00000.ethernet eth0: Link is Down
[  159.476483] procd: - early -
[  162.816957] procd: - ubus -
[  165.310805] procd: - init -
Please press Enter to activate this console.

login[377]: root login on 'ttyS0'


BusyBox v1.37.0 (2026-01-02 17:07:02 UTC) built-in shell (ash)

  _______                     ________        __
 |       |.-----.-----.-----.|  |  |  |.----.|  |_
 |   -   ||  _  |  -__|     ||  |  |  ||   _||   _|
 |_______||   __|_____|__|__||________||__|  |____|
          |__| W I R E L E S S   F R E E D O M
 -----------------------------------------------------
 OpenWrt SNAPSHOT, r34428-ded2d0b714
 -----------------------------------------------------

 === WARNING! =====================================
 There is no root password defined on this device!
 Use the "passwd" command to set up a new password
 in order to prevent unauthorized SSH logins.
 --------------------------------------------------

root@(none):~# ip link set eth0 up
[  185.800819] bcmgenet 12c00000.ethernet: configuring instance for external RGMII (no delay)
[  185.892833] bcmgenet 12c00000.ethernet eth0: Link is Up - 1Gbps/Full - flow control off
[  185.982549] bcmgenet 12c00000.ethernet eth0: TC7200U XMITDESC i=0 nr_frags=0 size=154 mapping=0x069b0802 len_stat=0x009aefc0 bd_addr=b2c03000 ring=16 write_ptr=1 prod=0 free=256
[  186.006578] bcmgenet 12c00000.ethernet eth0: TC7200U DESCRB i=0 wrote_len=0x009aefc0 wrote_map=0x069b0802 rb_len=0x000aefc0 rb_addr=0x000b0802 bd_addr=b2c03000
root@(none):~# dmesg | grep 'TC7200U DESCRB'[  188.039212] bcmgenet 12c00000.ethernet eth0: NETDEV WATCHDOG: CPU: 0: transmit queue 0 timed out 2010 ms
[  188.054267] bcmgenet 12c00000.ethernet eth0: TC7200U TXPOLL before_reclaim periph_stat=0x40030004 periph_mask=0x00002010 intr0_stat=0xffffffea intr0_mask=0x8680dcb4 intr1_stat=0x0000008f intr1_mask=0x80a26c78 tdma_ctrl=0x00020001 tdma_stat=0x00000000 sw_prod=1 sw_c=0 hw_p=1 hw_c=0 free_bds=255 clean=0 write=1
[  188.094837] bcmgenet 12c00000.ethernet eth0: TC7200U TXPOLL after_reclaim periph_stat=0x40030004 periph_mask=0x00002010 intr0_stat=0xffffffea intr0_mask=0x8680dc3c intr1_stat=0x00000090 intr1_mask=0x80a26c78 tdma_ctrl=0x00020001 tdma_stat=0x00000000 sw_prod=1 sw_c=0 hw_p=1 hw_c=0 free_bds=255 clean=0 write=1

[  190.949332] bcmgenet 12c00000.ethernet eth0: NETDEV WATCHDOG: CPU: 0: transmit queue 0 timed out 2820 ms
[  190.964683] bcmgenet 12c00000.ethernet eth0: TC7200U TXPOLL before_reclaim periph_stat=0x40030004 periph_mask=0x00002010 intr0_stat=0xffffffea intr0_mask=0x8680dcb4 intr1_stat=0x00000092 intr1_mask=0x80a26c78 tdma_ctrl=0x00020001 tdma_stat=0x00000000 sw_prod=1 sw_c=0 hw_p=1 hw_c=0 free_bds=255 clean=0 write=1
[  191.004738] bcmgenet 12c00000.ethernet eth0: TC7200U TXPOLL after_reclaim periph_stat=0x40030004 periph_mask=0x00002010 intr0_stat=0xffffffea intr0_mask=0x8680dc3c intr1_stat=0x00000093 intr1_mask=0x80a26c78 tdma_ctrl=0x00020001 tdma_stat=0x00000000 sw_prod=1 sw_c=0 hw_p=1 hw_c=0 free_bds=255 clean=0 write=1
[  135.140063] bcmgenet 12c00000.ethernet eth0: TC7200U DESCRB i=0 wrote_len=0x009aefc0 wrote_map=0x06834802 rb_len=0x000aefc0 rb_addr=0x00034802 bd_addr=b2c03000
dmes[  192.352220] ttyS ttyS0: 1 input overrun(s)
p[  186.006578] bcmgenet 12c00000.ethernet eth0: TC7200U DESCRB i=0 wrote_len=0x009aefc0 wrote_map=0x069b0802 rb_len=0x000aefc0 rb_addr=0x000b0802 bd_addr=b2c03000
root@(none):~# dmesp[  193.049368] bcmgenet 12c00000.ethernet eth0: NETDEV WATCHDOG: CPU: 0: transmit queue 0 timed out 2010 ms
[  193.064402] bcmgenet 12c00000.ethernet eth0: TC7200U TXPOLL before_reclaim periph_stat=0x40030004 periph_mask=0x00002010 intr0_stat=0xffffffea intr0_mask=0x8680dcb4 intr1_stat=0x00000096 intr1_mask=0x80a26c78 tdma_ctrl=0x00020001 tdma_stat=0x00000000 sw_prod=1 sw_c=0 hw_p=1 hw_c=0 free_bds=255 clean=0 write=1
[  193.104374] bcmgenet 12c00000.ethernet eth0: TC7200U TXPOLL after_reclaim periph_stat=0x40030004 periph_mask=0x00002010 intr0_stat=0xffffffea intr0_mask=0x8680dc3c intr1_stat=0x00000097 intr1_mask=0x80a26c78 tdma_ctrl=0x00020001 tdma_stat=0x00000000 sw_prod=1 sw_c=0 hw_p=1 hw_c=0 free_bds=255 clean=0 write=1

-ash: dmesp: not found
root@(none):~# dmesg | grep 'TC7200U DESCRB'
[  195.910071] bcmgenet 12c00000.ethernet eth0: NETDEV WATCHDOG: CPU: 0: transmit queue 0 timed out 2770 ms
[  195.925212] bcmgenet 12c00000.ethernet eth0: TC7200U TXPOLL before_reclaim periph_stat=0x40030004 periph_mask=0x00002010 intr0_stat=0xffffffea intr0_mask=0x8680dcb4 intr1_stat=0x00000099 intr1_mask=0x80a26c78 tdma_ctrl=0x00020001 tdma_stat=0x00000000 sw_prod=1 sw_c=0 hw_p=1 hw_c=0 free_bds=255 clean=0 write=1
[  195.965405] bcmgenet 12c00000.ethernet eth0: TC7200U TXPOLL after_reclaim periph_stat=0x40030004 periph_mask=0x00002010 intr0_stat=0xffffffea intr0_mask=0x8680dc3c intr1_stat=0x0000009a intr1_mask=0x80a26c78 tdma_ctrl=0x00020001 tdma_stat=0x00000000 sw_prod=1 sw_c=0 hw_p=1 hw_c=0 free_bds=255 clean=0 write=1
[  198.009532] bcmgenet 12c00000.ethernet eth0: NETDEV WATCHDOG: CPU: 0: transmit queue 0 timed out 2010 ms
[  198.024702] bcmgenet 12c00000.ethernet eth0: TC7200U TXPOLL before_reclaim periph_stat=0x40030004 periph_mask=0x00002010 intr0_stat=0xffffffea intr0_mask=0x8680dcb4 intr1_stat=0x0000009c intr1_mask=0x80a26c78 tdma_ctrl=0x00020001 tdma_stat=0x00000000 sw_prod=1 sw_c=0 hw_p=1 hw_c=0 free_bds=255 clean=0 write=1
[  198.064978] bcmgenet 12c00000.ethernet eth0: TC7200U TXPOLL after_reclaim periph_stat=0x40030004 periph_mask=0x00002010 intr0_stat=0xffffffea intr0_mask=0x8680dc3c intr1_stat=0x0000009d intr1_mask=0x80a26c78 tdma_ctrl=0x00020001 tdma_stat=0x00000000 sw_prod=1 sw_c=0 hw_p=1 hw_c=0 free_bds=255 clean=0 write=1
[  135.140063] bcmgenet 12c00000.ethernet eth0: TC7200U DESCRB i=0 wrote_len=0x009aefc0 wrote_map=0x06834802 rb_len=0x000aefc0 rb_addr=0x00034802 bd_addr=b2c03000
[  186.006578] bcmgenet 12c00000.ethernet eth0: TC7200U DESCRB i=0 wrote_len=0x009aefc0 wrote_map=0x069b0802 rb_len=0x000aefc0 rb_addr=0x000b0802 bd_addr=b2c03000
[  200.109365] bcmgenet 12c00000.ethernet eth0: NETDEV WATCHDOG: CPU: 0: transmit queue 0 timed out 2010 ms
[  200.124563] bcmgenet 12c00000.ethernet eth0: TC7200U TXPOLL before_reclaim periph_stat=0x40030004 periph_mask=0x00002010 intr0_stat=0xffffffea intr0_mask=0x8680dcb4 intr1_stat=0x0000009f intr1_mask=0x80a26c78 tdma_ctrl=0x00020001 tdma_stat=0x00000000 sw_prod=1 sw_c=0 hw_p=1 hw_c=0 free_bds=255 clean=0 write=1
[  200.164849] bcmgenet 12c00000.ethernet eth0: TC7200U TXPOLL after_reclaim periph_stat=0x40030004 periph_mask=0x00002010 intr0_stat=0xffffffea intr0_mask=0x8680dc3c intr1_stat=0x000000a0 intr1_mask=0x80a26c78 tdma_ctrl=0x00020001 tdma_stat=0x00000000 sw_prod=1 sw_c=0 hw_p=1 hw_c=0 free_bds=255 clean=0 write=1
root@(none):~# ip link set eth0 down
[  202.950240] bcmgenet 12c00000.ethernet eth0: NETDEV WATCHDOG: CPU: 0: transmit queue 0 timed out 2750 ms
[  202.965390] bcmgenet 12c00000.ethernet eth0: TC7200U TXPOLL before_reclaim periph_stat=0x40030004 periph_mask=0x00002010 intr0_stat=0xffffffea intr0_mask=0x8680dcb4 intr1_stat=0x000000a2 intr1_mask=0x80a26c78 tdma_ctrl=0x00020001 tdma_stat=0x00000000 sw_prod=1 sw_c=0 hw_p=1 hw_c=0 free_bds=255 clean=0 write=1
[  203.005584] bcmgenet 12c00000.ethernet eth0: TC7200U TXPOLL after_reclaim periph_stat=0x40030004 periph_mask=0x00002010 intr0_stat=0xffffffea intr0_mask=0x8680dc3c intr1_stat=0x000000a3 intr1_mask=0x80a26c78 tdma_ctrl=0x00020001 tdma_stat=0x00000000 sw_prod=1 sw_c=0 hw_p=1 hw_c=0 free_bds=255 clean=0 write=1
[  204.404432] bcmgenet 12c00000.ethernet eth0: Link is Down
root@(none):~# [  248.303355] kmodloader: loading kernel modules from /etc/modules.d/*
[  249.330621] PPP generic driver version 2.4.2
[  249.649848] NET: Registered PF_PPPOX protocol family
[  250.307410] kmodloader: done loading kernel modules from /etc/modules.d/*

root@(none):~# dmesg -n 1
root@(none):~# ip link set eth0 up
root@(none):~# dmesp
-ash: dmesp: not found
root@(none):~# dmesC
-ash: dmesC: not found
root@(none):~# dmesg | grep 'TC7200U DESCRB'
[  135.140063] bcmgenet 12c00000.ethernet eth0: TC7200U DESCRB i=0 wrote_len=0x009aefc0 wrote_map=0x06834802 rb_len=0x000aefc0 rb_addr=0x00034802 bd_addr=b2c03000
[  186.006578] bcmgenet 12c00000.ethernet eth0: TC7200U DESCRB i=0 wrote_len=0x009aefc0 wrote_map=0x069b0802 rb_len=0x000aefc0 rb_addr=0x000b0802 bd_addr=b2c03000
[  338.348954] bcmgenet 12c00000.ethernet eth0: TC7200U DESCRB i=0 wrote_len=0x009aefc0 wrote_map=0x069b3802 rb_len=0x000aefc0 rb_addr=0x000b3802 bd_addr=b2c03000
root@(none):~# ip link set eth0 down
root@(none):~# 
root@(none):~# dmesg -n 1[J[J[J[J[J[J[J[J[J[J
root@OpenWrt:~# dmesg -n 1
root@OpenWrt:~# ip link set eth0 down
root@OpenWrt:~# devmem 0x12c03000 32 0xffffffff
root@OpenWrt:~# devmem 0x12c03000 32
0x000FFFFF
root@OpenWrt:~# devmem 0x12c03000 32 0x12345678
root@OpenWrt:~# devmem 0x12c03000 32
0x00045678
root@OpenWrt:~# devm0[J[J[J[J[Jdev00x00100000[J[J[J[J[J[J[J[J[J[J[J[J[J[J
root@OpenWrt:~# devm300[J[J[J[J[J[J[Jdevmem 0x12c03000 32 0x00100000
root@OpenWrt:~# dev [J[J[J[Jdevmem 0x12c03000 32
0x00000000
root@OpenWrt:~# devmem 0x12c03000 32 0x000fffff
root@OpenWrt:~# devmem 0x12c03000 32
0x000FFFFF
root@OpenWrt:~# 0 0xffffffff[J[J[J[J[J[J[J[J[J[J[J[Jdevmem 0x12c03004 32 0xffffffff
root@OpenWrt:~# devmem 0x12c03004 32
0x000FFFFF
root@OpenWrt:~# devmc[J[J[J[J[Jdevmem 0x15678[J[J[J[J[J[J[J[J[J[J[J[J[J[Jdevm0x12345678[J[J[J[J[J[J[J[J[J[J[J[J[J[Jdevmem 0x12c03004 32 0x12345678
root@OpenWrt:~# devmem 0x12c03004 32
0x00045678
root@OpenWrt:~# devmem 0x12c03000 32 0x00000000
root@OpenWrt:~# devm3[J[J[J[J[Jdev [J[J[J[J32 0x00000000[J[J[J[J[J[J[J[J[J[J[J[J[Jdevmem 0x12c03004 32 0x00000000
root@OpenWrt:~# 
root@OpenWrt:~# 
root@OpenWrt:~# 
root@OpenWrt:~# 