˙
BCM3383A2 
Sync: 0 
MemSize:            128 M
Chip ID:     BCM3383Z-B0

BootLoader Version: 2.4.0alpha18p1 Pre-release Gnu spiboot dual-flash reduced DDR drive linux
Build Date: Aug 14 2012
Build Time: 09:48:58
SPI flash ID 0xc22014, size 1MB, block size 64KB, write buffer 256, flags 0x0
NAND flash: Device size 64 MB, Block size 16 KB, Page size 512 B
Cust key size 128
parameter offset is 43872

Signature/PID: a825

Switch detected: 53125
ProbePhy: Found PHY 0, MDIO on MAC 0, data on MAC 0
Using GMAC0, phy 0

Enet link up: 1G full


Main Menu:
==========
  b) Boot from flash
  c) Check DRAM
  g) Download and run from RAM
  d) Download and save to flash
  e) Erase flash sector
  m) Set mode
  s) Store bootloader parameters to flash
  i) Re-init ethernet
  r) Read memory
  w) Write memory
  j) Jump to arbitrary address
  p) Print flash partition map
  E) Erase flash region/partition
  X) Erase all of flash except the bootloader
  z) Reset

Received packet for invalid session...
Received packet for invalid session...
Received packet for invalid session...
Received packet for invalid session...
TFTP Get Selected

Destination: a5f00000

Destination: a5f00000
Starting TFTP of openwrt-ps-irqfallback.bin from 192.168.77.2
Getting openwrt-ps-irqfallback.bin using octet mode


Main Menu:
==========
  b) Boot from flash
  c) Check DRAM
  g) Download and run from RAM
  d) Download and save to flash
  e) Erase flash sector
  m) Set mode
  s) Store bootloader parameters to flash
  i) Re-init ethernet
  r) Read memory
  w) Write memory
  j) Jump to arbitrary address
  p) Print flash partition map
  E) Erase flash region/partition
  X) Erase all of flash except the bootloader
  z) Reset

.........................................................................................................................................................................................................Received packet for invalid session...
............................................................................................................................................................Received packet for invalid session...
............................................................................................................................................................................................................................................................................................................................................................................................................................................................................................................................................................................................................................................................................................................................................................................................................................................................................................................................................................................................................................................................................................................................................................................................................................................................................................................................................................................................................................................................................................................................................................Received packet for invalid session...
......................................................................................................................................................................................................................................................................................................................................................................................................................................................................................................................................................................................................................................................................................................................................................................................................................................................................................................................................................................
Tftp complete
Received 5716045 bytes

Image 3 Program Header:
   Signature: a825
     Control: 0000
   Major Rev: 0100
   Minor Rev: 04ff
  Build Time: 2026/5/13 21:00:32 Z
 File Length: 5715953 bytes
Load Address: 82000000
    Filename: openwrt-initramfs.bin
         HCS: 95f0
         CRC: 00000000

Bypassing CRC Verifiction on Image 4...
CRC time = 312
Loading non-compressed image 4...
Target Address: 0x82000000
Length: 5715953
Reading flash map at ff30, size 192
Successfully restored flash map from SPI flash!
Copying partition table to 0x83fffc04 180
Copying partition table to 0x80000904 180

Executing Image 4...




OpenWrt kernel loader for BMIPS
Copyright (C) 2011 Gabor Juhos <juhosg@openwrt.org>
Copyright (C) 2014 Jonas Gorski <jogo@openwrt.org>
Copyright (C) 2020 Alvaro Fernandez Rojas <noltari@gmail.com>
Decompressing kernel... done!
blasting from 0x80010000 to 0x0127c4ab (0x80010000 - 0x8128c4b0)
Starting kernel at 80010000...

[    0.000000] Linux version 6.12.87 (mgta29@CerberusNB) (mips-openwrt-linux-musl-gcc (OpenWrt GCC 14.3.0 r34427-6865d489d2) 14.3.0, GNU ld (GNU Binutils) 2.44) #0 SMP Tue May 12 23:59:29 2026
[    0.000000] CPU0 revision is: 0002a080 (Broadcom BMIPS4350)
[    0.000000] MIPS: machine is Technicolor TC7200.U
[    0.000000] earlycon: bcm63xx_uart0 at MMIO 0x14e00500 (options '')
[    0.000000] printk: legacy bootconsole [bcm63xx_uart0] enabled
[    0.000000] Kernel sections are not in the memory maps
[    0.000000] Wasting 576 bytes for tracking 16 unused pages
[    0.000000] Initrd not found or empty - disabling initrd
[    0.000000] OF: reserved mem: Reserved memory: No reserved-memory node in the DT
[    0.000000] Primary instruction cache 64kB, VIPT, 4-way, linesize 16 bytes.
[    0.000000] Primary data cache 32kB, 2-way, VIPT, cache aliases, linesize 16 bytes
[    0.000000] Zone ranges:
[    0.000000]   Normal   [mem 0x0000000000010000-0x000000000fffffff]
[    0.000000] Movable zone start for each node
[    0.000000] Early memory node ranges
[    0.000000]   node   0: [mem 0x0000000000010000-0x00000000013c7fff]
[    0.000000]   node   0: [mem 0x0000000006000000-0x0000000007ffffff]
[    0.000000]   node   0: [mem 0x000000000e000000-0x000000000fffffff]
[    0.000000] Initmem setup node 0 [mem 0x0000000000010000-0x000000000fffffff]
[    0.000000] On node 0, zone Normal: 16 pages in unavailable ranges
[    0.000000] On node 0, zone Normal: 19512 pages in unavailable ranges
[    0.000000] On node 0, zone Normal: 24576 pages in unavailable ranges
[    0.000000] percpu: Embedded 12 pages/cpu s19664 r8192 d21296 u49152
[    0.000000] Kernel command line: console=ttyS0,115200 earlycon
[    0.000000] Dentry cache hash table entries: 8192 (order: 3, 32768 bytes, linear)
[    0.000000] Inode-cache hash table entries: 4096 (order: 2, 16384 bytes, linear)
[    0.000000] Built 1 zonelists, mobility grouping on.  Total pages: 21432
[    0.000000] mem auto-init: stack:off, heap alloc:off, heap free:off
[    0.000000] SLUB: HWalign=64, Order=0-3, MinObjects=0, CPUs=1, Nodes=1
[    0.000000] rcu: Hierarchical RCU implementation.
[    0.000000] rcu: 	RCU restricting CPUs from NR_CPUS=2 to nr_cpu_ids=1.
[    0.000000] 	Tracing variant of Tasks RCU enabled.
[    0.000000] rcu: RCU calculated value of scheduler-enlistment delay is 10 jiffies.
[    0.000000] rcu: Adjusting geometry for rcu_fanout_leaf=16, nr_cpu_ids=1
[    0.000000] RCU Tasks Trace: Setting shift to 0 and lim to 1 rcu_task_cb_adjust=1 rcu_task_cpu_ids=1.
[    0.000000] NR_IRQS: 256
[    0.000000] rcu: srcu_init: Setting srcu_struct sizes based on contention.
[    0.000000] clocksource: MIPS: mask: 0xffffffff max_cycles: 0xffffffff, max_idle_ns: 6370868154 ns
[    0.000106] sched_clock: 32 bits at 300MHz, resolution 3ns, wraps every 7158278654ns
[    0.019187] Calibrating delay loop... 4.42 BogoMIPS (lpj=22144)
[    0.160679] pid_max: default: 32768 minimum: 301
[    2.905490] Mount-cache hash table entries: 1024 (order: 0, 4096 bytes, linear)
[    2.917224] Mountpoint-cache hash table entries: 1024 (order: 0, 4096 bytes, linear)
[    5.036223] rcu: Hierarchical SRCU implementation.
[    5.043831] rcu: 	Max phase no-delay instances is 1000.
[    5.148631] smp: Bringing up secondary CPUs ...
[    5.155942] smp: Brought up 1 node, 1 CPU
[    5.183727] Memory: 62500K/85728K available (8423K kernel code, 661K rwdata, 1792K rodata, 9084K init, 226K bss, 22608K reserved, 0K cma-reserved)
[    5.458059] clocksource: jiffies: mask: 0xffffffff max_cycles: 0xffffffff, max_idle_ns: 19112604462750000 ns
[    5.473338] futex hash table entries: 256 (order: 2, 16384 bytes, linear)
[    7.264239] pinctrl core: initialized pinctrl subsystem
[    7.984847] NET: Registered PF_NETLINK/PF_ROUTE protocol family
[    9.949381] clocksource: Switched to clocksource MIPS
[   12.821360] NET: Registered PF_INET protocol family
[   12.862035] IP idents hash table entries: 2048 (order: 2, 16384 bytes, linear)
[   13.006396] tcp_listen_portaddr_hash hash table entries: 512 (order: 0, 4096 bytes, linear)
[   13.023019] Table-perturb hash table entries: 65536 (order: 6, 262144 bytes, linear)
[   13.035941] TCP established hash table entries: 1024 (order: 0, 4096 bytes, linear)
[   13.054386] TCP bind hash table entries: 1024 (order: 2, 16384 bytes, linear)
[   13.072115] TCP: Hash tables configured (established 1024 bind 1024)
[   13.162554] MPTCP token hash table entries: 256 (order: 0, 4096 bytes, linear)
[   13.227197] UDP hash table entries: 256 (order: 1, 8192 bytes, linear)
[   13.241779] UDP-Lite hash table entries: 256 (order: 1, 8192 bytes, linear)
[   13.411732] NET: Registered PF_UNIX/PF_LOCAL protocol family
[   13.429886] PCI: CLS 0 bytes, default 16
[   17.510972] workingset: timestamp_bits=14 max_order=14 bucket_order=0
[   18.251370] squashfs: version 4.0 (2009/01/31) Phillip Lougher
[   18.261193] jffs2: version 2.2 (NAND) (SUMMARY) (LZMA) (RTIME) (CMODE_PRIORITY) (c) 2001-2006 Red Hat, Inc.
[   21.382702] irq_bcm7120_l2: registered BCM3380 L2 intc (/ubus/periph_intc@14e00048, parent IRQ(s): 1)
[   21.426125] irq_bcm7120_l2: registered BCM3380 L2 intc (/ubus/cmips_intc@151f8048, parent IRQ(s): 1)
[   21.671310] 14e00500.serial: ttyS0 at MMIO 0x14e00500 (irq = 8, base_baud = 1687500) is a bcm63xx_uart
[   21.687394] printk: legacy console [ttyS0] enabled
[   21.687394] printk: legacy console [ttyS0] enabled
[   21.703339] printk: legacy bootconsole [bcm63xx_uart0] disabled
[   21.703339] printk: legacy bootconsole [bcm63xx_uart0] disabled
[   23.585819] NET: Registered PF_INET6 protocol family
[   25.463904] Segment Routing with IPv6
[   25.489664] In-situ OAM (IOAM) with IPv6
[   25.512520] NET: Registered PF_PACKET protocol family
[   25.834600] 8021q: 802.1Q VLAN Support v1.8
[   33.105424] clk: Disabling unused clocks
[   33.112566] PM: genpd: Disabling unused power domains
[   38.463065] Freeing unused kernel image (initmem) memory: 9084K
[   38.472777] This architecture does not have kernel memory protection.
[   38.483066] Run /init as init process
[   72.083197] init: Console is alive
[   73.377567] kmodloader: loading kernel modules from /etc/modules-boot.d/*
[   73.622507] gpio_button_hotplug: loading out-of-tree module taints kernel.
[   73.831106] kmodloader: done loading kernel modules from /etc/modules-boot.d/*
[   73.975307] init: - preinit -

[  101.353958] random: crng init done
Press the [f] key and hit [enter] to enter failsafe mode
Press the [1], [2], [3] or [4] key and hit [enter] to select the debug level
[  149.374893] procd: - early -
[  152.593882] procd: - ubus -
[  155.124836] procd: - init -
Please press Enter to activate this console.

login[354]: root login on 'ttyS0'


BusyBox v1.37.0 (2026-01-02 17:07:02 UTC) built-in shell (ash)

  _______                     ________        __
 |       |.-----.-----.-----.|  |  |  |.----.|  |_
 |   -   ||  _  |  -__|     ||  |  |  ||   _||   _|
 |_______||   __|_____|__|__||________||__|  |____|
          |__| W I R E L E S S   F R E E D O M
 -----------------------------------------------------
 OpenWrt SNAPSHOT, r34427-6865d489d2
 -----------------------------------------------------

 === WARNING! =====================================
 There is no root password defined on this device!
 Use the "passwd" command to set up a new password
 in order to prevent unauthorized SSH logins.
 --------------------------------------------------

root@(none):~# [  231.183890] kmodloader: loading kernel modules from /etc/modules.d/*

root@(none):~# [  232.420999] CPU 0 Unable to handle kernel paging request at virtual address 00000020, epc == 86b8437c, ra == 805d505c
[  232.437016] Oops[#1]:
[  232.441325] CPU: 0 UID: 0 PID: 452 Comm: kmodloader Tainted: G           O       6.12.87 #0
[  232.453997] Tainted: [O]=OOT_MODULE
[  232.459376] Hardware name: Technicolor TC7200.U
[  232.466041] $ 0   : 00000000 10009300 00000020 00000020
[  232.477537] $ 4   : 813c3a00 00000000 00000000 8624bcf0
[  232.489076] $ 8   : 00000000 8083f2dc 00000110 00000000
[  232.500556] $12   : 00000001 00000114 000000ba 00000011
[  232.512006] $16   : 813c3a00 86e80600 86e10000 8680b6a0
[  232.523723] $20   : 8680b680 77debf54 00002d74 00010000
[  232.535368] $24   : 00000008 00000000                  
[  232.546670] $28   : 86e84000 86e85d20 00010001 805d505c
[  232.558359] Hi    : f9eb223b
[  232.563132] Lo    : 8ada5d88
[  232.567904] epc   : 86b8437c nf_defrag_ipv6_disable+0x2c4/0x59c [nf_defrag_ipv6]
[  232.579651] ra    : 805d505c ops_init+0x88/0x178
[  232.587646] Status: 10009303	KERNEL EXL IE 
[  232.596510] Cause : 00800008 (ExcCode 02)
[  232.602739] BadVA : 00000020
[  232.607453] PrId  : 0002a080 (Broadcom BMIPS4350)
[  232.614447] Modules linked in: nf_defrag_ipv6(+) nf_defrag_ipv4 libcrc32c crc_ccitt gpio_button_hotplug(O) crc32c_generic
[  232.634298] Process kmodloader (pid: 452, threadinfo=15a07533, task=1a5dbe0f, tls=77e09dfc)
[  232.646680] Stack : 809cc838 86e13040 86e130d4 813c3a00 86e13040 86e80600 813c3a00 8680b6a0
[  232.665735]         8680b680 805d505c 00000000 00000000 80aa3414 80aa0000 86e13040 813c3a00
[  232.684609]         00000008 86e13040 86e85d88 80aa7f3c 77debf54 805d527c 86e80f80 80a20000
[  232.703571]         00000000 00000cc0 86e85d88 86e85d88 86e13040 80aa0000 80a20000 00000000
[  232.722388]         81390000 805d53dc 00000000 00000000 00000000 00000000 00000000 86e132c0
[  232.741005]         ...
[  232.746407] Call Trace:
[  232.750461] [<86b8437c>] nf_defrag_ipv6_disable+0x2c4/0x59c [nf_defrag_ipv6]
[  232.762258] 
[  232.765169] Code: 8c8207bc  00031880  00431021 <8c530000> 3c0586e1  00803025  24a532c0  0c1be30c  26640004 
[  232.787559] 
[  232.792765] ---[ end trace 0000000000000000 ]---
[  232.800766] Kernel panic - not syncing: Fatal exception
[  232.809065] Rebooting in 1 seconds..
[  234.784953] Reboot failed -- System halted
