˙
BCM3383A2 
Sync: 0 
MemSize:            128 M
Chip ID:     BCM3383Z-B0

BootLoader Version: 2.4.0alpha18p1 Pre-release Gnu spiboot dual-flash reduced DDR drive linux
Build Date: Aug 14 2012
Build Time: 09:48:58
SPI flash ID 0xc22014, size 1MB, block size 64KB, write buffer 256, flags 0x0
NAND flash: Device size 64 MB, Block size 16 KB, Page size 512 B
Cust key size 128
parameter offset is 43872

Signature/PID: a825

Switch detected: 53125
ProbePhy: Found PHY 0, MDIO on MAC 0, data on MAC 0
Using GMAC0, phy 0

Enet link up: 1G full


Main Menu:
==========
  b) Boot from flash
  c) Check DRAM
  g) Download and run from RAM
  d) Download and save to flash
  e) Erase flash sector
  m) Set mode
  s) Store bootloader parameters to flash
  i) Re-init ethernet
  r) Read memory
  w) Write memory
  j) Jump to arbitrary address
  p) Print flash partition map
  E) Erase flash region/partition
  X) Erase all of flash except the bootloader
  z) Reset

Received packet for invalid session...
Received packet for invalid session...
Received packet for invalid session...
Received packet for invalid session...
Received packet for invalid session...
Received packet for invalid session...
Received packet for invalid session...
Received packet for invalid session...
Received packet for invalid session...
TFTP Get Selected

Destination: a5f00000

Destination: a5f00000
Starting TFTP of openwrt-ps-irqfallback.bin from 192.168.77.2
Getting openwrt-ps-irqfallback.bin using octet mode


Main Menu:
==========
  b) Boot from flash
  c) Check DRAM
  g) Download and run from RAM
  d) Download and save to flash
  e) Erase flash sector
  m) Set mode
  s) Store bootloader parameters to flash
  i) Re-init ethernet
  r) Read memory
  w) Write memory
  j) Jump to arbitrary address
  p) Print flash partition map
  E) Erase flash region/partition
  X) Erase all of flash except the bootloader
  z) Reset

..............................................................................................................................................................................................................................................................................................................................................................................................................................................................................................................Received packet for invalid session...
.................................................................................................................................................................................................................................................................................................................................................................................................................................................................................................................................................................................................................................................................................................................................................................................................................................................................................................................................................................................................................................................................................................................................................................................................................................................................................................................................................................................................................................................................................................................................................................................................................................................................Received packet for invalid session...
............................................................................................................................................................................................................................................................................................................................Received packet for invalid session...
..................................................................................................................................................................................................................................................................................................................................................................................
Tftp complete
Received 5696426 bytes

Image 3 Program Header:
   Signature: a825
     Control: 0000
   Major Rev: 0100
   Minor Rev: 04ff
  Build Time: 2026/5/13 21:00:32 Z
 File Length: 5696334 bytes
Load Address: 82000000
    Filename: openwrt-initramfs.bin
         HCS: 1b46
         CRC: f0b0a5b5

Bypassing CRC Verifiction on Image 4...
CRC time = 309
Loading non-compressed image 4...
Target Address: 0x82000000
Length: 5696334
Reading flash map at ff30, size 192
Successfully restored flash map from SPI flash!
Copying partition table to 0x83fffc04 180
Copying partition table to 0x80000904 180

Executing Image 4...




OpenWrt kernel loader for BMIPS
Copyright (C) 2011 Gabor Juhos <juhosg@openwrt.org>
Copyright (C) 2014 Jonas Gorski <jogo@openwrt.org>
Copyright (C) 2020 Alvaro Fernandez Rojas <noltari@gmail.com>
Decompressing kernel... done!
blasting from 0x80010000 to 0x0126a4ab (0x80010000 - 0x8127a4b0)
Starting kernel at 80010000...

[    0.000000] Linux version 6.12.87 (mgta29@CerberusNB) (mips-openwrt-linux-musl-gcc (OpenWrt GCC 14.3.0 r34427-6865d489d2) 14.3.0, GNU ld (GNU Binutils) 2.44) #0 SMP Tue May 12 23:59:29 2026
[    0.000000] CPU0 revision is: 0002a080 (Broadcom BMIPS4350)
[    0.000000] MIPS: machine is Technicolor TC7200.U
[    0.000000] earlycon: bcm63xx_uart0 at MMIO 0x14e00500 (options '')
[    0.000000] printk: legacy bootconsole [bcm63xx_uart0] enabled
[    0.000000] Kernel sections are not in the memory maps
[    0.000000] Wasting 576 bytes for tracking 16 unused pages
[    0.000000] Initrd not found or empty - disabling initrd
[    0.000000] OF: reserved mem: Reserved memory: No reserved-memory node in the DT
[    0.000000] Primary instruction cache 64kB, VIPT, 4-way, linesize 16 bytes.
[    0.000000] Primary data cache 32kB, 2-way, VIPT, cache aliases, linesize 16 bytes
[    0.000000] Zone ranges:
[    0.000000]   Normal   [mem 0x0000000000010000-0x000000000fffffff]
[    0.000000] Movable zone start for each node
[    0.000000] Early memory node ranges
[    0.000000]   node   0: [mem 0x0000000000010000-0x00000000013b7fff]
[    0.000000]   node   0: [mem 0x0000000006000000-0x0000000007ffffff]
[    0.000000]   node   0: [mem 0x000000000e000000-0x000000000fffffff]
[    0.000000] Initmem setup node 0 [mem 0x0000000000010000-0x000000000fffffff]
[    0.000000] On node 0, zone Normal: 16 pages in unavailable ranges
[    0.000000] On node 0, zone Normal: 19528 pages in unavailable ranges
[    0.000000] On node 0, zone Normal: 24576 pages in unavailable ranges
[    0.000000] percpu: Embedded 12 pages/cpu s19664 r8192 d21296 u49152
[    0.000000] Kernel command line: console=ttyS0,115200 earlycon
[    0.000000] Dentry cache hash table entries: 8192 (order: 3, 32768 bytes, linear)
[    0.000000] Inode-cache hash table entries: 4096 (order: 2, 16384 bytes, linear)
[    0.000000] Built 1 zonelists, mobility grouping on.  Total pages: 21416
[    0.000000] mem auto-init: stack:off, heap alloc:off, heap free:off
[    0.000000] SLUB: HWalign=64, Order=0-3, MinObjects=0, CPUs=1, Nodes=1
[    0.000000] rcu: Hierarchical RCU implementation.
[    0.000000] rcu: 	RCU restricting CPUs from NR_CPUS=2 to nr_cpu_ids=1.
[    0.000000] 	Tracing variant of Tasks RCU enabled.
[    0.000000] rcu: RCU calculated value of scheduler-enlistment delay is 10 jiffies.
[    0.000000] rcu: Adjusting geometry for rcu_fanout_leaf=16, nr_cpu_ids=1
[    0.000000] RCU Tasks Trace: Setting shift to 0 and lim to 1 rcu_task_cb_adjust=1 rcu_task_cpu_ids=1.
[    0.000000] NR_IRQS: 256
[    0.000000] rcu: srcu_init: Setting srcu_struct sizes based on contention.
[    0.000000] clocksource: MIPS: mask: 0xffffffff max_cycles: 0xffffffff, max_idle_ns: 6370868154 ns
[    0.000107] sched_clock: 32 bits at 300MHz, resolution 3ns, wraps every 7158278654ns
[    0.019177] Calibrating delay loop... 4.42 BogoMIPS (lpj=22144)
[    0.160670] pid_max: default: 32768 minimum: 301
[    2.907108] Mount-cache hash table entries: 1024 (order: 0, 4096 bytes, linear)
[    2.918816] Mountpoint-cache hash table entries: 1024 (order: 0, 4096 bytes, linear)
[    5.040572] rcu: Hierarchical SRCU implementation.
[    5.048190] rcu: 	Max phase no-delay instances is 1000.
[    5.152694] smp: Bringing up secondary CPUs ...
[    5.160011] smp: Brought up 1 node, 1 CPU
[    5.187956] Memory: 62500K/85664K available (8375K kernel code, 658K rwdata, 1772K rodata, 9092K init, 226K bss, 22544K reserved, 0K cma-reserved)
[    5.462831] clocksource: jiffies: mask: 0xffffffff max_cycles: 0xffffffff, max_idle_ns: 19112604462750000 ns
[    5.478334] futex hash table entries: 256 (order: 2, 16384 bytes, linear)
[    7.268849] pinctrl core: initialized pinctrl subsystem
[    7.990006] NET: Registered PF_NETLINK/PF_ROUTE protocol family
[    9.961737] clocksource: Switched to clocksource MIPS
[   12.816873] NET: Registered PF_INET protocol family
[   12.857503] IP idents hash table entries: 2048 (order: 2, 16384 bytes, linear)
[   13.007177] tcp_listen_portaddr_hash hash table entries: 512 (order: 0, 4096 bytes, linear)
[   13.023748] Table-perturb hash table entries: 65536 (order: 6, 262144 bytes, linear)
[   13.036642] TCP established hash table entries: 1024 (order: 0, 4096 bytes, linear)
[   13.055379] TCP bind hash table entries: 1024 (order: 2, 16384 bytes, linear)
[   13.073268] TCP: Hash tables configured (established 1024 bind 1024)
[   13.164529] MPTCP token hash table entries: 256 (order: 0, 4096 bytes, linear)
[   13.224876] UDP hash table entries: 256 (order: 1, 8192 bytes, linear)
[   13.243455] UDP-Lite hash table entries: 256 (order: 1, 8192 bytes, linear)
[   13.407882] NET: Registered PF_UNIX/PF_LOCAL protocol family
[   13.426252] PCI: CLS 0 bytes, default 16
[   17.515424] workingset: timestamp_bits=14 max_order=14 bucket_order=0
[   18.256763] squashfs: version 4.0 (2009/01/31) Phillip Lougher
[   18.266808] jffs2: version 2.2 (NAND) (SUMMARY) (LZMA) (RTIME) (CMODE_PRIORITY) (c) 2001-2006 Red Hat, Inc.
[   21.378709] irq_bcm7120_l2: registered BCM3380 L2 intc (/ubus/periph_intc@14e00048, parent IRQ(s): 1)
[   21.423419] irq_bcm7120_l2: registered BCM3380 L2 intc (/ubus/cmips_intc@151f8048, parent IRQ(s): 1)
[   21.664247] 14e00500.serial: ttyS0 at MMIO 0x14e00500 (irq = 8, base_baud = 1687500) is a bcm63xx_uart
[   21.681474] printk: legacy console [ttyS0] enabled
[   21.681474] printk: legacy console [ttyS0] enabled
[   21.696231] printk: legacy bootconsole [bcm63xx_uart0] disabled
[   21.696231] printk: legacy bootconsole [bcm63xx_uart0] disabled
[   23.424110] NET: Registered PF_INET6 protocol family
[   24.792432] Segment Routing with IPv6
[   24.813059] In-situ OAM (IOAM) with IPv6
[   24.835542] NET: Registered PF_PACKET protocol family
[   25.156232] 8021q: 802.1Q VLAN Support v1.8
[   32.532079] clk: Disabling unused clocks
[   32.538021] PM: genpd: Disabling unused power domains
[   37.904533] Freeing unused kernel image (initmem) memory: 9092K
[   37.914424] This architecture does not have kernel memory protection.
[   37.924707] Run /init as init process
[   71.416532] init: Console is alive
[   72.735226] kmodloader: loading kernel modules from /etc/modules-boot.d/*
[   72.974410] gpio_button_hotplug: loading out-of-tree module taints kernel.
[   73.156176] kmodloader: done loading kernel modules from /etc/modules-boot.d/*
[   73.312659] init: - preinit -

[  100.666763] random: crng init done

Press the [f] key and hit [enter] to enter failsafe mode
Press the [1], [2], [3] or [4] key and hit [enter] to select the debug level

[  149.044062] procd: - early -
[  152.172581] procd: - ubus -
[  154.643556] procd: - init -
Please press Enter to activate this console.

login[331]: root login on 'ttyS0'


BusyBox v1.37.0 (2026-01-02 17:07:02 UTC) built-in shell (ash)

  _______                     ________        __
 |       |.-----.-----.-----.|  |  |  |.----.|  |_
 |   -   ||  _  |  -__|     ||  |  |  ||   _||   _|
 |_______||   __|_____|__|__||________||__|  |____|
          |__| W I R E L E S S   F R E E D O M
 -----------------------------------------------------
 OpenWrt SNAPSHOT, r34427-6865d489d2
 -----------------------------------------------------

 === WARNING! =====================================
 There is no root password defined on this device!
 Use the "passwd" command to set up a new password
 in order to prevent unauthorized SSH logins.
 --------------------------------------------------

root@(none):~# 