Script started on 2026-05-13 21:49:47+02:00 [COMMAND="sudo picocom -b 115200 -f n /dev/ttyUSB0" TERM="xterm-256color" TTY="/dev/pts/0" COLUMNS="102" LINES="57"]
[sudo] password for mgta29: 
picocom v3.1

port is        : /dev/ttyUSB0
flowcontrol    : none
baudrate is    : 115200
parity is      : none
databits are   : 8
stopbits are   : 1
escape is      : C-a
local echo is  : no
noinit is      : no
noreset is     : no
hangup is      : no
nolock is      : no
send_cmd is    : sz -vv
receive_cmd is : rz -vv -E
imap is        : 
omap is        : 
emap is        : crcrlf,delbs,
logfile is     : none
initstring     : none
exit_after is  : not set
exit is        : no

Type [C-a] [C-h] to see available commands
Terminal ready
g
-ash: g: not found
root@OpenWrt:~# ţ
BCM3383A2 
Sync: 0 
MemSize:            128 M
Chip ID:     BCM3383Z-B0

BootLoader Version: 2.4.0alpha18p1 Pre-release Gnu spiboot dual-flash reduced DDR drive linux
Build Date: Aug 14 2012
Build Time: 09:48:58
SPI flash ID 0xc22014, size 1MB, block size 64KB, write buffer 256, flags 0x0
NAND flash: Device size 64 MB, Block size 16 KB, Page size 512 B
Cust key size 128
parameter offset is 43872

Signature/PID: a825

Switch detected: 53125
ProbePhy: Found PHY 0, MDIO on MAC 0, data on MAC 0
Using GMAC0, phy 0

Enet link up: 1G full


Main Menu:
==========
  b) Boot from flash
  c) Check DRAM
  g) Download and run from RAM
  d) Download and save to flash
  e) Erase flash sector
  m) Set mode
  s) Store bootloader parameters to flash
  i) Re-init ethernet
  r) Read memory
  w) Write memory
  j) Jump to arbitrary address
  p) Print flash partition map
  E) Erase flash region/partition
  X) Erase all of flash except the bootloader
  z) Reset

TFTP Get Selected

Destination: a5f00000

Destination: a5f00000
Starting TFTP of openwrt-ps-irqfallback.bin from 192.168.77.2
Getting openwrt-ps-irqfallback.bin using octet mode


Main Menu:
==========
  b) Boot from flash
  c) Check DRAM
  g) Download and run from RAM
  d) Download and save to flash
  e) Erase flash sector
  m) Set mode
  s) Store bootloader parameters to flash
  i) Re-init ethernet
  r) Read memory
  w) Write memory
  j) Jump to arbitrary address
  p) Print flash partition map
  E) Erase flash region/partition
  X) Erase all of flash except the bootloader
  z) Reset

Tftp timeout...
Tftp timeout...
Tftp timeout...
Received packet for invalid session...
....................................................................................................................................................................................................................................................................................................................................................................................................................................................Received packet for invalid session...
........................................................................................................................................................................................................................................................................................................................................................................................................................................................................................................Received packet for invalid session...
.........................................................................................................................................................................................................................................................................................................................................................................................................................................................................................................................................................................................................................................................................................................................................................................................................................................................................................................................................................................................................Received packet for invalid session...
...............................................................................................................................................................................................................................................................................................Received packet for invalid session...
.....................................................................................................................................................................................................................................................................................................................................................................................................................................................................................................................................................................................................................
Tftp complete
Received 5688699 bytes

Image 3 Program Header:
   Signature: a825
     Control: 0000
   Major Rev: 0100
   Minor Rev: 04ff
  Build Time: 2026/5/13 19:49:33 Z
 File Length: 5688607 bytes
Load Address: 82000000
    Filename: openwrt-initramfs.bin
         HCS: 3f37
         CRC: 0138e1f4

Bypassing CRC Verifiction on Image 4...
CRC time = 332
Loading non-compressed image 4...
Target Address: 0x82000000
Length: 5688607
Reading flash map at ff30, size 192
Successfully restored flash map from SPI flash!
Copying partition table to 0x83fffc04 180
Copying partition table to 0x80000904 180

Executing Image 4...




OpenWrt kernel loader for BMIPS
Copyright (C) 2011 Gabor Juhos <juhosg@openwrt.org>
Copyright (C) 2014 Jonas Gorski <jogo@openwrt.org>
Copyright (C) 2020 Alvaro Fernandez Rojas <noltari@gmail.com>
Decompressing kernel... done!
blasting from 0x80010000 to 0x012644ab (0x80010000 - 0x812744b0)
Starting kernel at 80010000...

[    0.000000] Linux version 6.12.87 (mgta29@CerberusNB) (mips-openwrt-linux-musl-gcc (OpenWrt GCC 14.3.0 r34427-6865d489d2) 14.3.0, GNU ld (GNU Binutils) 2.44) #0 SMP Tue May 12 23:59:29 2026
[    0.000000] CPU0 revision is: 0002a080 (Broadcom BMIPS4350)
[    0.000000] MIPS: machine is Technicolor TC7200.U
[    0.000000] earlycon: bcm63xx_uart0 at MMIO 0x14e00500 (options '')
[    0.000000] printk: legacy bootconsole [bcm63xx_uart0] enabled
[    0.000000] Kernel sections are not in the memory maps
[    0.000000] Wasting 576 bytes for tracking 16 unused pages
[    0.000000] Initrd not found or empty - disabling initrd
[    0.000000] OF: reserved mem: Reserved memory: No reserved-memory node in the DT
[    0.000000] Primary instruction cache 64kB, VIPT, 4-way, linesize 16 bytes.
[    0.000000] Primary data cache 32kB, 2-way, VIPT, cache aliases, linesize 16 bytes
[    0.000000] Zone ranges:
[    0.000000]   Normal   [mem 0x0000000000010000-0x000000000fffffff]
[    0.000000] Movable zone start for each node
[    0.000000] Early memory node ranges
[    0.000000]   node   0: [mem 0x0000000000010000-0x00000000013b7fff]
[    0.000000]   node   0: [mem 0x0000000006000000-0x0000000007ffffff]
[    0.000000]   node   0: [mem 0x000000000e000000-0x000000000fffffff]
[    0.000000] Initmem setup node 0 [mem 0x0000000000010000-0x000000000fffffff]
[    0.000000] On node 0, zone Normal: 16 pages in unavailable ranges
[    0.000000] On node 0, zone Normal: 19528 pages in unavailable ranges
[    0.000000] On node 0, zone Normal: 24576 pages in unavailable ranges
[    0.000000] percpu: Embedded 12 pages/cpu s19664 r8192 d21296 u49152
[    0.000000] Kernel command line: console=ttyS0,115200 earlycon
[    0.000000] Dentry cache hash table entries: 8192 (order: 3, 32768 bytes, linear)
[    0.000000] Inode-cache hash table entries: 4096 (order: 2, 16384 bytes, linear)
[    0.000000] Built 1 zonelists, mobility grouping on.  Total pages: 21416
[    0.000000] mem auto-init: stack:off, heap alloc:off, heap free:off
[    0.000000] SLUB: HWalign=64, Order=0-3, MinObjects=0, CPUs=1, Nodes=1
[    0.000000] rcu: Hierarchical RCU implementation.
[    0.000000] rcu: 	RCU restricting CPUs from NR_CPUS=2 to nr_cpu_ids=1.
[    0.000000] 	Tracing variant of Tasks RCU enabled.
[    0.000000] rcu: RCU calculated value of scheduler-enlistment delay is 10 jiffies.
[    0.000000] rcu: Adjusting geometry for rcu_fanout_leaf=16, nr_cpu_ids=1
[    0.000000] RCU Tasks Trace: Setting shift to 0 and lim to 1 rcu_task_cb_adjust=1 rcu_task_cpu_ids=1.
[    0.000000] NR_IRQS: 256
[    0.000000] rcu: srcu_init: Setting srcu_struct sizes based on contention.
[    0.000000] clocksource: MIPS: mask: 0xffffffff max_cycles: 0xffffffff, max_idle_ns: 6370868154 ns
[    0.000106] sched_clock: 32 bits at 300MHz, resolution 3ns, wraps every 7158278654ns
[    0.019217] Calibrating delay loop... 4.42 BogoMIPS (lpj=22144)
[    0.160722] pid_max: default: 32768 minimum: 301
[    2.905421] Mount-cache hash table entries: 1024 (order: 0, 4096 bytes, linear)
[    2.917140] Mountpoint-cache hash table entries: 1024 (order: 0, 4096 bytes, linear)
[    5.034658] rcu: Hierarchical SRCU implementation.
[    5.042276] rcu: 	Max phase no-delay instances is 1000.
[    5.147134] smp: Bringing up secondary CPUs ...
[    5.154453] smp: Brought up 1 node, 1 CPU
[    5.182293] Memory: 62500K/85664K available (8362K kernel code, 650K rwdata, 1768K rodata, 9116K init, 226K bss, 22544K reserved, 0K cma-reserved)
[    5.458016] clocksource: jiffies: mask: 0xffffffff max_cycles: 0xffffffff, max_idle_ns: 19112604462750000 ns
[    5.473330] futex hash table entries: 256 (order: 2, 16384 bytes, linear)
[    7.265663] pinctrl core: initialized pinctrl subsystem
[    7.987160] NET: Registered PF_NETLINK/PF_ROUTE protocol family
[    9.956293] clocksource: Switched to clocksource MIPS
[   12.812199] NET: Registered PF_INET protocol family
[   12.852874] IP idents hash table entries: 2048 (order: 2, 16384 bytes, linear)
[   13.002716] tcp_listen_portaddr_hash hash table entries: 512 (order: 0, 4096 bytes, linear)
[   13.019212] Table-perturb hash table entries: 65536 (order: 6, 262144 bytes, linear)
[   13.032137] TCP established hash table entries: 1024 (order: 0, 4096 bytes, linear)
[   13.050281] TCP bind hash table entries: 1024 (order: 2, 16384 bytes, linear)
[   13.068394] TCP: Hash tables configured (established 1024 bind 1024)
[   13.158931] MPTCP token hash table entries: 256 (order: 0, 4096 bytes, linear)
[   13.219254] UDP hash table entries: 256 (order: 1, 8192 bytes, linear)
[   13.238176] UDP-Lite hash table entries: 256 (order: 1, 8192 bytes, linear)
[   13.402995] NET: Registered PF_UNIX/PF_LOCAL protocol family
[   13.421366] PCI: CLS 0 bytes, default 16
[   17.501158] workingset: timestamp_bits=14 max_order=14 bucket_order=0
[   18.242610] squashfs: version 4.0 (2009/01/31) Phillip Lougher
[   18.252451] jffs2: version 2.2 (NAND) (SUMMARY) (LZMA) (RTIME) (CMODE_PRIORITY) (c) 2001-2006 Red Hat, Inc.
[   21.353030] irq_bcm7120_l2: registered BCM3380 L2 intc (/ubus/periph_intc@14e00048, parent IRQ(s): 1)
[   21.398034] irq_bcm7120_l2: registered BCM3380 L2 intc (/ubus/cmips_intc@151f8048, parent IRQ(s): 1)
[   21.639220] 14e00500.serial: ttyS0 at MMIO 0x14e00500 (irq = 8, base_baud = 1687500) is a bcm63xx_uart
[   21.656638] printk: legacy console [ttyS0] enabled
[   21.656638] printk: legacy console [ttyS0] enabled
[   21.671005] printk: legacy bootconsole [bcm63xx_uart0] disabled
[   21.671005] printk: legacy bootconsole [bcm63xx_uart0] disabled
[   23.391552] NET: Registered PF_INET6 protocol family
[   24.732101] Segment Routing with IPv6
[   24.753492] In-situ OAM (IOAM) with IPv6
[   24.777290] NET: Registered PF_PACKET protocol family
[   25.107829] 8021q: 802.1Q VLAN Support v1.8
[   32.409755] clk: Disabling unused clocks
[   32.416934] PM: genpd: Disabling unused power domains
[   37.720575] Freeing unused kernel image (initmem) memory: 9116K
[   37.730309] This architecture does not have kernel memory protection.
[   37.740793] Run /init as init process

[   71.132025] init: Console is alive
[   72.422896] kmodloader: loading kernel modules from /etc/modules-boot.d/*
[   72.663715] gpio_button_hotplug: loading out-of-tree module taints kernel.
[   72.873315] kmodloader: done loading kernel modules from /etc/modules-boot.d/*
[   73.006576] init: - preinit -
[  100.391430] random: crng init done


Press the [f] key and hit [enter] to enter failsafe mode
Press the [1], [2], [3] or [4] key and hit [enter] to select the debug level

[  149.202677] procd: - early -
[  152.383874] procd: - ubus -
[  154.821561] procd: - init -
Please press Enter to activate this console.

login[344]: root login on 'ttyS0'


BusyBox v1.37.0 (2026-01-02 17:07:02 UTC) built-in shell (ash)

  _______                     ________        __
 |       |.-----.-----.-----.|  |  |  |.----.|  |_
 |   -   ||  _  |  -__|     ||  |  |  ||   _||   _|
 |_______||   __|_____|__|__||________||__|  |____|
          |__| W I R E L E S S   F R E E D O M
 -----------------------------------------------------
 OpenWrt SNAPSHOT, r34427-6865d489d2
 -----------------------------------------------------

 === WARNING! =====================================
 There is no root password defined on this device!
 Use the "passwd" command to set up a new password
 in order to prevent unauthorized SSH logins.
 --------------------------------------------------

root@(none):~# ls
root@(none):~# [  201.807028] ttyS ttyS0: 1 input overrun(s)
dmesg | grep -Ei 'bcm|eth|enetb53|dsa|irq|serial' > /tmp/tc7200u-
dmesg-net.txt; cat /tmp/tc7200u-dmesg-net.txt
[    0.000000] earlycon: bcm63xx_uart0 at MMIO 0x14e00500 (options '')
[    0.000000] printk: legacy bootconsole [bcm63xx_uart0] enabled
[    0.000000] NR_IRQS: 256
[   21.353030] irq_bcm7120_l2: registered BCM3380 L2 intc (/ubus/periph_intc@14e00048, parent IRQ(s): 1)
[   21.398034] irq_bcm7120_l2: registered BCM3380 L2 intc (/ubus/cmips_intc@151f8048, parent IRQ(s): 1)
[   21.639220] 14e00500.serial: ttyS0 at MMIO 0x14e00500 (irq = 8, base_baud = 1687500) is a bcm63xx_uart
[   21.671005] printk: legacy bootconsole [bcm63xx_uart0] disabled
root@(none):~# [  223.187141] ttyS ttyS0: 1 input overrun(s)
dmesg | grep -Ei 'bcm|eth|enet|switch|mdiobserial' > /tmp/tc7200u
-dmesg-net.txt; cat /tmp/tc7200u-dmesg-net.txt
[  237.423329] kmodloader: loading kernel modules from /etc/modules.d/*
[    0.000000] earlycon: bcm63xx_uart0 at MMIO 0x14e00500 (options '')
[    0.000000] printk: legacy bootconsole [bcm63xx_uart0] enabled
[    9.956293] clocksource: Switched to clocksource MIPS
[   21.353030] irq_bcm7120_l2: registered BCM3380 L2 intc (/ubus/periph_intc@14e00048, parent IRQ(s): 1)
[   21.398034] irq_bcm7120_l2: registered BCM3380 L2 intc (/ubus/cmips_intc@151f8048, parent IRQ(s): 1)
[   21.639220] 14e00500.serial: ttyS0 at MMIO 0x14e00500 (irq = 8, base_baud = 1687500) is a bcm63xx_uart
[   21.671005] printk: legacy bootconsole [bcm63xx_uart0] disabled
root@(none):~# [  247.870450] PPP generic driver version 2.4.2
[  248.258666] NET: Registered PF_PPPOX protocol family
[  249.264804] kmodloader: done loading kernel modules from /etc/modules.d/*

root@(none):~# [  260.168356] ttyS ttyS0: 1 input overrun(s)
ecm|eth|enet|switch|mdio|phy|b53|dsa|irq|serial' > /tmp/tc7200u-d
mesg-net.txt; cat /tmp/tt[1Aroot@(none):~# dmesg | grep -Ei 'bcm|eth|enet|switch|mdiobserial' > /tmp/tc7200u
-dmesg-net.txt; cat /tmp/tc7200u-dmesg-net.txt[J[1Aroot@(none):~# dmesg | grep -Ei 'bcm|eth|enetb53|dsa|irq|serial' > /tmp/tc7200u-
dmesg-net.txt; cat /tmp/tc7200u-dmesg-net.txt[J[1Aroot@(none):~# dmesg | grep -Ei 'bcm|eth|enet|switch|mdiobserial' > /tmp/tc7200u
-dmesg-net.txt; cat /tmp/tc7200u-dmesg-net.txt[J[1Aroot@(none):~# ecm|eth|enet|switch|mdio|phy|b53|dsa|irq|serial' > /tmp/tc7200u-d
mesg-net.txt; cat /tmp/tt[J[J[J[J[J[J[J[J[J[J[J[J[J[J[J[J[J[J[J[J[J[J[J[J[J[J[1A[79C[J[J[J[J[J[J[J[J[J[J[J[J[J[J[J[J[J[J[J[J[J[J[J[J[J[J[J[J[J[J[J[J[J[J[J[J[J[J[J[J[J[J[J[J[J[J[J[J[J[J[J[J[J[J[J[J[J[J[J[J[J[J[J[J[Jdmesg | grep -Ei 'bcm|eth|enet|switch|mdio|phy|b53|dsa|irq|serial
'
[    0.000000] earlycon: bcm63xx_uart0 at MMIO 0x14e00500 (options '')
[    0.000000] printk: legacy bootconsole [bcm63xx_uart0] enabled
[    0.000000] NR_IRQS: 256
[    9.956293] clocksource: Switched to clocksource MIPS
[   21.353030] irq_bcm7120_l2: registered BCM3380 L2 intc (/ubus/periph_intc@14e00048, parent IRQ(s): 1)
[   21.398034] irq_bcm7120_l2: registered BCM3380 L2 intc (/ubus/cmips_intc@151f8048, parent IRQ(s): 1)
[   21.639220] 14e00500.serial: ttyS0 at MMIO 0x14e00500 (irq = 8, base_baud = 1687500) is a bcm63xx_uart
[   21.671005] printk: legacy bootconsole [bcm63xx_uart0] disabled
root@(none):~# [  299.747091] ttyS ttyS0: 2 input overrun(s)
dmeEm|eth|enet|switch|mdio|phy|b53|dsa|irq|serial' > /tmp/tc7200u
-dmesg-net.txtdmesg | grep -Ei 'bcm|eth|enet|switch|mdio|phy|b53|dsa|irq|serial'
 > /tmp/tc7200u-dmesg-net.txt[J[J[J[J[J[J[J[J[J[J[J[J[J[J[J[J[J[J[J[J[J[J[J[J[J[J[J[J[J[1A[79C[J[J[J[J[J[J[J[J[J[J[J[J[J[J[J[J[J[J[J[J[J[J[J[J[J[J[J[J[J[J[J[J[J[J[J[J[J[J[J[J[J[J[J[J[J[J[J[J[J[J[J[J[J[J[J[J[J[J[J[J[J[J[J[J[J[J[J[J[J[J[J[J[J[J[J[J[J[J[J[J[1A[79C[J[J[J[J[J[J[J[J[J[J[J[J[J[J[J[J[J[J[J[J[J[J[J[J[J[J[J[J[J[J[J[J[J[J[J[J[J[J[J[J[J[J[J[J[J[J[J[J[J[J[J[J[J[J[J[J[J[J[J[J[J[J[J[J[J
root@(none):~# dm[  322.777906] ttyS ttyS0: 1 input overrun(s)
esgitch|mdio|phy|b53|dsa|irq|serial' > /tmp/tc7200u-dmesg-net.t
xt
> ^C

root@(none):~# dmeEm|eth|enet|
> root@(none):~# dm[  322.777906] ttyS ttyS0: 1 input overrun(s)
-ash: syntax error: unexpected word (expecting ")")
root@(none):~# esgitch|mdio|phy|b53|dsa|irq|serial' > /tmp/tc7200u-dmesg-net.t
> xt
> > ^C
> 
> root@(none):~#
> 
> ^C

root@(none):~# ip l
1: lo: <LOOPBACK> mtu 65536 qdisc noop state DOWN qlen 1000
    link/loopback 00:00:00:00:00:00 brd 00:00:00:00:00:00
root@(none):~# ip l
1: lo: <LOOPBACK> mtu 65536 qdisc noop state DOWN qlen 1000
    link/loopback 00:00:00:00:00:00 brd 00:00:00:00:00:00
root@(none):~# ip a
1: lo: <LOOPBACK> mtu 65536 qdisc noop state DOWN qlen 1000
    link/loopback 00:00:00:00:00:00 brd 00:00:00:00:00:00
root@(none):~# ls /sys/class/net
[1;36mlo[m
root@(none):~# cat /etc/config/network

config interface 'loopback'
	option device 'lo'
	option proto 'static'
	list ipaddr '127.0.0.1/8'

config globals 'globals'
	option dhcp_default_duid 'auto'
	option ula_prefix 'fd69:e8e5:10e4::/48'

config device
	option name 'br-lan'
	option type 'bridge'
	list ports 'eth0'

config interface 'lan'
	option device 'br-lan'
	option proto 'static'
	list ipaddr '192.168.1.1/24'
	option ip6assign '60'

root@(none):~# dmesg | grep -i eth
root@(none):~# dm[  424.736979] ttyS ttyS0: 1 input overrun(s)
ee[J[J[J[J
root@(none):~# dmesg | grep -i enet
root@(none):~# dmesg | grep -i mdio
root@(none):~# dmesg | grep -i phy
root@(none):~# dmesg | grep -i b53
root@(none):~# dmesg | grep -i dsa
root@(none):~# dmesg | grep -i bcm
[    0.000000] earlycon: bcm63xx_uart0 at MMIO 0x14e00500 (options '')
[    0.000000] printk: legacy bootconsole [bcm63xx_uart0] enabled
[   21.353030] irq_bcm7120_l2: registered BCM3380 L2 intc (/ubus/periph_intc@14e00048, parent IRQ(s): 1)
[   21.398034] irq_bcm7120_l2: registered BCM3380 L2 intc (/ubus/cmips_intc@151f8048, parent IRQ(s): 1)
[   21.639220] 14e00500.serial: ttyS0 at MMIO 0x14e00500 (irq = 8, base_baud = 1687500) is a bcm63xx_uart
[   21.671005] printk: legacy bootconsole [bcm63xx_uart0] disabled
root@(none):~# [  665.131454] urngd: v1.0.2 started.

root@OpenWrt:~# lc
-ash: lc: not found
root@OpenWrt:~# ls
root@OpenWrt:~# cd
root@OpenWrt:~# root@OpenWrt:~# cd[Jroot@OpenWrt:~# ls[Jroot@OpenWrt:~# lc[Jroot@OpenWrt:~# dmesg | grep -i bcm[Jroot@OpenWrt:~# dmesg | grep -i dsa[Jroot@OpenWrt:~# dmesg | grep -i b53[Jroot@OpenWrt:~# dmesg | grep -i phy[Jroot@OpenWrt:~# dmesg | grep -i mdio[Jroot@OpenWrt:~# dmesg | grep -i enet[Jroot@OpenWrt:~# dmesg | grep -i eth[Jroot@OpenWrt:~# cat /etc/config/network[J

config interface 'loopback'
	option device 'lo'
	option proto 'static'
	list ipaddr '127.0.0.1/8'

config globals 'globals'
	option dhcp_default_duid '0004bfd8502c644c45b6ad61567713555e24'
	option ula_prefix 'fd69:e8e5:10e4::/48'

config device
	option name 'br-lan'
	option type 'bridge'
	list ports 'eth0'

config interface 'lan'
	option device 'br-lan'
	option proto 'static'
	list ipaddr '192.168.1.1/24'
	option ip6assign '60'

root@OpenWrt:~# cat /proc/iomem
00010000-013b87ff : System RAM
  00010000-0083abcf : Kernel code
  0083abd0-00a987ff : Kernel data
  01380000-013b87ff : Kernel bss
06000000-07ffffff : System RAM
0e000000-0fffffff : System RAM
14e00500-14e00517 : 14e00500.serial serial@14e00520
root@OpenWrt:~# cat /proc/interrupts
           CPU0       
  0:          0      MIPS   0  smp_ipi0
  1:          0      MIPS   1  smp_ipi1
  7:     101439      MIPS   7  timer
  8:       6045  periph_intc@14e00048   2  14e00500.serial
ERR:          2
root@OpenWrt:~# cat /proc/mtd
dev:    size   erasesize  name
root@OpenWrt:~# ls /sys/bus/platform/devices
[1;36m14e00048.periph_intc[m  [1;36m151f8048.cmips_intc[m   [1;36mubus[m
[1;36m14e00500.serial[m       [1;36mFixed MDIO bus.0[m
root@OpenWrt:~# busybox --list | grep devmem
-list: applet not found
root@OpenWrt:~# dmesg | grep -Ei 'irq|serial|mtd|nand|spi|enet|eth|mdio|b53|dsa|
switch'
[    0.000000] NR_IRQS: 256
[    9.956293] clocksource: Switched to clocksource MIPS
[   18.252451] jffs2: version 2.2 (NAND) (SUMMARY) (LZMA) (RTIME) (CMODE_PRIORITY) (c) 2001-2006 Red Hat, Inc.
[   21.353030] irq_bcm7120_l2: registered BCM3380 L2 intc (/ubus/periph_intc@14e00048, parent IRQ(s): 1)
[   21.398034] irq_bcm7120_l2: registered BCM3380 L2 intc (/ubus/cmips_intc@151f8048, parent IRQ(s): 1)
[   21.639220] 14e00500.serial: ttyS0 at MMIO 0x14e00500 (irq = 8, base_baud = 1687500) is a bcm63xx_uart
root@OpenWrt:~# ˙
BCM3383A2 
Sync: 0 
MemSize:            128 M
Chip ID:     BCM3383Z-B0

BootLoader Version: 2.4.0alpha18p1 Pre-release Gnu spiboot dual-flash reduced DDR drive linux
Build Date: Aug 14 2012
Build Time: 09:48:58
SPI flash ID 0xc22014, size 1MB, block size 64KB, write buffer 256, flags 0x0
NAND flash: Device size 64 MB, Block size 16 KB, Page size 512 B
Cust key size 128
parameter offset is 43872

Signature/PID: a825

Switch detected: 53125
ProbePhy: Found PHY 0, MDIO on MAC 0, data on MAC 0
Using GMAC0, phy 0

Enet link up: 1G full


Main Menu:
==========
  b) Boot from flash
  c) Check DRAM
  g) Download and run from RAM
  d) Download and save to flash
  e) Erase flash sector
  m) Set mode
  s) Store bootloader parameters to flash
  i) Re-init ethernet
  r) Read memory
  w) Write memory
  j) Jump to arbitrary address
  p) Print flash partition map
  E) Erase flash region/partition
  X) Erase all of flash except the bootloader
  z) Reset

TFTP Get Selected

Destination: a5f00000

Destination: a5f00000
Starting TFTP of openwrt-ps-irqfallback.bin from 192.168.77.2
Getting openwrt-ps-irqfallback.bin using octet mode


Main Menu:
==========
  b) Boot from flash
  c) Check DRAM
  g) Download and run from RAM
  d) Download and save to flash
  e) Erase flash sector
  m) Set mode
  s) Store bootloader parameters to flash
  i) Re-init ethernet
  r) Read memory
  w) Write memory
  j) Jump to arbitrary address
  p) Print flash partition map
  E) Erase flash region/partition
  X) Erase all of flash except the bootloader
  z) Reset

Tftp timeout...
Tftp timeout...
Tftp timeout...
.......................................................Received packet for invalid session...
.............................................................................................................................................................................................................................................................................................................................................................................................................................................................................................Received packet for invalid session...
.............................................................................................................................................................................................................................................................................................................................................................................................................................................................................................................Received packet for invalid session...
................................................................................................................................................................................................................................................................................................................................................................................................................................................................................................................................................................................................................................................................................................................................................................................................................................................................................................................................................................................................Received packet for invalid session...
.........................................................................................................................................................................................................................Received packet for invalid session...
...............................................................................................................................................................................................................................................................................................................................................................................................................................................................................................................................................................................................
Tftp complete
Received 5688699 bytes

Image 3 Program Header:
   Signature: a825
     Control: 0000
   Major Rev: 0100
   Minor Rev: 04ff
  Build Time: 2026/5/13 19:49:33 Z
 File Length: 5688607 bytes
Load Address: 82000000
    Filename: openwrt-initramfs.bin
         HCS: 3f37
         CRC: 0138e1f4

Bypassing CRC Verifiction on Image 4...
CRC time = 309
Loading non-compressed image 4...
Target Address: 0x82000000
Length: 5688607
Reading flash map at ff30, size 192
Successfully restored flash map from SPI flash!
Copying partition table to 0x83fffc04 180
Copying partition table to 0x80000904 180

Executing Image 4...




OpenWrt kernel loader for BMIPS
Copyright (C) 2011 Gabor Juhos <juhosg@openwrt.org>
Copyright (C) 2014 Jonas Gorski <jogo@openwrt.org>
Copyright (C) 2020 Alvaro Fernandez Rojas <noltari@gmail.com>
Decompressing kernel... done!
blasting from 0x80010000 to 0x012644ab (0x80010000 - 0x812744b0)
Starting kernel at 80010000...

[    0.000000] Linux version 6.12.87 (mgta29@CerberusNB) (mips-openwrt-linux-musl-gcc (OpenWrt GCC 14.3.0 r34427-6865d489d2) 14.3.0, GNU ld (GNU Binutils) 2.44) #0 SMP Tue May 12 23:59:29 2026
[    0.000000] CPU0 revision is: 0002a080 (Broadcom BMIPS4350)
[    0.000000] MIPS: machine is Technicolor TC7200.U
[    0.000000] earlycon: bcm63xx_uart0 at MMIO 0x14e00500 (options '')
[    0.000000] printk: legacy bootconsole [bcm63xx_uart0] enabled
[    0.000000] Kernel sections are not in the memory maps
[    0.000000] Wasting 576 bytes for tracking 16 unused pages
[    0.000000] Initrd not found or empty - disabling initrd
[    0.000000] OF: reserved mem: Reserved memory: No reserved-memory node in the DT
[    0.000000] Primary instruction cache 64kB, VIPT, 4-way, linesize 16 bytes.
[    0.000000] Primary data cache 32kB, 2-way, VIPT, cache aliases, linesize 16 bytes
[    0.000000] Zone ranges:
[    0.000000]   Normal   [mem 0x0000000000010000-0x000000000fffffff]
[    0.000000] Movable zone start for each node
[    0.000000] Early memory node ranges
[    0.000000]   node   0: [mem 0x0000000000010000-0x00000000013b7fff]
[    0.000000]   node   0: [mem 0x0000000006000000-0x0000000007ffffff]
[    0.000000]   node   0: [mem 0x000000000e000000-0x000000000fffffff]
[    0.000000] Initmem setup node 0 [mem 0x0000000000010000-0x000000000fffffff]
[    0.000000] On node 0, zone Normal: 16 pages in unavailable ranges
[    0.000000] On node 0, zone Normal: 19528 pages in unavailable ranges
[    0.000000] On node 0, zone Normal: 24576 pages in unavailable ranges
[    0.000000] percpu: Embedded 12 pages/cpu s19664 r8192 d21296 u49152
[    0.000000] Kernel command line: console=ttyS0,115200 earlycon
[    0.000000] Dentry cache hash table entries: 8192 (order: 3, 32768 bytes, linear)
[    0.000000] Inode-cache hash table entries: 4096 (order: 2, 16384 bytes, linear)
[    0.000000] Built 1 zonelists, mobility grouping on.  Total pages: 21416
[    0.000000] mem auto-init: stack:off, heap alloc:off, heap free:off
[    0.000000] SLUB: HWalign=64, Order=0-3, MinObjects=0, CPUs=1, Nodes=1
[    0.000000] rcu: Hierarchical RCU implementation.
[    0.000000] rcu: 	RCU restricting CPUs from NR_CPUS=2 to nr_cpu_ids=1.
[    0.000000] 	Tracing variant of Tasks RCU enabled.
[    0.000000] rcu: RCU calculated value of scheduler-enlistment delay is 10 jiffies.
[    0.000000] rcu: Adjusting geometry for rcu_fanout_leaf=16, nr_cpu_ids=1
[    0.000000] RCU Tasks Trace: Setting shift to 0 and lim to 1 rcu_task_cb_adjust=1 rcu_task_cpu_ids=1.
[    0.000000] NR_IRQS: 256
[    0.000000] rcu: srcu_init: Setting srcu_struct sizes based on contention.
[    0.000000] clocksource: MIPS: mask: 0xffffffff max_cycles: 0xffffffff, max_idle_ns: 6370868154 ns
[    0.000107] sched_clock: 32 bits at 300MHz, resolution 3ns, wraps every 7158278654ns
[    0.019220] Calibrating delay loop... 4.42 BogoMIPS (lpj=22144)
[    0.160723] pid_max: default: 32768 minimum: 301
[    2.905286] Mount-cache hash table entries: 1024 (order: 0, 4096 bytes, linear)
[    2.917009] Mountpoint-cache hash table entries: 1024 (order: 0, 4096 bytes, linear)
[    5.036668] rcu: Hierarchical SRCU implementation.
[    5.044286] rcu: 	Max phase no-delay instances is 1000.
[    5.148317] smp: Bringing up secondary CPUs ...
[    5.155641] smp: Brought up 1 node, 1 CPU
[    5.183606] Memory: 62500K/85664K available (8362K kernel code, 650K rwdata, 1768K rodata, 9116K init, 226K bss, 22544K reserved, 0K cma-reserved)
[    5.459065] clocksource: jiffies: mask: 0xffffffff max_cycles: 0xffffffff, max_idle_ns: 19112604462750000 ns
[    5.474607] futex hash table entries: 256 (order: 2, 16384 bytes, linear)
[    7.266564] pinctrl core: initialized pinctrl subsystem
[    7.988073] NET: Registered PF_NETLINK/PF_ROUTE protocol family
[    9.957354] clocksource: Switched to clocksource MIPS
[   12.813149] NET: Registered PF_INET protocol family
[   12.853814] IP idents hash table entries: 2048 (order: 2, 16384 bytes, linear)
[   13.003607] tcp_listen_portaddr_hash hash table entries: 512 (order: 0, 4096 bytes, linear)
[   13.020100] Table-perturb hash table entries: 65536 (order: 6, 262144 bytes, linear)
[   13.033016] TCP established hash table entries: 1024 (order: 0, 4096 bytes, linear)
[   13.051341] TCP bind hash table entries: 1024 (order: 2, 16384 bytes, linear)
[   13.069273] TCP: Hash tables configured (established 1024 bind 1024)
[   13.159983] MPTCP token hash table entries: 256 (order: 0, 4096 bytes, linear)
[   13.220298] UDP hash table entries: 256 (order: 1, 8192 bytes, linear)
[   13.239035] UDP-Lite hash table entries: 256 (order: 1, 8192 bytes, linear)
[   13.403842] NET: Registered PF_UNIX/PF_LOCAL protocol family
[   13.422196] PCI: CLS 0 bytes, default 16
[   17.521561] workingset: timestamp_bits=14 max_order=14 bucket_order=0
[   18.262867] squashfs: version 4.0 (2009/01/31) Phillip Lougher
[   18.272888] jffs2: version 2.2 (NAND) (SUMMARY) (LZMA) (RTIME) (CMODE_PRIORITY) (c) 2001-2006 Red Hat, Inc.
[   21.392465] irq_bcm7120_l2: registered BCM3380 L2 intc (/ubus/periph_intc@14e00048, parent IRQ(s): 1)
[   21.435714] irq_bcm7120_l2: registered BCM3380 L2 intc (/ubus/cmips_intc@151f8048, parent IRQ(s): 1)
[   21.678452] 14e00500.serial: ttyS0 at MMIO 0x14e00500 (irq = 8, base_baud = 1687500) is a bcm63xx_uart
[   21.694577] printk: legacy console [ttyS0] enabled
[   21.694577] printk: legacy console [ttyS0] enabled
[   21.710522] printk: legacy bootconsole [bcm63xx_uart0] disabled
[   21.710522] printk: legacy bootconsole [bcm63xx_uart0] disabled
[   23.449231] NET: Registered PF_INET6 protocol family
[   24.803394] Segment Routing with IPv6
[   24.824084] In-situ OAM (IOAM) with IPv6
[   24.847760] NET: Registered PF_PACKET protocol family
[   25.175694] 8021q: 802.1Q VLAN Support v1.8
[   32.473543] clk: Disabling unused clocks
[   32.481063] PM: genpd: Disabling unused power domains
[   37.724790] Freeing unused kernel image (initmem) memory: 9116K
[   37.734508] This architecture does not have kernel memory protection.
[   37.745184] Run /init as init process
[   71.142370] init: Console is alive
[   72.442693] kmodloader: loading kernel modules from /etc/modules-boot.d/*
[   72.673198] gpio_button_hotplug: loading out-of-tree module taints kernel.
[   72.853831] kmodloader: done loading kernel modules from /etc/modules-boot.d/*
[   73.004603] init: - preinit -
[  100.212554] random: crng init done
Press the [f] key and hit [enter] to enter failsafe mode
Press the [1], [2], [3] or [4] key and hit [enter] to select the debug level

[  147.495689] procd: - early -
[  150.631895] procd: - ubus -
[  153.092777] procd: - init -
Please press Enter to activate this console.
login[331]: root login on 'ttyS0'


BusyBox v1.37.0 (2026-01-02 17:07:02 UTC) built-in shell (ash)

  _______                     ________        __
 |       |.-----.-----.-----.|  |  |  |.----.|  |_
 |   -   ||  _  |  -__|     ||  |  |  ||   _||   _|
 |_______||   __|_____|__|__||________||__|  |____|
          |__| W I R E L E S S   F R E E D O M
 -----------------------------------------------------
 OpenWrt SNAPSHOT, r34427-6865d489d2
 -----------------------------------------------------

 === WARNING! =====================================
 There is no root password defined on this device!
 Use the "passwd" command to set up a new password
 in order to prevent unauthorized SSH logins.
 --------------------------------------------------

root@(none):~# [  228.722037] kmodloader: loading kernel modules from /etc/modules.d/*
[  238.669045] PPP generic driver version 2.4.2
[  239.050131] NET: Registered PF_PPPOX protocol family
[  240.073500] kmodloader: done loading kernel modules from /etc/modules.d/*

root@OpenWrt:~# [  631.083978] urngd: v1.0.2 started.

root@OpenWrt:~# 
root@OpenWrt:~# 
root@OpenWrt:~# 
root@OpenWrt:~# 
root@OpenWrt:~# 
root@OpenWrt:~# 
root@OpenWrt:~# b[ 1806.177949] ttyS ttyS0: 1 input overrun(s)
us-7[J[J[J[J[J
root@OpenWrt:~# busybox --list | grep devmem
-list: applet not found
root@OpenWrt:~# [ 1827.518079] ttyS ttyS0: 1 input overrun(s)
devx
-ash: devx: not found
root@OpenWrt:~# devmem 0x14e00048 32
-ash: devmem: not found
root@OpenWrt:~# busybox --list | grep devmem
-list: applet not found
root@OpenWrt:~# ls -l /dev/mem /dev/kmem 2>/dev/null; command -v dd; command -v 
od; command -v hexdump
/bin/dd
/usr/bin/hexdump
root@OpenWrt:~# [ 1958.371704] ttyS ttyS0: 1 input overrun(s)
dd if=/dev/mem bs=4 skip=$((0x14e00048/4)) count=2 2>/tmp/dd.err
 | od -An -tr
-ash: od: not found
root@OpenWrt:~# [ 1962.628718] ttyS ttyS0: 1 input overrun(s)
dd if=/dev/mem bs=4 skip=$((0x14e00048/4)) cnrr | od -An -tx4; c
at /tmp/dd.err[ 1965.973143] ttyS ttyS0: 1 input overrun(s)
dd if=/dev/mem bs=4 skip=$((0x14e00048/4)) count=2 2>/tmp/dd.r; ca
t /tmp/dd.err
-ash: od: not found
BusyBox v1.37.0 (2026-01-02 17:07:02 UTC) multi-call binary.

Usage: dd [if=FILE] [of=FILE] [ibs=N obs=N/bs=N] [count=N] [skip=N] [seek=N]
	[conv=notrunc|noerror|sync|fsync]
	[iflag=skip_bytes|count_bytes|fullblock|direct] [oflag=seek_bytes|append|direct]

Copy a file with converting and formatting

	if=FILE		Read from FILE instead of stdin
	of=FILE		Write to FILE instead of stdout
	bs=N		Read and write N bytes at a time
	ibs=N		Read N bytes at a time
	obs=N		Write N bytes at a time
	count=N		Copy only N input blocks
	skip=N		Skip N input blocks
	seek=N		Skip N output blocks
	conv=notrunc	Don't truncate output file
	conv=noerror	Continue after read errors
	conv=sync	Pad blocks with zeros
	conv=fsync	Physically write data out before finishing
	conv=swab	Swap every pair of bytes
	iflag=skip_bytes	skip=N is in bytes
	iflag=count_bytes	count=N is in bytes
	oflag=seek_bytes	seek=N is in bytes
	iflag=direct	O_DIRECT input
	oflag=direct	O_DIRECT output
	iflag=fullblock	Read full blocks
	oflag=append	Open output in append mode

N may be suffixed by c (1), w (2), b (512), kB (1000), k (1024), MB, M, GB, G
dd: can't open '/dev/mem': No such file or directory
root@OpenWrt:~# ţ
BCM3383A2 
Sync: 0 
MemSize:            128 M
Chip ID:     BCM3383Z-B0

BootLoader Version: 2.4.0alpha18p1 Pre-release Gnu spiboot dual-flash reduced DDR drive ě˙
BCM3383A2 
Sync: 0 
MemSize:            128 M
Chip ID:     BCM3383Z-B0

BootLoader Version: 2.4.0alpha18p1 Pre-release Gnu spiboot dual-flash reduced DDR drive linux
Build Date: Aug 14 2012
Build Time: 09:48:58
SPI flash ID 0xc22014, size 1MB, block size 64KB, write buffer 256, flags 0x0
NAND flash: Device size 64 MB, Block size 16 KB, Page size 512 B
Cust key size 128
parameter offset is 43872

Signature/PID: a825

Switch detected: 53125
ProbePhy: Found PHY 0, MDIO on MAC 0, data on MAC 0
Using GMAC0, phy 0

Enet link up: 1G full


Main Menu:
==========
  b) Boot from flash
  c) Check DRAM
  g) Download and run from RAM
  d) Download and save to flash
  e) Erase flash sector
  m) Set mode
  s) Store bootloader parameters to flash
  i) Re-init ethernet
  r) Read memory
  w) Write memory
  j) Jump to arbitrary address
  p) Print flash partition map
  E) Erase flash region/partition
  X) Erase all of flash except the bootloader
  z) Reset

TFTP Get Selected

Destination: a5f00000

Destination: a5f00000
Starting TFTP of openwrt-ps-irqfallback.bin from 192.168.77.2
Getting openwrt-ps-irqfallback.bin using octet mode


Main Menu:
==========
  b) Boot from flash
  c) Check DRAM
  g) Download and run from RAM
  d) Download and save to flash
  e) Erase flash sector
  m) Set mode
  s) Store bootloader parameters to flash
  i) Re-init ethernet
  r) Read memory
  w) Write memory
  j) Jump to arbitrary address
  p) Print flash partition map
  E) Erase flash region/partition
  X) Erase all of flash except the bootloader
  z) Reset

Tftp timeout...
Tftp timeout...
Received packet for invalid session...
Tftp timeout...
......................................................................................................................................................................................................................................................................................Received packet for invalid session...
.........................................................................................................................................................................................................................................................................................................................................................................................................................................................................................Received packet for invalid session...
......................................................................................................................................................................................................................................................................................................................................................................................................................................................................................................................................................................................................................................................................................................................................................................................................................................................................................................................................................Received packet for invalid session...
...............................................................................................................................................................................................................................................................Received packet for invalid session...
.....................................................................................................................................................................................................................................................................................................................................................................................................................................................................................................................................................................................................................................................................................................................................................................................................................................................................................
Tftp complete
Received 5688699 bytes

Image 3 Program Header:
   Signature: a825
     Control: 0000
   Major Rev: 0100
   Minor Rev: 04ff
  Build Time: 2026/5/13 19:49:33 Z
 File Length: 5688607 bytes
Load Address: 82000000
    Filename: openwrt-initramfs.bin
         HCS: 3f37
         CRC: 0138e1f4

Bypassing CRC Verifiction on Image 4...
CRC time = 321
Loading non-compressed image 4...
Target Address: 0x82000000
Length: 5688607
Reading flash map at ff30, size 192
Successfully restored flash map from SPI flash!
Copying partition table to 0x83fffc04 180
Copying partition table to 0x80000904 180

Executing Image 4...




OpenWrt kernel loader for BMIPS
Copyright (C) 2011 Gabor Juhos <juhosg@openwrt.org>
Copyright (C) 2014 Jonas Gorski <jogo@openwrt.org>
Copyright (C) 2020 Alvaro Fernandez Rojas <noltari@gmail.com>
Decompressing kernel... ţ
BCM3383A2 
Sync: 0 
MemSize:            128 M
Chip ID:     BCM3383Z-B0

BootLoader Version: 2.4.0alpha18p1 Pre-release Gnu spiboot dual-flash reduced DDR drive linux
Build Date: Aug 14 2012
Build Time: 09:48:58
SPI flash ID 0xc22014, size 1MB, block size 64KB, write buffer 256, flags 0x0
NAND flash: Device size 64 MB, Block size 16 KB, Page size 512 B
Cust key size 128
parameter offset is 43872

Signature/PID: a825

Switch detected: 53125
ProbePhy: Found PHY 0, MDIO on MAC 0, data on MAC 0
Using GMAC0, phy 0

Enet link up: 1G full


Main Menu:
==========
  b) Boot from flash
  c) Check DRAM
  g) Download and run from RAM
  d) Download and save to flash
  e) Erase flash sector
  m) Set mode
  s) Store bootloader parameters to flash
  i) Re-init ethernet
  r) Read memory
  w) Write memory
  j) Jump to arbitrary address
  p) Print flash partition map
  E) Erase flash region/partition
  X) Erase all of flash except the bootloader
  z) Reset

Received packet for invalid session...

BCM3383A2 
Sync: 0 
MemSize:            128 M
Chip ID:     BCM3383Z-B0

BootLoader Version: 2.4.0alpha18p1 Pre-release Gnu spiboot dual-flash reduced DDR drive linux
Build Date: Aug 14 2012
Build Time: 09:48:58
SPI flash ID 0xc22014, size 1MB, block size 64KB, write buffer 256, flags 0x0
NAND flash: Device size 64 MB, Block size 16 KB, Page size 512 B
Cust key size 128
parameter offset is 43872

Signature/PID: a825

Switch detected: 53125
ProbePhy: Found PHY 0, MDIO on MAC 0, data on MAC 0
Using GMAC0, phy 0

Enet link up: 1G full


Main Menu:
==========
  b) Boot from flash
  c) Check DRAM
  g) Download and run from RAM
  d) Download and save to flash
  e) Erase flash sector
  m) Set mode
  s) Store bootloader parameters to flash
  i) Re-init ethernet
  r) Read memory
  w) Write memory
  j) Jump to arbitrary address
  p) Print flash partition map
  E) Erase flash region/partition
  X) Erase all of flash except the bootloader
  z) Reset

TFTP Get Selected

Destination: a5f00000

Destination: a5f00000
Starting TFTP of openwrt-ps-irqfallback.bin from 192.168.77.2
Getting openwrt-ps-irqfallback.bin using octet mode


Main Menu:
==========
  b) Boot from flash
  c) Check DRAM
  g) Download and run from RAM
  d) Download and save to flash
  e) Erase flash sector
  m) Set mode
  s) Store bootloader parameters to flash
  i) Re-init ethernet
  r) Read memory
  w) Write memory
  j) Jump to arbitrary address
  p) Print flash partition map
  E) Erase flash region/partition
  X) Erase all of flash except the bootloader
  z) Reset

Tftp timeout...
Tftp timeout...
Received packet for invalid session...
..................................................................................Received packet for invalid session...
..............................................................................................................................................................................................................................................................................................................................................................................................................................................................................Received packet for invalid session...
................................................................................................................................................................................................................................................................................................................................................................................................................................................................................................Received packet for invalid session...
..........................................................................................................................................................................................................................................................................................Received packet for invalid session...
...................................................................................................................................................................................................................................................................................................................................................................................................................................................................................................................................................................................................................................................................................................................Received packet for invalid session...
............................................................................................................................................................................................................................................................................................................................................................................................................Received packet for invalid session...
....................................................................................................................................................................................................................................................................................................................................................................................................
Tftp complete
Received 5696426 bytes

Image 3 Program Header:
   Signature: a825
     Control: 0000
   Major Rev: 0100
   Minor Rev: 04ff
  Build Time: 2026/5/13 21:00:32 Z
 File Length: 5696334 bytes
Load Address: 82000000
    Filename: openwrt-initramfs.bin
         HCS: 1b46
         CRC: f0b0a5b5

Bypassing CRC Verifiction on Image 4...
CRC time = 313
Loading non-compressed image 4...
Target Address: 0x82000000
Length: 5696334
Reading flash map at ff30, size 192
Successfully restored flash map from SPI flash!
Copying partition table to 0x83fffc04 180
Copying partition table to 0x80000904 180

Executing Image 4...




OpenWrt kernel loader for BMIPS
Copyright (C) 2011 Gabor Juhos <juhosg@openwrt.org>
Copyright (C) 2014 Jonas Gorski <jogo@openwrt.org>
Copyright (C) 2020 Alvaro Fernandez Rojas <noltari@gmail.com>
Decompressing kernel... done!
blasting from 0x80010000 to 0x0126a4ab (0x80010000 - 0x8127a4b0)
Starting kernel at 80010000...

[    0.000000] Linux version 6.12.87 (mgta29@CerberusNB) (mips-openwrt-linux-musl-gcc (OpenWrt GCC 14.3.0 r34427-6865d489d2) 14.3.0, GNU ld (GNU Binutils) 2.44) #0 SMP Tue May 12 23:59:29 2026
[    0.000000] CPU0 revision is: 0002a080 (Broadcom BMIPS4350)
[    0.000000] MIPS: machine is Technicolor TC7200.U
[    0.000000] earlycon: bcm63xx_uart0 at MMIO 0x14e00500 (options '')
[    0.000000] printk: legacy bootconsole [bcm63xx_uart0] enabled
[    0.000000] Kernel sections are not in the memory maps
[    0.000000] Wasting 576 bytes for tracking 16 unused pages
[    0.000000] Initrd not found or empty - disabling initrd
[    0.000000] OF: reserved mem: Reserved memory: No reserved-memory node in the DT
[    0.000000] Primary instruction cache 64kB, VIPT, 4-way, linesize 16 bytes.
[    0.000000] Primary data cache 32kB, 2-way, VIPT, cache aliases, linesize 16 bytes
[    0.000000] Zone ranges:
[    0.000000]   Normal   [mem 0x0000000000010000-0x000000000fffffff]
[    0.000000] Movable zone start for each node
[    0.000000] Early memory node ranges
[    0.000000]   node   0: [mem 0x0000000000010000-0x00000000013b7fff]
[    0.000000]   node   0: [mem 0x0000000006000000-0x0000000007ffffff]
[    0.000000]   node   0: [mem 0x000000000e000000-0x000000000fffffff]
[    0.000000] Initmem setup node 0 [mem 0x0000000000010000-0x000000000fffffff]
[    0.000000] On node 0, zone Normal: 16 pages in unavailable ranges
[    0.000000] On node 0, zone Normal: 19528 pages in unavailable ranges
[    0.000000] On node 0, zone Normal: 24576 pages in unavailable ranges
[    0.000000] percpu: Embedded 12 pages/cpu s19664 r8192 d21296 u49152
[    0.000000] Kernel command line: console=ttyS0,115200 earlycon
[    0.000000] Dentry cache hash table entries: 8192 (order: 3, 32768 bytes, linear)
[    0.000000] Inode-cache hash table entries: 4096 (order: 2, 16384 bytes, linear)
[    0.000000] Built 1 zonelists, mobility grouping on.  Total pages: 21416
[    0.000000] mem auto-init: stack:off, heap alloc:off, heap free:off
[    0.000000] SLUB: HWalign=64, Order=0-3, MinObjects=0, CPUs=1, Nodes=1
[    0.000000] rcu: Hierarchical RCU implementation.
[    0.000000] rcu: 	RCU restricting CPUs from NR_CPUS=2 to nr_cpu_ids=1.
[    0.000000] 	Tracing variant of Tasks RCU enabled.
[    0.000000] rcu: RCU calculated value of scheduler-enlistment delay is 10 jiffies.
[    0.000000] rcu: Adjusting geometry for rcu_fanout_leaf=16, nr_cpu_ids=1
[    0.000000] RCU Tasks Trace: Setting shift to 0 and lim to 1 rcu_task_cb_adjust=1 rcu_task_cpu_ids=1.
[    0.000000] NR_IRQS: 256
[    0.000000] rcu: srcu_init: Setting srcu_struct sizes based on contention.
[    0.000000] clocksource: MIPS: mask: 0xffffffff max_cycles: 0xffffffff, max_idle_ns: 6370868154 ns
[    0.000106] sched_clock: 32 bits at 300MHz, resolution 3ns, wraps every 7158278654ns
[    0.019181] Calibrating delay loop... 4.42 BogoMIPS (lpj=22144)
[    0.160668] pid_max: default: 32768 minimum: 301
[    2.906982] Mount-cache hash table entries: 1024 (order: 0, 4096 bytes, linear)
[    2.918702] Mountpoint-cache hash table entries: 1024 (order: 0, 4096 bytes, linear)
[    5.039784] rcu: Hierarchical SRCU implementation.
[    5.047397] rcu: 	Max phase no-delay instances is 1000.
[    5.151750] smp: Bringing up secondary CPUs ...
[    5.159067] smp: Brought up 1 node, 1 CPU
[    5.187011] Memory: 62500K/85664K available (8375K kernel code, 658K rwdata, 1772K rodata, 9092K init, 226K bss, 22544K reserved, 0K cma-reserved)
[    5.461956] clocksource: jiffies: mask: 0xffffffff max_cycles: 0xffffffff, max_idle_ns: 19112604462750000 ns
[    5.477468] futex hash table entries: 256 (order: 2, 16384 bytes, linear)
[    7.267924] pinctrl core: initialized pinctrl subsystem
[    7.989085] NET: Registered PF_NETLINK/PF_ROUTE protocol family
[    9.960939] clocksource: Switched to clocksource MIPS
[   12.815831] NET: Registered PF_INET protocol family
[   12.856467] IP idents hash table entries: 2048 (order: 2, 16384 bytes, linear)
[   13.006146] tcp_listen_portaddr_hash hash table entries: 512 (order: 0, 4096 bytes, linear)
[   13.022730] Table-perturb hash table entries: 65536 (order: 6, 262144 bytes, linear)
[   13.035634] TCP established hash table entries: 1024 (order: 0, 4096 bytes, linear)
[   13.054377] TCP bind hash table entries: 1024 (order: 2, 16384 bytes, linear)
[   13.072271] TCP: Hash tables configured (established 1024 bind 1024)
[   13.163536] MPTCP token hash table entries: 256 (order: 0, 4096 bytes, linear)
[   13.223885] UDP hash table entries: 256 (order: 1, 8192 bytes, linear)
[   13.242470] UDP-Lite hash table entries: 256 (order: 1, 8192 bytes, linear)
[   13.406895] NET: Registered PF_UNIX/PF_LOCAL protocol family
[   13.425259] PCI: CLS 0 bytes, default 16
[   17.517305] workingset: timestamp_bits=14 max_order=14 bucket_order=0
[   18.260519] squashfs: version 4.0 (2009/01/31) Phillip Lougher
[   18.269149] jffs2: version 2.2 (NAND) (SUMMARY) (LZMA) (RTIME) (CMODE_PRIORITY) (c) 2001-2006 Red Hat, Inc.
[   21.374909] irq_bcm7120_l2: registered BCM3380 L2 intc (/ubus/periph_intc@14e00048, parent IRQ(s): 1)
[   21.418385] irq_bcm7120_l2: registered BCM3380 L2 intc (/ubus/cmips_intc@151f8048, parent IRQ(s): 1)
[   21.660624] 14e00500.serial: ttyS0 at MMIO 0x14e00500 (irq = 8, base_baud = 1687500) is a bcm63xx_uart
[   21.676928] printk: legacy console [ttyS0] enabled
[   21.676928] printk: legacy console [ttyS0] enabled
[   21.692704] printk: legacy bootconsole [bcm63xx_uart0] disabled
[   21.692704] printk: legacy bootconsole [bcm63xx_uart0] disabled
[   23.441622] NET: Registered PF_INET6 protocol family
[   24.797966] Segment Routing with IPv6
[   24.818511] In-situ OAM (IOAM) with IPv6
[   24.842400] NET: Registered PF_PACKET protocol family
[   25.166480] 8021q: 802.1Q VLAN Support v1.8
[   32.477192] clk: Disabling unused clocks
[   32.484328] PM: genpd: Disabling unused power domains
[   37.871366] Freeing unused kernel image (initmem) memory: 9092K
[   37.880994] This architecture does not have kernel memory protection.
[   37.891462] Run /init as init process
[   71.459131] init: Console is alive
[   72.767758] kmodloader: loading kernel modules from /etc/modules-boot.d/*
[   73.000988] gpio_button_hotplug: loading out-of-tree module taints kernel.
[   73.195152] kmodloader: done loading kernel modules from /etc/modules-boot.d/*
[   73.331253] init: - preinit -

[  100.775502] random: crng init done

Press the [f] key and hit [enter] to enter failsafe mode
Press the [1], [2], [3] or [4] key and hit [enter] to select the debug level
[  149.083887] procd: - early -
[  152.208863] procd: - ubus -
[  154.718154] procd: - init -
Please press Enter to activate this console.

login[330]: root login on 'ttyS0'


BusyBox v1.37.0 (2026-01-02 17:07:02 UTC) built-in shell (ash)

  _______                     ________        __
 |       |.-----.-----.-----.|  |  |  |.----.|  |_
 |   -   ||  _  |  -__|     ||  |  |  ||   _||   _|
 |_______||   __|_____|__|__||________||__|  |____|
          |__| W I R E L E S S   F R E E D O M
 -----------------------------------------------------
 OpenWrt SNAPSHOT, r34427-6865d489d2
 -----------------------------------------------------

 === WARNING! =====================================
 There is no root password defined on this device!
 Use the "passwd" command to set up a new password
 in order to prevent unauthorized SSH logins.
 --------------------------------------------------

root@(none):~# 
root@(none):~# [  207.176633] ttyS ttyS0: 1 input overrun(s)
ls -ox d032
ls: unrecognized option: o
BusyBox v1.37.0 (2026-01-02 17:07:02 UTC) multi-call binary.

Usage: ls [-1AaCxdLHRFplinshrSXvctu] [-w WIDTH] [FILE]...

List directory contents

	-1	One column output
	-a	Include names starting with .
	-A	Like -a, but exclude . and ..
	-x	List by lines
	-d	List directory names, not contents
	-L	Follow symlinks
	-H	Follow symlinks on command line
	-R	Recurse
	-p	Append / to directory names
	-F	Append indicator (one of */=@|) to names
	-l	Long format
	-i	List inode numbers
	-n	List numeric UIDs and GIDs instead of names
	-s	List allocated blocks
	-lc	List ctime
	-lu	List atime
	--full-time	List full date/time
	-h	Human readable sizes (1K 243M 2G)
	--group-directories-first
	-S	Sort by size
	-X	Sort by extension
	-v	Sort by version
	-t	Sort by mtime
	-tc	Sort by ctime
	-tu	Sort by atime
	-r	Reverse sort order
	-w N	Format N columns wide
	--color[={always,never,auto}]
root@(none):~# [  218.712159] ttyS ttyS0: 2 input overrun(s)
ls -l /dev/mem; busybom48 32
ls: /dev/mem: No such file or directory
-ash: busybom48: not found
root@(none):~# [  231.708134] kmodloader: loading kernel modules from /etc/modules.d/*
[  241.662301] PPP generic driver version 2.4.2
[  242.052835] NET: Registered PF_PPPOX protocol family
[  243.097868] kmodloader: done loading kernel modules from /etc/modules.d/*
ls -l /dev/mem
ls: /dev/mem: No such file or directory
root@(none):~# ls -l /dev/mem
ls: /dev/mem: No such file or directory
root@(none):~# busybox devmem 0x14e00048 32
devmem: can't open '/dev/mem': No such file or directory
root@(none):~# 
root@OpenWrt:~# [  633.314808] urngd: v1.0.2 started.
reboot
root@OpenWrt:~# root@OpenWrt:~# reboot[Jroot@OpenWrt:~# busybox devmem 0x14e00048 32[J
devmem: can't open '/dev/mem': No such file or directory
root@OpenWrt:~# ţ
BCM3383A2 
Sync: 0 
MemSize:            128 M
Chip ID:     BCM3383Z-B0

BootLoader Version: 2.4.0alpha18p1 Pre-release Gnu spiboot dual-flash reduced DDR drive linux
Build Date: Aug 14 2012
Build Time: 09:48:58
SPI flash ID 0xc22014, size 1MB, block size 64KB, write buffer 256, flags 0x0
NAND flash: Device size 64 MB, Block size 16 KB, Page size 512 B
Cust key size 128
parameter offset is 43872

Signature/PID: a825

Switch detected: 53125
ProbePhy: Found PHY 0, MDIO on MAC 0, data on MAC 0
Using GMAC0, phy 0

Enet link up: 1G full


Main Menu:
==========
  b) Boot from flash
  c) Check DRAM
  g) Download and run from RAM
  d) Download and save to flash
  e) Erase flash sector
  m) Set mode
  s) Store bootloader parameters to flash
  i) Re-init ethernet
  r) Read memory
  w) Write memory
  j) Jump to arbitrary address
  p) Print flash partition map
  E) Erase flash region/partition
  X) Erase all of flash except the bootloader
  z) Reset


BCM3383A2 
Sync: 0 
MemSize:            128 M
Chip ID:     BCM3383Z-B0

BootLoader Version: 2.4.0alpha18p1 Pre-release Gnu spiboot dual-flash reduced DDR drive linux
Build Date: Aug 14 2012
Build Time: 09:48:58
SPI flash ID 0xc22014, size 1MB, block size 64KB, write buffer 256, flags 0x0
NAND flash: Device size 64 MB, Block size 16 KB, Page size 512 B
Cust key size 128
parameter offset is 43872

Signature/PID: a825

Switch detected: 53125
ProbePhy: Found PHY 0, MDIO on MAC 0, data on MAC 0
Using GMAC0, phy 0

Enet link up: 1G full


Main Menu:
==========
  b) Boot from flash
  c) Check DRAM
  g) Download and run from RAM
  d) Download and save to flash
  e) Erase flash sector
  m) Set mode
  s) Store bootloader parameters to flash
  i) Re-init ethernet
  r) Read memory
  w) Write memory
  j) Jump to arbitrary address
  p) Print flash partition map
  E) Erase flash region/partition
  X) Erase all of flash except the bootloader
  z) Reset


BCM3383A2 
Sync: 0 
MemSize:            128 M
Chip ID:     BCM3383Z-B0

BootLoader Version: 2.4.0alpha18p1 Pre-release Gnu spiboot dual-flash reduced DDR drive linux
Build Date: Aug 14 2012
Build Time: 09:48:58
SPI flash ID 0xc22014, size 1MB, block size 64KB, write buffer 256, flags 0x0
NAND flash: Device size 64 MB, Block size 16 KB, Page size 512 B
Cust key size 128
parameter offset is 43872

Signature/PID: a825

Switch detected: 53125
ProbePhy: Found PHY 0, MDIO on MAC 0, data on MAC 0
Using GMAC0, phy 0

Enet link up: 1G full


Main Menu:
==========
  b) Boot from flash
  c) Check DRAM
  g) Download and run from RAM
  d) Download and save to flash
  e) Erase flash sector
  m) Set mode
  s) Store bootloader parameters to flash
  i) Re-init ethernet
  r) Read memory
  w) Write memory
  j) Jump to arbitrary address
  p) Print flash partition map
  E) Erase flash region/partition
  X) Erase all of flash except the bootloader
  z) Reset

TFTP Get Selected

Destination: a5f00000

Destination: a5f00000
Starting TFTP of openwrt-ps-irqfallback.bin from 192.168.77.2
Getting openwrt-ps-irqfallback.bin using octet mode


Main Menu:
==========
  b) Boot from flash
  c) Check DRAM
  g) Download and run from RAM
  d) Download and save to flash
  e) Erase flash sector
  m) Set mode
  s) Store bootloader parameters to flash
  i) Re-init ethernet
  r) Read memory
  w) Write memory
  j) Jump to arbitrary address
  p) Print flash partition map
  E) Erase flash region/partition
  X) Erase all of flash except the bootloader
  z) Reset

Tftp timeout...
Tftp timeout...
............................................................................................................Received packet for invalid session...
.....................................Received packet for invalid session...
..........................Received packet for invalid session...
.............................................................................Received packet for invalid session...
...........................................................................................................................................................................................................................................................................................................................................................Received packet for invalid session...
.......................................................................................................................................................................................................................................................................................................................................................................................................................................................................................................................Received packet for invalid session...
.................................................................................................................................................................................................................................................................................................................................................................................................................................................................................................................................................................................................................................................................................................................................................................................................................................................................................................................................................................................................................Received packet for invalid session...
.....................................................................................................................................................................................................................................................................................Received packet for invalid session...
.............................................................................................................................................................................................................................................................................................................................................................................................................................................
Tftp complete
Received 5696426 bytes

Image 3 Program Header:
   Signature: a825
     Control: 0000
   Major Rev: 0100
   Minor Rev: 04ff
  Build Time: 2026/5/13 21:00:32 Z
 File Length: 5696334 bytes
Load Address: 82000000
    Filename: openwrt-initramfs.bin
         HCS: 1b46
         CRC: f0b0a5b5

Bypassing CRC Verifiction on Image 4...
CRC time = 338
Loading non-compressed image 4...
Target Address: 0x82000000
Length: 5696334
Reading flash map at ff30, size 192
Successfully restored flash map from SPI flash!
Copying partition table to 0x83fffc04 180
Copying partition table to 0x80000904 180

Executing Image 4...




OpenWrt kernel loader for BMIPS
Copyright (C) 2011 Gabor Juhos <juhosg@openwrt.org>
Copyright (C) 2014 Jonas Gorski <jogo@openwrt.org>
Copyright (C) 2020 Alvaro Fernandez Rojas <noltari@gmail.com>
Decompressing kernel... done!
blasting from 0x80010000 to 0x0126a4ab (0x80010000 - 0x8127a4b0)
Starting kernel at 80010000...

[    0.000000] Linux version 6.12.87 (mgta29@CerberusNB) (mips-openwrt-linux-musl-gcc (OpenWrt GCC 14.3.0 r34427-6865d489d2) 14.3.0, GNU ld (GNU Binutils) 2.44) #0 SMP Tue May 12 23:59:29 2026
[    0.000000] CPU0 revision is: 0002a080 (Broadcom BMIPS4350)
[    0.000000] MIPS: machine is Technicolor TC7200.U
[    0.000000] earlycon: bcm63xx_uart0 at MMIO 0x14e00500 (options '')
[    0.000000] printk: legacy bootconsole [bcm63xx_uart0] enabled
[    0.000000] Kernel sections are not in the memory maps
[    0.000000] Wasting 576 bytes for tracking 16 unused pages
[    0.000000] Initrd not found or empty - disabling initrd
[    0.000000] OF: reserved mem: Reserved memory: No reserved-memory node in the DT
[    0.000000] Primary instruction cache 64kB, VIPT, 4-way, linesize 16 bytes.
[    0.000000] Primary data cache 32kB, 2-way, VIPT, cache aliases, linesize 16 bytes
[    0.000000] Zone ranges:
[    0.000000]   Normal   [mem 0x0000000000010000-0x000000000fffffff]
[    0.000000] Movable zone start for each node
[    0.000000] Early memory node ranges
[    0.000000]   node   0: [mem 0x0000000000010000-0x00000000013b7fff]
[    0.000000]   node   0: [mem 0x0000000006000000-0x0000000007ffffff]
[    0.000000]   node   0: [mem 0x000000000e000000-0x000000000fffffff]
[    0.000000] Initmem setup node 0 [mem 0x0000000000010000-0x000000000fffffff]
[    0.000000] On node 0, zone Normal: 16 pages in unavailable ranges
[    0.000000] On node 0, zone Normal: 19528 pages in unavailable ranges
[    0.000000] On node 0, zone Normal: 24576 pages in unavailable ranges
[    0.000000] percpu: Embedded 12 pages/cpu s19664 r8192 d21296 u49152
[    0.000000] Kernel command line: console=ttyS0,115200 earlycon
[    0.000000] Dentry cache hash table entries: 8192 (order: 3, 32768 bytes, linear)
[    0.000000] Inode-cache hash table entries: 4096 (order: 2, 16384 bytes, linear)
[    0.000000] Built 1 zonelists, mobility grouping on.  Total pages: 21416
[    0.000000] mem auto-init: stack:off, heap alloc:off, heap free:off
[    0.000000] SLUB: HWalign=64, Order=0-3, MinObjects=0, CPUs=1, Nodes=1
[    0.000000] rcu: Hierarchical RCU implementation.
[    0.000000] rcu: 	RCU restricting CPUs from NR_CPUS=2 to nr_cpu_ids=1.
[    0.000000] 	Tracing variant of Tasks RCU enabled.
[    0.000000] rcu: RCU calculated value of scheduler-enlistment delay is 10 jiffies.
[    0.000000] rcu: Adjusting geometry for rcu_fanout_leaf=16, nr_cpu_ids=1
[    0.000000] RCU Tasks Trace: Setting shift to 0 and lim to 1 rcu_task_cb_adjust=1 rcu_task_cpu_ids=1.
[    0.000000] NR_IRQS: 256
[    0.000000] rcu: srcu_init: Setting srcu_struct sizes based on contention.
[    0.000000] clocksource: MIPS: mask: 0xffffffff max_cycles: 0xffffffff, max_idle_ns: 6370868154 ns
[    0.000107] sched_clock: 32 bits at 300MHz, resolution 3ns, wraps every 7158278654ns
[    0.019187] Calibrating delay loop... 4.42 BogoMIPS (lpj=22144)
[    0.160672] pid_max: default: 32768 minimum: 301
[    2.906833] Mount-cache hash table entries: 1024 (order: 0, 4096 bytes, linear)
[    2.918547] Mountpoint-cache hash table entries: 1024 (order: 0, 4096 bytes, linear)
[    5.038646] rcu: Hierarchical SRCU implementation.
[    5.046344] rcu: 	Max phase no-delay instances is 1000.
[    5.151570] smp: Bringing up secondary CPUs ...
[    5.158879] smp: Brought up 1 node, 1 CPU
[    5.187022] Memory: 62500K/85664K available (8375K kernel code, 658K rwdata, 1772K rodata, 9092K init, 226K bss, 22544K reserved, 0K cma-reserved)
[    5.461854] clocksource: jiffies: mask: 0xffffffff max_cycles: 0xffffffff, max_idle_ns: 19112604462750000 ns
[    5.477410] futex hash table entries: 256 (order: 2, 16384 bytes, linear)
[    7.267930] pinctrl core: initialized pinctrl subsystem
[    7.988882] NET: Registered PF_NETLINK/PF_ROUTE protocol family
[    9.960635] clocksource: Switched to clocksource MIPS
[   12.815442] NET: Registered PF_INET protocol family
[   12.856065] IP idents hash table entries: 2048 (order: 2, 16384 bytes, linear)
[   13.005712] tcp_listen_portaddr_hash hash table entries: 512 (order: 0, 4096 bytes, linear)
[   13.022110] Table-perturb hash table entries: 65536 (order: 6, 262144 bytes, linear)
[   13.035229] TCP established hash table entries: 1024 (order: 0, 4096 bytes, linear)
[   13.053926] TCP bind hash table entries: 1024 (order: 2, 16384 bytes, linear)
[   13.071812] TCP: Hash tables configured (established 1024 bind 1024)
[   13.163080] MPTCP token hash table entries: 256 (order: 0, 4096 bytes, linear)
[   13.223435] UDP hash table entries: 256 (order: 1, 8192 bytes, linear)
[   13.242017] UDP-Lite hash table entries: 256 (order: 1, 8192 bytes, linear)
[   13.406427] NET: Registered PF_UNIX/PF_LOCAL protocol family
[   13.424790] PCI: CLS 0 bytes, default 16
[   17.452780] workingset: timestamp_bits=14 max_order=14 bucket_order=0
[   18.194394] squashfs: version 4.0 (2009/01/31) Phillip Lougher
[   18.204243] jffs2: version 2.2 (NAND) (SUMMARY) (LZMA) (RTIME) (CMODE_PRIORITY) (c) 2001-2006 Red Hat, Inc.
[   21.314006] irq_bcm7120_l2: registered BCM3380 L2 intc (/ubus/periph_intc@14e00048, parent IRQ(s): 1)
[   21.357575] irq_bcm7120_l2: registered BCM3380 L2 intc (/ubus/cmips_intc@151f8048, parent IRQ(s): 1)
[   21.604760] 14e00500.serial: ttyS0 at MMIO 0x14e00500 (irq = 8, base_baud = 1687500) is a bcm63xx_uart
[   21.621990] printk: legacy console [ttyS0] enabled
[   21.621990] printk: legacy console [ttyS0] enabled
[   21.636353] printk: legacy bootconsole [bcm63xx_uart0] disabled
[   21.636353] printk: legacy bootconsole [bcm63xx_uart0] disabled
[   23.381490] NET: Registered PF_INET6 protocol family
[   24.712989] Segment Routing with IPv6
[   24.734403] In-situ OAM (IOAM) with IPv6
[   24.756897] NET: Registered PF_PACKET protocol family
[   25.078591] 8021q: 802.1Q VLAN Support v1.8
[   32.418515] clk: Disabling unused clocks
[   32.426045] PM: genpd: Disabling unused power domains
[   37.873548] Freeing unused kernel image (initmem) memory: 9092K
[   37.883452] This architecture does not have kernel memory protection.
[   37.893736] Run /init as init process
[   71.463007] init: Console is alive
[   72.765064] kmodloader: loading kernel modules from /etc/modules-boot.d/*
[   72.998297] gpio_button_hotplug: loading out-of-tree module taints kernel.
[   73.188192] kmodloader: done loading kernel modules from /etc/modules-boot.d/*
[   73.325858] init: - preinit -

[  100.715160] random: crng init done
Press the [f] key and hit [enter] to enter failsafe mode
Press the [1], [2], [3] or [4] key and hit [enter] to select the debug level
[  148.737100] procd: - early -
[  151.898789] procd: - ubus -
[  154.360116] procd: - init -
Please press Enter to activate this console.

login[329]: root login on 'ttyS0'


BusyBox v1.37.0 (2026-01-02 17:07:02 UTC) built-in shell (ash)

  _______                     ________        __
 |       |.-----.-----.-----.|  |  |  |.----.|  |_
 |   -   ||  _  |  -__|     ||  |  |  ||   _||   _|
 |_______||   __|_____|__|__||________||__|  |____|
          |__| W I R E L E S S   F R E E D O M
 -----------------------------------------------------
 OpenWrt SNAPSHOT, r34427-6865d489d2
 -----------------------------------------------------

 === WARNING! =====================================
 There is no root password defined on this device!
 Use the "passwd" command to set up a new password
 in order to prevent unauthorized SSH logins.
 --------------------------------------------------

root@(none):~# [  230.272583] kmodloader: loading kernel modules from /etc/modules.d/*
[  240.211932] PPP generic driver version 2.4.2
[  240.602469] NET: Registered PF_PPPOX protocol family
[  241.652386] kmodloader: done loading kernel modules from /etc/modules.d/*

root@(none):~# ls -l /dev/mem
ls: /dev/mem: No such file or directory
root@(none):~# root@(none):~# ls -l /dev/mem[J
ls: /dev/mem: No such file or directory
root@(none):~# 
BCM3383A2 
Sync: 0 
MemSize:            128 M
Chip ID:     BCM3383Z-B0

BootLoader Version: 2.4.0alpha18p1 Pre-release Gnu spiboot dual-flash reduced DDR drive linux
Build Date: Aug 14 2012
Build Time: 09:48:58
SPI flash ID 0xc22014, size 1MB, block size 64KB, write buffer 256, flags 0x0
NAND flash: Device size 64 MB, Block size 16 KB, Page size 512 B
Cust key size 128
parameter offset is 43872

Signature/PID: a825

Switch detected: 53125
ProbePhy: Found PHY 0, MDIO on MAC 0, data on MAC 0
Using GMAC0, phy 0

Enet link up: 1G full


Main Menu:
==========
  b) Boot from flash
  c) Check DRAM
  g) Download and run from RAM
  d) Download and save to flash
  e) Erase flash sector
  m) Set mode
  s) Store bootloader parameters to flash
  i) Re-init ethernet
  r) Read memory
  w) Write memory
  j) Jump to arbitrary address
  p) Print flash partition map
  E) Erase flash region/partition
  X) Erase all of flash except the bootloader
  z) Reset

Received packet for invalid session...
Received packet for invalid session...
TFTP Get Selected

Destination: a5f00000

Destination: a5f00000
Starting TFTP of openwrt-ps-irqfallback.bin from 192.168.77.2
Getting openwrt-ps-irqfallback.bin using octet mode


Main Menu:
==========
  b) Boot from flash
  c) Check DRAM
  g) Download and run from RAM
  d) Download and save to flash
  e) Erase flash sector
  m) Set mode
  s) Store bootloader parameters to flash
  i) Re-init ethernet
  r) Read memory
  w) Write memory
  j) Jump to arbitrary address
  p) Print flash partition map
  E) Erase flash region/partition
  X) Erase all of flash except the bootloader
  z) Reset

....Received packet for invalid session...
.......................................................................................................................................................................................................................................................................................................................................................................................................................................................................................................................................................................................................................................................................................................................................................................................................................................................................................................................................................................................Received packet for invalid session...
.............................................................................................................................................................................................................................................................................................................................................................................................Received packet for invalid session...
........................................................................................................................................................................................................................................................................................................................................................................................................................................................................Received packet for invalid session...
.............................................................................................................................................................................................................................................................................................................................................................................................................................................................................................................................................................................................................................................................................................................................................................................................................................................................................................................................................................................................................................
Tftp complete
Received 5696426 bytes

Image 3 Program Header:
   Signature: a825
     Control: 0000
   Major Rev: 0100
   Minor Rev: 04ff
  Build Time: 2026/5/13 21:00:32 Z
 File Length: 5696334 bytes
Load Address: 82000000
    Filename: openwrt-initramfs.bin
         HCS: 1b46
         CRC: f0b0a5b5

Bypassing CRC Verifiction on Image 4...
CRC time = 315
Loading non-compressed image 4...
Target Address: 0x82000000
Length: 5696334
Reading flash map at ff30, size 192
Successfully restored flash map from SPI flash!
Copying partition table to 0x83fffc04 180
Copying partition table to 0x80000904 180

Executing Image 4...




OpenWrt kernel loader for BMIPS
Copyright (C) 2011 Gabor Juhos <juhosg@openwrt.org>
Copyright (C) 2014 Jonas Gorski <jogo@openwrt.org>
Copyright (C) 2020 Alvaro Fernandez Rojas <noltari@gmail.com>
Decompressing kernel... ţ
BCM3383A2 
Sync: 0 
MemSize:            128 M
Chip ID:     BCM3383Z-B0

BootLoader Version: 2.4.0alpha18p1 Pre-release Gnu spiboot dual-flash reduced DDR drive linux
Build Date: Aug 14 2012
Build Time: 09:48:58
SPI flash ID 0xc22014, size 1MB, block size 64KB, write buffer 256, flags 0x0
NAND flash: Device size 64 MB, Block size 16 KB, Page size 512 B
Cust key size 128
parameter offset is 43872

Signature/PID: a825

Switch detected: 53125
ProbePhy: Found PHY 0, MDIO on MAC 0, data on MAC 0
Using GMAC0, phy 0

Enet link up: 1G full


Main Menu:
==========
  b) Boot from flash
  c) Check DRAM
  g) Download and run from RAM
  d) Download and save to flash
  e) Erase flash sector
  m) Set mode
  s) Store bootloader parameters to flash
  i) Re-init ethernet
  r) Read memory
  w) Write memory
  j) Jump to arbitrary address
  p) Print flash partition map
  E) Erase flash region/partition
  X) Erase all of flash except the bootloader
  z) Reset

Received packet for invalid session...
Received packet for invalid session...
Received packet for invalid session...
Received packet for invalid session...
Received packet for invalid session...
TFTP Get Selected

Destination: a5f00000

Destination: a5f00000
Starting TFTP of openwrt-ps-irqfallback.bin from 192.168.77.2
Getting openwrt-ps-irqfallback.bin using octet mode


Main Menu:
==========
  b) Boot from flash
  c) Check DRAM
  g) Download and run from RAM
  d) Download and save to flash
  e) Erase flash sector
  m) Set mode
  s) Store bootloader parameters to flash
  i) Re-init ethernet
  r) Read memory
  w) Write memory
  j) Jump to arbitrary address
  p) Print flash partition map
  E) Erase flash region/partition
  X) Erase all of flash except the bootloader
  z) Reset

...................................................................................................................................Received packet for invalid session...
....................................................................................................................................................................................................................................................................................................................................................................................................................Received packet for invalid session...
......................................................................................................................................................................................................................................................................................................................................................................................................................................................................................................................................................................................................................................................................................................................................................................................................................................................................................................................................................................................................................................................................................................................................................................................................................................................................................................................................................................................................................Received packet for invalid session...
...................................................................................................................................................................................................................................................................................................................................................................................................................................................................................................................................................................................................Received packet for invalid session...
.............................................................................................................................................................................................................................................................................................................
Tftp complete
Received 5696426 bytes

Image 3 Program Header:
   Signature: a825
     Control: 0000
   Major Rev: 0100
   Minor Rev: 04ff
  Build Time: 2026/5/13 21:00:32 Z
 File Length: 5696334 bytes
Load Address: 82000000
    Filename: openwrt-initramfs.bin
         HCS: 1b46
         CRC: f0b0a5b5

Bypassing CRC Verifiction on Image 4...
CRC time = 311
Loading non-compressed image 4...
Target Address: 0x82000000
Length: 5696334
Reading flash map at ff30, size 192
Successfully restored flash map from SPI flash!
Copying partition table to 0x83fffc04 180
Copying partition table to 0x80000904 180

Executing Image 4...




OpenWrt kernel loader for BMIPS
Copyright (C) 2011 Gabor Juhos <juhosg@openwrt.org>
Copyright (C) 2014 Jonas Gorski <jogo@openwrt.org>
Copyright (C) 2020 Alvaro Fernandez Rojas <noltari@gmail.com>
Decompressing kernel... done!
blasting from 0x80010000 to 0x0126a4ab (0x80010000 - 0x8127a4b0)
Starting kernel at 80010000...

[    0.000000] Linux version 6.12.87 (mgta29@CerberusNB) (mips-openwrt-linux-musl-gcc (OpenWrt GCC 14.3.0 r34427-6865d489d2) 14.3.0, GNU ld (GNU Binutils) 2.44) #0 SMP Tue May 12 23:59:29 2026
[    0.000000] CPU0 revision is: 0002a080 (Broadcom BMIPS4350)
[    0.000000] MIPS: machine is Technicolor TC7200.U
[    0.000000] earlycon: bcm63xx_uart0 at MMIO 0x14e00500 (options '')
[    0.000000] printk: legacy bootconsole [bcm63xx_uart0] enabled
[    0.000000] Kernel sections are not in the memory maps
[    0.000000] Wasting 576 bytes for tracking 16 unused pages
[    0.000000] Initrd not found or empty - disabling initrd
[    0.000000] OF: reserved mem: Reserved memory: No reserved-memory node in the DT
[    0.000000] Primary instruction cache 64kB, VIPT, 4-way, linesize 16 bytes.
[    0.000000] Primary data cache 32kB, 2-way, VIPT, cache aliases, linesize 16 bytes
[    0.000000] Zone ranges:
[    0.000000]   Normal   [mem 0x0000000000010000-0x000000000fffffff]
[    0.000000] Movable zone start for each node
[    0.000000] Early memory node ranges
[    0.000000]   node   0: [mem 0x0000000000010000-0x00000000013b7fff]
[    0.000000]   node   0: [mem 0x0000000006000000-0x0000000007ffffff]
[    0.000000]   node   0: [mem 0x000000000e000000-0x000000000fffffff]
[    0.000000] Initmem setup node 0 [mem 0x0000000000010000-0x000000000fffffff]
[    0.000000] On node 0, zone Normal: 16 pages in unavailable ranges
[    0.000000] On node 0, zone Normal: 19528 pages in unavailable ranges
[    0.000000] On node 0, zone Normal: 24576 pages in unavailable ranges
[    0.000000] percpu: Embedded 12 pages/cpu s19664 r8192 d21296 u49152
[    0.000000] Kernel command line: console=ttyS0,115200 earlycon
[    0.000000] Dentry cache hash table entries: 8192 (order: 3, 32768 bytes, linear)
[    0.000000] Inode-cache hash table entries: 4096 (order: 2, 16384 bytes, linear)
[    0.000000] Built 1 zonelists, mobility grouping on.  Total pages: 21416
[    0.000000] mem auto-init: stack:off, heap alloc:off, heap free:off
[    0.000000] SLUB: HWalign=64, Order=0-3, MinObjects=0, CPUs=1, Nodes=1
[    0.000000] rcu: Hierarchical RCU implementation.
[    0.000000] rcu: 	RCU restricting CPUs from NR_CPUS=2 to nr_cpu_ids=1.
[    0.000000] 	Tracing variant of Tasks RCU enabled.
[    0.000000] rcu: RCU calculated value of scheduler-enlistment delay is 10 jiffies.
[    0.000000] rcu: Adjusting geometry for rcu_fanout_leaf=16, nr_cpu_ids=1
[    0.000000] RCU Tasks Trace: Setting shift to 0 and lim to 1 rcu_task_cb_adjust=1 rcu_task_cpu_ids=1.
[    0.000000] NR_IRQS: 256
[    0.000000] rcu: srcu_init: Setting srcu_struct sizes based on contention.
[    0.000000] clocksource: MIPS: mask: 0xffffffff max_cycles: 0xffffffff, max_idle_ns: 6370868154 ns
[    0.000106] sched_clock: 32 bits at 300MHz, resolution 3ns, wraps every 7158278654ns
[    0.019177] Calibrating delay loop... 4.42 BogoMIPS (lpj=22144)
[    0.160660] pid_max: default: 32768 minimum: 301
[    2.906203] Mount-cache hash table entries: 1024 (order: 0, 4096 bytes, linear)
[    2.917913] Mountpoint-cache hash table entries: 1024 (order: 0, 4096 bytes, linear)
[    5.037539] rcu: Hierarchical SRCU implementation.
[    5.045230] rcu: 	Max phase no-delay instances is 1000.
[    5.150381] smp: Bringing up secondary CPUs ...
[    5.157689] smp: Brought up 1 node, 1 CPU
[    5.185820] Memory: 62500K/85664K available (8375K kernel code, 658K rwdata, 1772K rodata, 9092K init, 226K bss, 22544K reserved, 0K cma-reserved)
[    5.460543] clocksource: jiffies: mask: 0xffffffff max_cycles: 0xffffffff, max_idle_ns: 19112604462750000 ns
[    5.476095] futex hash table entries: 256 (order: 2, 16384 bytes, linear)
[    7.266139] pinctrl core: initialized pinctrl subsystem
[    7.986752] NET: Registered PF_NETLINK/PF_ROUTE protocol family
[    9.956995] clocksource: Switched to clocksource MIPS
[   12.811427] NET: Registered PF_INET protocol family
[   12.852050] IP idents hash table entries: 2048 (order: 2, 16384 bytes, linear)
[   13.001657] tcp_listen_portaddr_hash hash table entries: 512 (order: 0, 4096 bytes, linear)
[   13.018054] Table-perturb hash table entries: 65536 (order: 6, 262144 bytes, linear)
[   13.031165] TCP established hash table entries: 1024 (order: 0, 4096 bytes, linear)
[   13.049855] TCP bind hash table entries: 1024 (order: 2, 16384 bytes, linear)
[   13.067745] TCP: Hash tables configured (established 1024 bind 1024)
[   13.158982] MPTCP token hash table entries: 256 (order: 0, 4096 bytes, linear)
[   13.219322] UDP hash table entries: 256 (order: 1, 8192 bytes, linear)
[   13.237898] UDP-Lite hash table entries: 256 (order: 1, 8192 bytes, linear)
[   13.402331] NET: Registered PF_UNIX/PF_LOCAL protocol family
[   13.420694] PCI: CLS 0 bytes, default 16
[   17.450042] workingset: timestamp_bits=14 max_order=14 bucket_order=0
[   18.191413] squashfs: version 4.0 (2009/01/31) Phillip Lougher
[   18.201263] jffs2: version 2.2 (NAND) (SUMMARY) (LZMA) (RTIME) (CMODE_PRIORITY) (c) 2001-2006 Red Hat, Inc.
[   21.300554] irq_bcm7120_l2: registered BCM3380 L2 intc (/ubus/periph_intc@14e00048, parent IRQ(s): 1)
[   21.344134] irq_bcm7120_l2: registered BCM3380 L2 intc (/ubus/cmips_intc@151f8048, parent IRQ(s): 1)
[   21.591302] 14e00500.serial: ttyS0 at MMIO 0x14e00500 (irq = 8, base_baud = 1687500) is a bcm63xx_uart
[   21.608330] printk: legacy console [ttyS0] enabled
[   21.608330] printk: legacy console [ttyS0] enabled
[   21.622879] printk: legacy bootconsole [bcm63xx_uart0] disabled
[   21.622879] printk: legacy bootconsole [bcm63xx_uart0] disabled
[   23.353638] NET: Registered PF_INET6 protocol family
[   24.699102] Segment Routing with IPv6
[   24.719821] In-situ OAM (IOAM) with IPv6
[   24.742913] NET: Registered PF_PACKET protocol family
[   25.064795] 8021q: 802.1Q VLAN Support v1.8
[   32.404745] clk: Disabling unused clocks
[   32.412192] PM: genpd: Disabling unused power domains
[   37.861442] Freeing unused kernel image (initmem) memory: 9092K
[   37.871265] This architecture does not have kernel memory protection.
[   37.881551] Run /init as init process
[   71.369671] init: Console is alive
[   72.691931] kmodloader: loading kernel modules from /etc/modules-boot.d/*
[   72.928608] gpio_button_hotplug: loading out-of-tree module taints kernel.
[   73.113766] kmodloader: done loading kernel modules from /etc/modules-boot.d/*
[   73.267356] init: - preinit -
[  100.671575] random: crng init done
Press the [f] key and hit [enter] to enter failsafe mode
Press the [1], [2], [3] or [4] key and hit [enter] to select the debug level
[  148.333508] procd: - early -
[  151.464764] procd: - ubus -
[  153.892013] procd: - init -
Please press Enter to activate this console.
[  224.120091] kmodloader: loading kernel modules from /etc/modules.d/*
[  234.068293] PPP generic driver version 2.4.2
[  234.418906] NET: Registered PF_PPPOX protocol family
[  235.490436] kmodloader: done loading kernel modules from /etc/modules.d/*
ţ
BCM3383A2 
Sync: 0 
MemSize:            128 M
Chip ID:     BCM3383Z-B0

BootLoader Version: 2.4.0alpha18p1 Pre-release Gnu spiboot dual-flash reduced DDR drive linux
Build Date: Aug 14 2012
Build Time: 09:48:58
SPI flash ID 0xc22014, size 1MB, block size 64KB, write buffer 256, flags 0x0
NAND flash: Device size 64 MB, Block size 16 KB, Page size 512 B
Cust key size 128
parameter offset is 43872

Signature/PID: a825

Switch detected: 53125
ProbePhy: Found PHY 0, MDIO on MAC 0, data on MAC 0
Using GMAC0, phy 0

Enet link up: 1G full


Main Menu:
==========
  b) Boot from flash
  c) Check DRAM
  g) Download and run from RAM
  d) Download and save to flash
  e) Erase flash sector
  m) Set mode
  s) Store bootloader parameters to flash
  i) Re-init ethernet
  r) Read memory
  w) Write memory
  j) Jump to arbitrary address
  p) Print flash partition map
  E) Erase flash region/partition
  X) Erase all of flash except the bootloader
  z) Reset

Received packet for invalid session...
Received packet for invalid session...
Received packet for invalid session...
Received packet for invalid session...
Received packet for invalid session...

BCM3383A2 
Sync: 0 
MemSize:            128 M
Chip ID:     BCM3383Z-B0

BootLoader Version: 2.4.0alpha18p1 Pre-release Gnu spiboot dual-flash reduced DDR drive linux
Build Date: Aug 14 2012
Build Time: 09:48:58
SPI flash ID 0xc22014, size 1MB, block size 64KB, write buffer 256, flags 0x0
NAND flash: Device size 64 MB, Block size 16 KB, Page size 512 B
Cust key size 128
parameter offset is 43872

Signature/PID: a825

Switch detected: 53125
ProbePhy: Found PHY 0, MDIO on MAC 0, data on MAC 0
Using GMAC0, phy 0

Enet link up: 1G full


Main Menu:
==========
  b) Boot from flash
  c) Check DRAM
  g) Download and run from RAM
  d) Download and save to flash
  e) Erase flash sector
  m) Set mode
  s) Store bootloader parameters to flash
  i) Re-init ethernet
  r) Read memory
  w) Write memory
  j) Jump to arbitrary address
  p) Print flash partition map
  E) Erase flash region/partition
  X) Erase all of flash except the bootloader
  z) Reset

TFTP Get Selected

Destination: a5f00000

Destination: a5f00000
Starting TFTP of openwrt-ps-irqfallback.bin from 192.168.77.2
Getting openwrt-ps-irqfallback.bin using octet mode


Main Menu:
==========
  b) Boot from flash
  c) Check DRAM
  g) Download and run from RAM
  d) Download and save to flash
  e) Erase flash sector
  m) Set mode
  s) Store bootloader parameters to flash
  i) Re-init ethernet
  r) Read memory
  w) Write memory
  j) Jump to arbitrary address
  p) Print flash partition map
  E) Erase flash region/partition
  X) Erase all of flash except the bootloader
  z) Reset

Tftp timeout...
Tftp timeout...
Received packet for invalid session...
Received packet for invalid session...
Tftp timeout...
.............................................................Received packet for invalid session...
............................................................................................................................................................................................................................................................................................................................................................................................................................................................................................................Received packet for invalid session...
.....................................................................................................................................................................................................................................................................................................................................................................................................................................................................................................Received packet for invalid session...
................................................................................................................................................................................Received packet for invalid session...
